02-01 05:30:49.039   639  1002 I wm_pause_activity: [0,167763937,com.google.android.tvlauncher/.MainActivity,userLeaving=true,pauseBackTasks]
02-01 05:30:49.041   639   663 I am_uid_running: 10094
02-01 05:30:49.042  1538  1538 I wm_on_top_resumed_lost_called: [167763937,com.google.android.tvlauncher.MainActivity,topStateChangedWhenResumed]
02-01 05:30:49.044  1538  1538 I wm_on_paused_called: [167763937,com.google.android.tvlauncher.MainActivity,performPause,1]
02-01 05:30:49.046   639  3838 I wm_add_to_stopping: [0,167763937,com.google.android.tvlauncher/.MainActivity,makeInvisible]
02-01 05:30:49.046   639   660 I sysui_multi_action: [757,803,799,window_time_0,802,786]
02-01 05:30:49.061   639   670 I am_proc_start: [0,30551,10094,com.torserve.pwa,next-top-activity,{com.torserve.pwa/com.torserve.pwa.MainActivity}]
02-01 05:30:49.070   639   739 I input_focus: [Focus leaving 3db7baf com.google.android.tvlauncher/com.google.android.tvlauncher.MainActivity,reason=NO_WINDOW]
02-01 05:30:49.134   639  3838 I am_proc_bound: [0,30551,com.torserve.pwa]
02-01 05:30:49.135   639  3838 I am_uid_active: 10094
02-01 05:30:49.269   639  3838 I wm_restart_activity: [0,53441607,65,com.torserve.pwa/.MainActivity]
02-01 05:30:49.270   639  3838 I wm_set_resumed_activity: [0,com.torserve.pwa/.MainActivity,realStartActivityLocked - onActivityStateChanged]
02-01 05:30:49.443   639  1002 I am_uid_running: 99051
02-01 05:30:49.469   639   670 I am_proc_start: [0,30575,99051,com.google.android.webview:sandboxed_process0:org.chromium.content.app.SandboxedProcessService0:0,,{com.torserve.pwa/org.chromium.content.app.SandboxedProcessService0:0}]
02-01 05:30:49.470   639  3838 I am_proc_bound: [0,30575,com.google.android.webview:sandboxed_process0:org.chromium.content.app.SandboxedProcessService0:0]
02-01 05:30:49.481   639  3838 I am_uid_active: 99051
02-01 05:30:49.483   212   212 I auditd  : avc:  denied  { find } for pid=30575 uid=99051 name=content_capture scontext=u:r:isolated_app:s0:c512,c768 tcontext=u:object_r:content_capture_service:s0 tclass=service_manager permissive=0
02-01 05:30:49.574   639  3838 I am_uid_active: 10057
02-01 05:30:49.578   639   731 I am_unfreeze: [4006,com.google.android.webview:webview_service,6]
02-01 05:30:49.694 30551 30551 I wm_on_create_called: [53441607,com.torserve.pwa.MainActivity,performCreate,383]
02-01 05:30:49.710 30551 30551 I wm_on_start_called: [53441607,com.torserve.pwa.MainActivity,handleStartActivity,3]
02-01 05:30:49.719 30551 30551 I wm_on_resume_called: [53441607,com.torserve.pwa.MainActivity,RESUME_ACTIVITY,8]
02-01 05:30:49.764 30551 30551 I wm_on_top_resumed_gained_called: [53441607,com.torserve.pwa.MainActivity,topStateChangedWhenResumed]
02-01 05:30:49.795   639   664 I input_focus: [Focus request 7a44de7 com.torserve.pwa/com.torserve.pwa.MainActivity,reason=UpdateInputWindows]
02-01 05:30:49.879 30551 30551 I viewroot_draw_event: [VRI[MainActivity],reportDrawFinished seqId=0]
02-01 05:30:49.901   639   660 I sysui_multi_action: [319,1046,322,1036,325,51844,757,761,758,7,759,2,806,com.torserve.pwa,871,com.torserve.pwa.MainActivity,904,com.google.android.tvlauncher,905,0,945,288,1320,12,1321,1]
02-01 05:30:49.902   639   660 I wm_activity_launch_time: [0,53441607,com.torserve.pwa/.MainActivity,1036]
02-01 05:30:49.904  1028  1095 I jank_cuj_events_begin_request: [128,1769913049899605000,51845446506679,51845446507346,]
02-01 05:30:49.938   639   739 I input_focus: [Focus entering 7a44de7 com.torserve.pwa/com.torserve.pwa.MainActivity,reason=Window became focusable. Previous reason: NOT_VISIBLE]
02-01 05:30:50.302  1028  1095 I jank_cuj_events_end_request: [128,1769913050302288000,51845849134471,51845849134513]
02-01 05:30:50.308   639   663 I wm_stop_activity: [0,167763937,com.google.android.tvlauncher/.MainActivity]
02-01 05:30:50.327  1538  1538 I viewroot_draw_event: [VRI[MainActivity],Not drawing due to not visible. Reason=!mAppVisible && !mForceDecorViewVisibility]
02-01 05:30:50.338  1538  1538 I wm_on_stop_called: [167763937,com.google.android.tvlauncher.MainActivity,STOP_ACTIVITY_ITEM,9]
02-01 05:30:54.028   639   739 I input_interaction: Interaction with: 7a44de7 com.torserve.pwa/com.torserve.pwa.MainActivity, PointerEventDispatcher0, 
02-01 05:30:59.918   639   731 I am_freeze: [4006,com.google.android.webview:webview_service]
02-01 05:31:09.073   639   731 I am_freeze: [2528,com.android.vending:background]
02-01 05:31:09.078   639   731 I am_freeze: [4166,com.android.vending]
02-01 05:31:09.079   639   731 I am_freeze: [3145,com.android.vending:quick_launch]
02-01 05:31:09.080   639   731 I am_freeze: [2428,com.android.vending:instant_app_installer]
02-01 05:31:09.133   639   731 I am_compact: [2528,com.android.vending:background,ANON,92408,52684,38828,28672,-10112,0,-10112,9984,53,FULL,51689906,905,19,133276,-3604]
02-01 05:31:09.230   639   731 I am_compact: [4166,com.android.vending,ANON,126656,71592,50968,29048,-22400,-256,-22144,21888,97,FULL,51689960,905,19,136880,-8508]
02-01 05:31:09.677   639   938 I netstats_mobile_sample: [0,0,0,0,0,0,0,0,1769913069621]
02-01 05:31:09.677   639   938 I netstats_wifi_sample: [0,0,0,0,0,0,0,0,1769913069621]
02-01 05:31:09.958   639   731 I am_unfreeze: [4166,com.android.vending,6]
02-01 05:31:09.959   639   731 I am_unfreeze: [2528,com.android.vending:background,6]
02-01 05:31:20.098   639   731 I am_freeze: [4166,com.android.vending]
02-01 05:31:20.101   639   731 I am_freeze: [2528,com.android.vending:background]
02-01 05:31:20.155   639   731 I am_compact: [4166,com.android.vending,ANON,123120,71336,47688,32496,-18944,0,-18944,18688,52,FULL,51864777,905,19,141292,-7584]
02-01 05:31:24.378   639   731 I am_freeze: [1460,com.android.keychain]
02-01 05:31:24.379   639   731 I am_freeze: [8184,system:ui]
02-01 05:31:24.380   639   731 I am_freeze: [1187,com.android.tv.settings]
02-01 05:31:24.381   639   731 I am_freeze: [2751,com.android.localtransport]
02-01 05:31:24.382   639   731 I am_freeze: [2119,com.android.dynsystem:dynsystem]
02-01 05:31:24.383   639   731 I am_freeze: [2096,com.android.dynsystem]
02-01 05:31:26.245   639   639 I service_manager_stats: [100,30,822442]
02-01 05:31:28.570   639   731 I am_freeze: [1527,com.google.android.gms]
02-01 05:31:28.571   639   731 I am_freeze: [2197,com.google.android.adservices.api]
02-01 05:31:28.643   639   731 I am_compact: [1527,com.google.android.gms,ANON,124540,65956,55384,27236,-26624,0,-26624,26496,72,FULL,51704198,905,19,148876,-10684]
02-01 05:31:49.911   639   669 I am_uid_idle: 10057
02-01 05:31:50.313   639   669 I am_uid_idle: 10052
02-01 05:31:50.313   639   669 I am_uid_idle: 10029
02-01 05:31:59.045   639   669 I am_uid_idle: 10054
02-01 05:32:06.136   639   938 I netstats_mobile_sample: [0,0,0,0,0,0,0,0,1769913126081]
02-01 05:32:06.136   639   938 I netstats_wifi_sample: [0,0,0,0,0,0,0,0,1769913126081]
02-01 05:32:18.561   639   669 I am_uid_idle: 10089
02-01 05:32:30.697   639   938 I netstats_mobile_sample: [0,0,0,0,0,0,0,0,1769913150642]
02-01 05:32:30.697   639   938 I netstats_wifi_sample: [0,0,0,0,0,0,0,0,1769913150642]
02-01 05:32:44.466   639   639 I service_manager_stats: [100,30,78220]
02-01 05:32:44.522   639   938 I netstats_mobile_sample: [0,0,0,0,0,0,0,0,1769913164467]
02-01 05:32:44.522   639   938 I netstats_wifi_sample: [0,0,0,0,0,0,0,0,1769913164467]
02-01 05:32:59.066   639  2808 I am_uid_active: 10089
02-01 05:32:59.068   639   731 I am_unfreeze: [1527,com.google.android.gms,6]
02-01 05:32:59.070   639   731 I am_unfreeze: [2197,com.google.android.adservices.api,6]
02-01 05:33:14.103   639   731 I am_freeze: [1527,com.google.android.gms]
02-01 05:33:14.104   639   731 I am_freeze: [2197,com.google.android.adservices.api]
02-01 05:33:14.130   639   731 I am_compact: [1527,com.google.android.gms,ANON,102140,65956,32984,49508,-4352,0,-4352,4224,25,FULL,51884190,905,19,159440,-328]
02-01 05:33:42.056   639   731 I am_unfreeze: [1836,com.android.externalstorage,19]
02-01 05:33:42.122   639   731 I am_unfreeze: [1472,com.android.tv.provision,19]
02-01 05:33:42.122   639   731 I am_unfreeze: [2020,com.google.android.onetimeinitializer,19]
02-01 05:33:42.122   639   731 I am_unfreeze: [1712,com.android.managedprovisioning,19]
02-01 05:33:42.122   639   731 I am_unfreeze: [2096,com.android.dynsystem,19]
02-01 05:33:42.122   639   731 I am_unfreeze: [2119,com.android.dynsystem:dynsystem,19]
02-01 05:33:42.122   639   731 I am_unfreeze: [2159,com.android.shell,19]
02-01 05:33:42.122   639   731 I am_unfreeze: [2247,com.google.android.federatedcompute,19]
02-01 05:33:42.122   639   731 I am_unfreeze: [2361,com.google.android.ondevicepersonalization.services,19]
02-01 05:33:42.122   639   731 I am_unfreeze: [2659,com.google.android.tv.dfuservice,19]
02-01 05:33:42.122   639   731 I am_unfreeze: [2751,com.android.localtransport,19]
02-01 05:33:42.122   639   731 I am_unfreeze: [1592,android.process.media,19]
02-01 05:33:42.123   639   731 I am_unfreeze: [1796,com.google.android.photopicker,19]
02-01 05:33:42.123   639   731 I am_unfreeze: [1187,com.android.tv.settings,19]
02-01 05:33:42.124   639   731 I am_unfreeze: [2428,com.android.vending:instant_app_installer,19]
02-01 05:33:42.124   639   731 I am_unfreeze: [7685,com.google.android.ext.services:modelDownloaderServiceProcess,19]
02-01 05:33:42.124   639   731 I am_unfreeze: [4446,com.android.tv.frameworkpackagestubs,19]
02-01 05:33:42.124   639   731 I am_unfreeze: [1868,com.android.providers.calendar,19]
02-01 05:33:42.124   639   731 I am_unfreeze: [2227,com.google.android.configupdater,19]
02-01 05:33:42.124   639   731 I am_unfreeze: [8184,system:ui,19]
02-01 05:33:42.124   639   731 I am_unfreeze: [3145,com.android.vending:quick_launch,19]
02-01 05:33:42.124   639   731 I am_unfreeze: [4053,com.google.android.webview:webview_apk,19]
02-01 05:33:42.124   639   731 I am_unfreeze: [3948,com.google.android.gms.ui,19]
02-01 05:33:42.124   639   731 I am_unfreeze: [2539,com.google.android.rkpdapp,19]
02-01 05:33:42.124   639   731 I am_unfreeze: [2502,com.google.android.partnersetup,19]
02-01 05:33:42.125   639   731 I am_unfreeze: [2551,com.google.android.gms.unstable,19]
02-01 05:33:42.125   639   731 I am_unfreeze: [2414,com.google.android.packageinstaller,19]
02-01 05:33:42.125   639   731 I am_unfreeze: [1625,android.process.acore,19]
02-01 05:33:42.125   639   731 I am_unfreeze: [28085,com.google.android.katniss:search,19]
02-01 05:33:42.125   639   731 I am_unfreeze: [1460,com.android.keychain,19]
02-01 05:33:42.125   639   731 I am_unfreeze: [4006,com.google.android.webview:webview_service,19]
02-01 05:33:42.126   639   731 I am_unfreeze: [2528,com.android.vending:background,19]
02-01 05:33:42.126   639   731 I am_unfreeze: [2197,com.google.android.adservices.api,19]
02-01 05:33:42.126   639   731 I am_unfreeze: [4166,com.android.vending,19]
02-01 05:33:42.126   639   731 I am_unfreeze: [1527,com.google.android.gms,19]
02-01 05:33:42.126   639   731 I am_unfreeze: [1909,com.google.android.youtube.tv,19]
02-01 05:33:42.572 30787 30787 I auditd  : type=1400 audit(0.0:54966): avc:  denied  { read } for  comm="lpdumpd" path="/dev/block/vda2" dev="tmpfs" ino=18 scontext=u:r:lpdumpd:s0 tcontext=u:object_r:vd_device:s0 tclass=blk_file permissive=0
02-01 05:33:43.556 30787 30787 I auditd  : type=1400 audit(0.0:54967): avc:  denied  { getattr } for  comm="binder:30787_1" path="/dev/block/vda2" dev="tmpfs" ino=18 scontext=u:r:lpdumpd:s0 tcontext=u:object_r:vd_device:s0 tclass=blk_file permissive=0
02-01 05:33:51.092 30936 30936 I auditd  : type=1400 audit(0.0:54968): avc:  denied  { search } for  comm="binder:516_2" name="/" dev="pstore" ino=5608 scontext=u:r:incidentd:s0 tcontext=u:object_r:pstorefs:s0 tclass=dir permissive=0
02-01 05:33:51.092 30939 30939 I auditd  : type=1400 audit(0.0:54969): avc:  denied  { search } for  comm="binder:516_2" name="/" dev="pstore" ino=5608 scontext=u:r:incidentd:s0 tcontext=u:object_r:pstorefs:s0 tclass=dir permissive=0
02-01 05:33:51.096 30946 30946 I auditd  : type=1400 audit(0.0:54970): avc:  denied  { search } for  comm="binder:516_2" name="/" dev="pstore" ino=5608 scontext=u:r:incidentd:s0 tcontext=u:object_r:pstorefs:s0 tclass=dir permissive=0
02-01 05:33:51.096 30952 30952 I auditd  : type=1400 audit(0.0:54971): avc:  denied  { search } for  comm="binder:516_2" name="/" dev="pstore" ino=5608 scontext=u:r:incidentd:s0 tcontext=u:object_r:pstorefs:s0 tclass=dir permissive=0
02-01 05:33:51.100 30956 30956 I auditd  : type=1400 audit(0.0:54972): avc:  denied  { search } for  comm="binder:516_2" name="/" dev="pstore" ino=5608 scontext=u:r:incidentd:s0 tcontext=u:object_r:pstorefs:s0 tclass=dir permissive=0
02-01 05:33:51.100 30958 30958 I auditd  : type=1400 audit(0.0:54973): avc:  denied  { search } for  comm="binder:516_2" name="/" dev="pstore" ino=5608 scontext=u:r:incidentd:s0 tcontext=u:object_r:pstorefs:s0 tclass=dir permissive=0
02-01 05:33:51.100 30960 30960 I auditd  : type=1400 audit(0.0:54974): avc:  denied  { search } for  comm="binder:516_2" name="/" dev="pstore" ino=5608 scontext=u:r:incidentd:s0 tcontext=u:object_r:pstorefs:s0 tclass=dir permissive=0
02-01 05:33:52.996 31083 31083 I auditd  : type=1400 audit(0.0:54975): avc:  denied  { sys_ptrace } for  comm="ps" capability=19  scontext=u:r:incidentd:s0 tcontext=u:r:incidentd:s0 tclass=capability permissive=0
02-01 05:33:52.996 31083 31083 I auditd  : type=1400 audit(0.0:54976): avc:  denied  { sys_ptrace } for  comm="ps" capability=19  scontext=u:r:incidentd:s0 tcontext=u:r:incidentd:s0 tclass=capability permissive=0
02-01 05:33:52.996 31083 31083 I auditd  : type=1400 audit(0.0:54977): avc:  denied  { sys_ptrace } for  comm="ps" capability=19  scontext=u:r:incidentd:s0 tcontext=u:r:incidentd:s0 tclass=capability permissive=0
02-01 05:33:52.996 31083 31083 I auditd  : type=1400 audit(0.0:54978): avc:  denied  { sys_ptrace } for  comm="ps" capability=19  scontext=u:r:incidentd:s0 tcontext=u:r:incidentd:s0 tclass=capability permissive=0
02-01 05:33:52.996 31083 31083 I auditd  : type=1400 audit(0.0:54979): avc:  denied  { sys_ptrace } for  comm="ps" capability=19  scontext=u:r:incidentd:s0 tcontext=u:r:incidentd:s0 tclass=capability permissive=0
02-01 05:33:53.498   639  5378 I am_meminfo: [223928320,275034112,117993472,347701248,198324224]
02-01 05:33:59.347   639  3838 I commit_sys_config_file: [sync-status,3]
02-01 05:34:01.336   639   639 I auditd  : type=1400 audit(0.0:60200): avc:  denied  { read } for  comm="binder:639_1A" name="u:object_r:system_user_mode_emulation_prop:s0" dev="tmpfs" ino=334 scontext=u:r:system_server:s0 tcontext=u:object_r:system_user_mode_emulation_prop:s0 tclass=file permissive=0
02-01 05:34:03.671   639   731 I am_freeze: [1836,com.android.externalstorage]
02-01 05:34:03.673   639   731 I am_freeze: [1472,com.android.tv.provision]
02-01 05:34:03.675   639   731 I am_freeze: [2020,com.google.android.onetimeinitializer]
02-01 05:34:03.676   639   731 I am_freeze: [1712,com.android.managedprovisioning]
02-01 05:34:03.678   639   731 I am_freeze: [2096,com.android.dynsystem]
02-01 05:34:03.678   639   731 I am_freeze: [2119,com.android.dynsystem:dynsystem]
02-01 05:34:03.679   639   731 I am_freeze: [2159,com.android.shell]
02-01 05:34:03.679   639   731 I am_freeze: [2247,com.google.android.federatedcompute]
02-01 05:34:03.680   639   731 I am_freeze: [2361,com.google.android.ondevicepersonalization.services]
02-01 05:34:03.680   639   731 I am_freeze: [2659,com.google.android.tv.dfuservice]
02-01 05:34:03.681   639   731 I am_freeze: [2751,com.android.localtransport]
02-01 05:34:03.683   639   731 I am_freeze: [1592,android.process.media]
02-01 05:34:03.684   639   731 I am_freeze: [1796,com.google.android.photopicker]
02-01 05:34:03.684   639   731 I am_freeze: [1187,com.android.tv.settings]
02-01 05:34:03.685   639   731 I am_freeze: [2428,com.android.vending:instant_app_installer]
02-01 05:34:03.686   639   731 I am_freeze: [7685,com.google.android.ext.services:modelDownloaderServiceProcess]
02-01 05:34:03.686   639   731 I am_freeze: [4446,com.android.tv.frameworkpackagestubs]
02-01 05:34:03.687   639   731 I am_freeze: [1868,com.android.providers.calendar]
02-01 05:34:03.687   639   731 I am_freeze: [2227,com.google.android.configupdater]
02-01 05:34:03.688   639   731 I am_freeze: [8184,system:ui]
02-01 05:34:03.690   639   731 I am_freeze: [3145,com.android.vending:quick_launch]
02-01 05:34:03.690   639   731 I am_freeze: [4053,com.google.android.webview:webview_apk]
02-01 05:34:03.691   639   731 I am_freeze: [3948,com.google.android.gms.ui]
02-01 05:34:03.692   639   731 I am_freeze: [2539,com.google.android.rkpdapp]
02-01 05:34:03.692   639   731 I am_freeze: [2502,com.google.android.partnersetup]
02-01 05:34:03.692   639   731 I am_freeze: [2551,com.google.android.gms.unstable]
02-01 05:34:03.693   639   731 I am_freeze: [2414,com.google.android.packageinstaller]
02-01 05:34:03.694   639   731 I am_freeze: [1625,android.process.acore]
02-01 05:34:03.695   639   731 I am_freeze: [1460,com.android.keychain]
02-01 05:34:03.695   639   731 I am_freeze: [4006,com.google.android.webview:webview_service]
02-01 05:34:03.696   639   731 I am_freeze: [2528,com.android.vending:background]
02-01 05:34:03.696   639   731 I am_freeze: [2197,com.google.android.adservices.api]
02-01 05:34:03.697   639   731 I am_freeze: [4166,com.android.vending]
02-01 05:34:03.698   639   731 I am_freeze: [1527,com.google.android.gms]
02-01 05:34:03.699   639   731 I am_freeze: [28085,com.google.android.katniss:search]
02-01 05:34:03.700   639   731 I am_freeze: [1909,com.google.android.youtube.tv]
02-01 05:34:03.712   639   731 I am_compact: [1592,android.process.media,ANON,68280,35628,32396,24948,-4096,0,-4096,4096,11,FULL,51689554,955,19,101336,-448]
02-01 05:34:03.722   639   731 I am_compact: [2428,com.android.vending:instant_app_installer,ANON,67964,34980,32728,24800,-4352,0,-4352,4224,9,FULL,51689600,905,19,101784,-1400]
02-01 05:34:03.737   639   731 I am_compact: [3145,com.android.vending:quick_launch,ANON,77668,40864,36548,25456,-7808,0,-7808,7808,15,FULL,51689711,905,19,103184,-3060]
02-01 05:34:03.766   639   731 I am_compact: [3948,com.google.android.gms.ui,ANON,109868,64584,44612,45640,-16512,0,-16512,16512,29,FULL,51689783,925,19,106244,-6168]
02-01 05:34:03.776   639   731 I am_compact: [2539,com.google.android.rkpdapp,ANON,69096,35452,33388,25712,-4992,0,-4992,4992,10,FULL,51689800,925,19,112412,-1740]
02-01 05:34:03.785   639   731 I am_compact: [2502,com.google.android.partnersetup,ANON,67644,34508,32880,25032,-4096,0,-4096,4096,9,FULL,51689814,925,19,114152,-1592]
02-01 05:34:03.801   639   731 I am_compact: [2551,com.google.android.gms.unstable,ANON,85692,48504,36420,49488,-8192,0,-8192,8064,15,FULL,51689839,915,19,115744,-3076]
02-01 05:34:03.812   639   731 I am_compact: [1625,android.process.acore,ANON,69420,35560,33732,23964,-5376,0,-5376,5504,11,FULL,51689865,915,19,118820,-2076]
02-01 05:34:03.835   639   731 I am_compact: [2528,com.android.vending:background,ANON,91320,49868,40556,26416,-12160,0,-12160,12032,22,FULL,51864680,905,19,120896,-4388]
02-01 05:34:03.870   639   731 I am_compact: [4166,com.android.vending,ANON,116664,62120,50704,29512,-22272,0,-22272,22144,35,FULL,51875701,905,19,125284,-8432]
02-01 05:34:03.912   639   731 I am_compact: [1527,com.google.android.gms,ANON,115932,58588,54144,28412,-25728,0,-25728,25728,42,FULL,51989676,905,19,133716,-10152]
02-01 05:34:03.929   639   731 I am_compact: [28085,com.google.android.katniss:search,ANON,102080,62540,38772,25200,-9984,0,-9984,9984,17,FULL,51689986,915,19,143868,-3756]
02-01 05:34:03.948   639   731 I am_compact: [1909,com.google.android.youtube.tv,ANON,85576,46832,38616,42808,-9984,0,-9984,9984,19,FULL,51690013,900,16,147624,-3728]
02-01 05:34:04.101   639   669 I am_uid_idle: 10089
02-01 05:34:13.564   639   731 I am_unfreeze: [1527,com.google.android.gms,6]
02-01 05:34:13.584   639  2039 I am_uid_active: 10089
02-01 05:34:13.586   639   731 I am_unfreeze: [2197,com.google.android.adservices.api,6]
02-01 05:34:26.516  1322 30662 I gtalk_conn_close: [2324,300]
02-01 05:34:28.658   639   731 I am_freeze: [1527,com.google.android.gms]
02-01 05:34:28.659   639   731 I am_freeze: [2197,com.google.android.adservices.api]
02-01 05:34:38.438  1322 30662 I c2dm    : [-2,,1,1]
02-01 05:34:38.670  1322 29300 I gtalk_heartbeat_reset: [590424,173.194.76.188:5228]
02-01 05:34:38.673  1322 29300 I gtalk_connection: 0
02-01 05:34:39.077  1322 29300 I gtalk_conn_close: [2324,0]
02-01 05:34:46.714  1322 29300 I c2dm    : [-2,,1,1]
02-01 05:34:47.050  1322 29300 I gtalk_heartbeat_reset: [590424,173.194.76.188:5228]
02-01 05:34:47.052  1322 29300 I gtalk_connection: 0
02-01 05:35:18.618   639   669 I am_uid_idle: 10089
02-01 05:35:59.123   639   731 I am_unfreeze: [1527,com.google.android.gms,6]
02-01 05:35:59.128   639  2039 I am_uid_active: 10089
02-01 05:35:59.132   639   731 I am_unfreeze: [2197,com.google.android.adservices.api,6]
02-01 05:36:14.171   639   731 I am_freeze: [1527,com.google.android.gms]
02-01 05:36:14.171   639   731 I am_freeze: [2197,com.google.android.adservices.api]
02-01 05:36:14.249   639   731 I am_compact: [1527,com.google.android.gms,ANON,94428,58588,32640,50044,-4480,0,-4480,4480,77,FULL,52039459,905,19,151092,-224]
02-01 05:36:44.580   639   668 I commit_sys_config_file: [batterystats,3]
02-01 05:36:44.584   639   668 I commit_sys_config_file: [batterystats,2]
02-01 05:37:04.159   639   669 I am_uid_idle: 10089
02-01 05:37:13.639   639   731 I am_unfreeze: [1527,com.google.android.gms,6]
02-01 05:37:13.641   639  3061 I am_uid_active: 10089
02-01 05:37:13.650   639   731 I am_unfreeze: [2197,com.google.android.adservices.api,6]
02-01 05:37:13.652   639   668 I commit_sys_config_file: [procstats,8]
02-01 05:37:28.719   639   731 I am_freeze: [1527,com.google.android.gms]
02-01 05:37:28.720   639   731 I am_freeze: [2197,com.google.android.adservices.api]
02-01 05:37:29.346   639   938 I netstats_mobile_sample: [0,0,0,0,0,0,0,0,1769913449290]
02-01 05:37:29.346   639   938 I netstats_wifi_sample: [0,0,0,0,0,0,0,0,1769913449290]
02-01 05:38:18.678   639   669 I am_uid_idle: 10089
02-01 05:38:59.186   639   731 I am_unfreeze: [1527,com.google.android.gms,6]
02-01 05:38:59.188   639  5378 I am_uid_active: 10089
02-01 05:38:59.193   639   731 I am_unfreeze: [2197,com.google.android.adservices.api,6]
02-01 05:39:14.272   639   731 I am_freeze: [1527,com.google.android.gms]
02-01 05:39:14.274   639   731 I am_freeze: [2197,com.google.android.adservices.api]
02-01 05:39:14.308   639   731 I am_compact: [1527,com.google.android.gms,ANON,94812,59100,32512,50044,-4352,0,-4352,4480,33,FULL,52169795,905,19,151164,-144]
02-01 05:39:47.212  1322 30490 I gtalk_conn_close: [2324,300]
02-01 05:40:04.220   639   669 I am_uid_idle: 10089
02-01 05:40:04.828  1322 30490 I c2dm    : [-2,,1,1]
02-01 05:40:04.871   639   731 I am_unfreeze: [1527,com.google.android.gms,6]
02-01 05:40:04.873   639   731 I am_unfreeze: [2197,com.google.android.adservices.api,6]
02-01 05:40:05.130  1322 30490 I gtalk_heartbeat_reset: [590544,66.102.1.188:5228]
02-01 05:40:05.132  1322 30490 I gtalk_connection: 0
02-01 05:40:13.666   639  5378 I am_uid_active: 10089
02-01 05:40:28.739   639   731 I am_freeze: [1527,com.google.android.gms]
02-01 05:40:28.740   639   731 I am_freeze: [2197,com.google.android.adservices.api]
02-01 05:40:28.768   639   731 I am_compact: [1527,com.google.android.gms,ANON,95708,59996,32512,50172,-4352,0,-4352,4480,28,FULL,52349854,905,19,151112,-152]
02-01 05:41:18.697   639   669 I am_uid_idle: 10089
02-01 05:41:59.227   639   731 I am_unfreeze: [1527,com.google.android.gms,6]
02-01 05:41:59.228   639  5378 I am_uid_active: 10089
02-01 05:41:59.229   639   731 I am_unfreeze: [2197,com.google.android.adservices.api,6]
02-01 05:42:14.268   639   731 I am_freeze: [1527,com.google.android.gms]
02-01 05:42:14.268   639   731 I am_freeze: [2197,com.google.android.adservices.api]
02-01 05:42:58.630   639  3539 I commit_sys_config_file: [appops_accesses,8]
02-01 05:43:04.260   639   669 I am_uid_idle: 10089
02-01 05:43:13.703   639   731 I am_unfreeze: [1527,com.google.android.gms,6]
02-01 05:43:13.703   639  5378 I am_uid_active: 10089
02-01 05:43:13.704   639   731 I am_unfreeze: [2197,com.google.android.adservices.api,6]
02-01 05:43:28.778   639   731 I am_freeze: [1527,com.google.android.gms]
02-01 05:43:28.780   639   731 I am_freeze: [2197,com.google.android.adservices.api]
02-01 05:44:18.732   639   669 I am_uid_idle: 10089
02-01 05:44:59.281   639   731 I am_unfreeze: [1527,com.google.android.gms,6]
02-01 05:44:59.285   639  5378 I am_uid_active: 10089
02-01 05:44:59.290   639   731 I am_unfreeze: [2197,com.google.android.adservices.api,6]
02-01 05:45:06.134  1322 31861 I gtalk_conn_close: [2324,301]
02-01 05:45:14.354   639   731 I am_freeze: [1527,com.google.android.gms]
02-01 05:45:14.356   639   731 I am_freeze: [2197,com.google.android.adservices.api]
02-01 05:45:14.391   639   731 I am_compact: [1527,com.google.android.gms,ANON,95708,59996,32512,50428,-4352,0,-4352,4352,34,FULL,52424315,905,19,151084,-208]
02-01 05:45:18.148  1322 31861 I c2dm    : [-2,,1,1]
02-01 05:45:18.447  1322 29300 I gtalk_heartbeat_reset: [590424,64.233.166.188:5228]
02-01 05:45:18.450  1322 29300 I gtalk_connection: 0
02-01 05:46:04.319   639   669 I am_uid_idle: 10089
02-01 05:46:13.735   639   731 I am_unfreeze: [1527,com.google.android.gms,6]
02-01 05:46:13.737   639  5378 I am_uid_active: 10089
02-01 05:46:13.738   639   731 I am_unfreeze: [2197,com.google.android.adservices.api,6]
02-01 05:46:28.770   639   731 I am_freeze: [1527,com.google.android.gms]
02-01 05:46:28.772   639   731 I am_freeze: [2197,com.google.android.adservices.api]
02-01 05:47:14.384   639   661 I wm_task_moved: [1,1,0,1,2]
02-01 05:47:14.384   639   661 I wm_task_to_front: [0,7,0]
02-01 05:47:14.384   639   661 I wm_task_moved: [7,1,0,1,2147483647]
02-01 05:47:14.384   639   661 I wm_focused_root_task: [0,0,1,65,bringingFoundTaskToFront]
02-01 05:47:14.384   639   661 I wm_new_intent: [0,167763937,7,com.google.android.tvlauncher/.MainActivity,android.intent.action.MAIN,NULL,NULL,276824320]
02-01 05:47:14.385   639   661 I wm_pause_activity: [0,53441607,com.torserve.pwa/.MainActivity,userLeaving=true,pauseBackTasks]
02-01 05:47:14.387   639   661 I wm_add_to_stopping: [0,53441607,com.torserve.pwa/.MainActivity,makeInvisible]
02-01 05:47:14.387   639   660 I sysui_multi_action: [757,803,799,window_time_0,802,985]
02-01 05:47:14.391   639   661 I wm_set_resumed_activity: [0,com.google.android.tvlauncher/.MainActivity,resumeTopActivity - onActivityStateChanged]
02-01 05:47:14.392   639   661 I wm_resume_activity: [0,167763937,7,com.google.android.tvlauncher/.MainActivity]
02-01 05:47:14.396   639   664 I input_focus: [Requesting to set focus to null window,reason=UpdateInputWindows]
02-01 05:47:14.398 30551 30551 I wm_on_top_resumed_lost_called: [53441607,com.torserve.pwa.MainActivity,topStateChangedWhenResumed]
02-01 05:47:14.399  1538  1538 I wm_on_restart_called: [167763937,com.google.android.tvlauncher.MainActivity,performRestart,1]
02-01 05:47:14.405   639   663 I am_uid_active: 10052
02-01 05:47:14.406   639   663 I am_uid_active: 10029
02-01 05:47:14.414   639   668 I am_pss  : [30551,10094,com.torserve.pwa,0,0,0,236851200,0,2,1]
02-01 05:47:14.414   639   668 I am_pss  : [30575,99051,com.google.android.webview:sandboxed_process0:org.chromium.content.app.SandboxedProcessService0:0,0,0,0,290848768,0,3,0]
02-01 05:47:14.414   639   668 I am_pss  : [28085,10045,com.google.android.katniss:search,0,0,0,94306304,0,19,0]
02-01 05:47:14.414   639   668 I am_pss  : [28541,10043,com.google.android.apps.mediashell,0,0,0,104849408,0,4,0]
02-01 05:47:14.414   639   668 I am_pss  : [28999,1002,com.google.android.bluetooth,0,0,0,99713024,0,0,0]
02-01 05:47:14.414 30551 30551 I wm_on_paused_called: [53441607,com.torserve.pwa.MainActivity,performPause,4]
02-01 05:47:14.463   639   739 I input_focus: [Focus leaving 7a44de7 com.torserve.pwa/com.torserve.pwa.MainActivity,reason=Waiting for window because NO_WINDOW]
02-01 05:47:14.475  1538  1538 I wm_on_start_called: [167763937,com.google.android.tvlauncher.MainActivity,handleStartActivity,74]
02-01 05:47:14.481  1538  1538 I wm_on_resume_called: [167763937,com.google.android.tvlauncher.MainActivity,RESUME_ACTIVITY,2]
02-01 05:47:14.506   639   664 I input_focus: [Focus request 3db7baf com.google.android.tvlauncher/com.google.android.tvlauncher.MainActivity,reason=UpdateInputWindows]
02-01 05:47:14.520  1538  1538 I viewroot_draw_event: [VRI[MainActivity],Start draw after previous draw not visible]
02-01 05:47:14.577  1538  1538 I viewroot_draw_event: [VRI[MainActivity],reportDrawFinished seqId=0]
02-01 05:47:14.577  1538  1538 I wm_on_top_resumed_gained_called: [167763937,com.google.android.tvlauncher.MainActivity,topStateChangedWhenResumed]
02-01 05:47:14.599   639   660 I sysui_multi_action: [319,211,322,208,325,52829,757,761,758,9,759,2,806,com.google.android.tvlauncher,871,com.google.android.tvlauncher.MainActivity,905,0,1320,4,1321,2]
02-01 05:47:14.623  1028  1095 I jank_cuj_events_begin_request: [128,1769914034621044000,52830167893232,52830167893357,]
02-01 05:47:14.669   639   739 I input_focus: [Focus entering 3db7baf com.google.android.tvlauncher/com.google.android.tvlauncher.MainActivity,reason=Window became focusable. Previous reason: NOT_VISIBLE]
02-01 05:47:14.786  1028  1095 I jank_cuj_events_end_request: [55,1769914034786043000,52830332888857,52830332888982]
02-01 05:47:15.035  1028  1095 I jank_cuj_events_end_request: [128,1769914035035109000,52830581963982,52830581964315]
02-01 05:47:15.037   639   663 I wm_stop_activity: [0,53441607,com.torserve.pwa/.MainActivity]
02-01 05:47:15.065 30551 30551 I viewroot_draw_event: [VRI[MainActivity],Not drawing due to not visible. Reason=!mAppVisible && !mForceDecorViewVisibility]
02-01 05:47:15.083 30551 30551 I wm_on_stop_called: [53441607,com.torserve.pwa.MainActivity,STOP_ACTIVITY_ITEM,0]
02-01 05:47:15.626   639   740 I sysui_multi_action: [757,804,799,power_consecutive_short_tap_count,801,1,802,1]
02-01 05:47:15.627   639   740 I sysui_multi_action: [757,804,799,power_double_tap_interval,801,1786368,802,1]
02-01 05:47:15.627   639   740 I intercept_power: [ACTION_DOWN,0,1]
02-01 05:47:15.717   639   740 I intercept_power: [ACTION_UP,0,0]
02-01 05:47:15.721   639   661 I power_sleep_requested: 0
02-01 05:47:15.826   639   689 I sysui_multi_action: [757,1696,758,6,759,0]
02-01 05:47:16.242   639   689 I wm_pause_activity: [0,167763937,com.google.android.tvlauncher/.MainActivity,userLeaving=false,sleep]
02-01 05:47:16.246   639   639 I screen_toggled: 0
02-01 05:47:16.247   639   639 I sysui_multi_action: [757,804,799,screen_timeout,801,900,802,1]
02-01 05:47:16.247   639   639 I sysui_multi_action: [757,1594,758,4,759,-2147483648,1359,1786949]
02-01 05:47:16.247   639   639 I sysui_multi_action: [757,198,758,2,759,2,1359,620,1695,4]
02-01 05:47:16.247   639   639 I power_screen_state: [0,2,0,0,620]
02-01 05:47:16.247   639   639 I power_screen_broadcast_send: 1
02-01 05:47:16.258  1538  1538 I wm_on_top_resumed_lost_called: [167763937,com.google.android.tvlauncher.MainActivity,topStateChangedWhenResumed]
02-01 05:47:16.267  1538  1538 I wm_on_paused_called: [167763937,com.google.android.tvlauncher.MainActivity,performPause,4]
02-01 05:47:16.267   639  3061 I wm_add_to_stopping: [0,167763937,com.google.android.tvlauncher/.MainActivity,completePauseLocked]
02-01 05:47:16.269   639   660 I sysui_multi_action: [757,803,799,window_time_0,802,2]
02-01 05:47:16.269   639   663 I wm_stop_activity: [0,167763937,com.google.android.tvlauncher/.MainActivity]
02-01 05:47:16.270   639   664 I input_focus: [Requesting to set focus to null window,reason=UpdateInputWindows]
02-01 05:47:16.273   639   639 I battery_saving_stats: [0,1,0,1786961,0,0,51777260,0,0]
02-01 05:47:16.276  1538  1538 I viewroot_draw_event: [VRI[MainActivity],Not drawing due to screen off]
02-01 05:47:16.278   639   639 I device_idle: [1,no activity]
02-01 05:47:16.279   639   639 I device_idle_light: [1,no activity]
02-01 05:47:16.285   639   739 I input_focus: [Focus leaving 3db7baf com.google.android.tvlauncher/com.google.android.tvlauncher.MainActivity,reason=NOT_VISIBLE]
02-01 05:47:16.290   639   731 I am_unfreeze: [1909,com.google.android.youtube.tv,3]
02-01 05:47:16.302  1538  1538 I wm_on_stop_called: [167763937,com.google.android.tvlauncher.MainActivity,STOP_ACTIVITY_ITEM,22]
02-01 05:47:16.309  1538  1538 I viewroot_draw_event: [VRI[MainActivity],Not drawing due to not visible. Reason=!mAppVisible && !mForceDecorViewVisibility]
02-01 05:47:16.339   639   660 I power_screen_broadcast_done: [0,92,1]
02-01 05:47:16.680  1028  1095 I jank_cuj_events_end_request: [55,1769914036680396000,52832227242941,52832227243275]
02-01 05:47:18.767   639   669 I am_uid_idle: 10089
02-01 05:47:43.068   639   731 I am_freeze: [1909,com.google.android.youtube.tv]
02-01 05:47:43.121   639   660 I wm_task_created: 66
02-01 05:47:43.129   639   660 I wm_task_moved: [66,66,0,1,3]
02-01 05:47:43.129   639   660 I wm_task_to_front: [0,66,0]
02-01 05:47:43.129   639   660 I wm_create_task: [0,66,66,0]
02-01 05:47:43.129   639   660 I wm_create_activity: [0,3625549,66,com.android.systemui/.usb.UsbDebuggingActivity,NULL,NULL,NULL,276824064]
02-01 05:47:43.129   639   660 I wm_task_moved: [66,66,0,1,3]
02-01 05:47:43.130   639   660 I wm_restart_activity: [0,3625549,66,com.android.systemui/.usb.UsbDebuggingActivity]
02-01 05:47:43.133   639   660 I wm_set_resumed_activity: [0,com.android.systemui/.usb.UsbDebuggingActivity,realStartActivityLocked - onActivityStateChanged]
02-01 05:47:43.134   639   660 I wm_pause_activity: [0,3625549,com.android.systemui/.usb.UsbDebuggingActivity,userLeaving=true,sleep]
02-01 05:47:43.184   639   731 I am_compact: [1909,com.google.android.youtube.tv,ANON,84016,46832,37056,43900,-8576,0,-8576,8320,106,FULL,52039495,900,16,148220,-288]
02-01 05:47:43.218  1028  1028 I wm_on_create_called: [3625549,com.android.systemui.usb.UsbDebuggingActivity,performCreate,58]
02-01 05:47:43.220  1028  1028 I wm_on_start_called: [3625549,com.android.systemui.usb.UsbDebuggingActivity,handleStartActivity,0]
02-01 05:47:43.221  1028  1028 I wm_on_resume_called: [3625549,com.android.systemui.usb.UsbDebuggingActivity,RESUME_ACTIVITY,0]
02-01 05:47:43.315  1028  1028 I wm_on_top_resumed_gained_called: [3625549,com.android.systemui.usb.UsbDebuggingActivity,topStateChangedWhenResumed]
02-01 05:47:43.315  1028  1028 I wm_on_top_resumed_lost_called: [3625549,com.android.systemui.usb.UsbDebuggingActivity,topStateChangedWhenResumed]
02-01 05:47:43.315  1028  1028 I wm_on_paused_called: [3625549,com.android.systemui.usb.UsbDebuggingActivity,performPause,0]
02-01 05:47:43.315   639  1098 I wm_add_to_stopping: [0,3625549,com.android.systemui/.usb.UsbDebuggingActivity,completePauseLocked]
02-01 05:47:43.316   639   660 I sysui_multi_action: [757,803,799,window_time_0,802,27]
02-01 05:47:43.316   639   663 I sysui_multi_action: [757,1144,758,8,806,com.android.systemui,871,com.android.systemui.usb.UsbDebuggingActivity]
02-01 05:47:43.366  1028  1028 I viewroot_draw_event: [VRI[UsbDebuggingActivity],reportDrawFinished seqId=0]
02-01 05:47:43.367  1028  1028 I viewroot_draw_event: [VRI[UsbDebuggingActivity],Not drawing due to screen off]
02-01 05:47:43.367   639  1113 I wm_stop_activity: [0,3625549,com.android.systemui/.usb.UsbDebuggingActivity]
02-01 05:47:43.369   639   668 I am_pss  : [30551,10094,com.torserve.pwa,0,0,0,233398272,0,15,0]
02-01 05:47:43.369   639   668 I am_pss  : [30575,99051,com.google.android.webview:sandboxed_process0:org.chromium.content.app.SandboxedProcessService0:0,0,0,0,289484800,0,15,0]
02-01 05:47:43.745  1028  1028 I wm_on_stop_called: [3625549,com.android.systemui.usb.UsbDebuggingActivity,STOP_ACTIVITY_ITEM,0]
02-01 05:47:43.747  1028  1028 I viewroot_draw_event: [VRI[UsbDebuggingActivity],Not drawing due to not visible. Reason=View.INVISIBLE]
02-01 05:47:59.354   639   731 I am_unfreeze: [1527,com.google.android.gms,6]
02-01 05:47:59.359   639  1113 I am_uid_active: 10089
02-01 05:47:59.364   639   731 I am_unfreeze: [2197,com.google.android.adservices.api,6]
02-01 05:48:14.418   639   731 I am_freeze: [1527,com.google.android.gms]
02-01 05:48:14.419   639   731 I am_freeze: [2197,com.google.android.adservices.api]
02-01 05:48:14.455   639   731 I am_compact: [1527,com.google.android.gms,ANON,95580,60124,32256,50940,-4096,0,-4096,4096,36,FULL,52709937,905,19,148452,-472]
02-01 05:48:15.041   639   669 I am_uid_idle: 99051
02-01 05:48:15.042   639   669 I am_uid_idle: 10094
02-01 05:48:16.245   639   669 I am_uid_idle: 10052
02-01 05:48:16.245   639   669 I am_uid_idle: 10029
02-01 05:48:25.059   639   731 I am_freeze: [30551,com.torserve.pwa]
02-01 05:48:25.060   639   731 I am_freeze: [30575,com.google.android.webview:sandboxed_process0:org.chromium.content.app.SandboxedProcessService0:0]
02-01 05:48:25.351   639   731 I am_compact: [30551,com.torserve.pwa,ANON,223964,120544,84260,15076,-60928,-2176,-58752,58624,291,SOME,0,900,15,148924,-18872]
02-01 05:48:25.512   639   731 I am_compact: [30575,com.google.android.webview:sandboxed_process0:org.chromium.content.app.SandboxedProcessService0:0,ANON,264444,190368,72740,22416,-42496,0,-42496,42368,161,SOME,0,910,15,167796,-14420]
02-01 05:48:43.272   639   740 I sysui_multi_action: [757,804,799,power_consecutive_short_tap_count,801,1,802,1]
02-01 05:48:43.272   639   740 I sysui_multi_action: [757,804,799,power_double_tap_interval,801,87644,802,1]
02-01 05:48:43.272   639   740 I intercept_power: [ACTION_DOWN,0,1]
02-01 05:48:43.292   639   639 I screen_toggled: 1
02-01 05:48:43.310   639   689 I wm_set_resumed_activity: [0,com.android.systemui/.usb.UsbDebuggingActivity,resumeTopActivity - onActivityStateChanged]
02-01 05:48:43.317   639   639 I power_screen_broadcast_send: 1
02-01 05:48:43.319   639   689 I wm_resume_activity: [0,3625549,66,com.android.systemui/.usb.UsbDebuggingActivity]
02-01 05:48:43.323   639   669 I am_uid_active: 10052
02-01 05:48:43.323   639   669 I am_uid_active: 10029
02-01 05:48:43.325  1538  1538 I wm_on_restart_called: [167763937,com.google.android.tvlauncher.MainActivity,performRestart,0]
02-01 05:48:43.328   639   689 I sysui_multi_action: [757,1696,758,6,759,3]
02-01 05:48:43.330  1028  1028 I wm_on_restart_called: [3625549,com.android.systemui.usb.UsbDebuggingActivity,performRestart,0]
02-01 05:48:43.331  1028  1028 I wm_on_start_called: [3625549,com.android.systemui.usb.UsbDebuggingActivity,handleStartActivity,0]
02-01 05:48:43.333  1028  1028 I wm_on_resume_called: [3625549,com.android.systemui.usb.UsbDebuggingActivity,RESUME_ACTIVITY,0]
02-01 05:48:43.333  1028  1028 I wm_on_top_resumed_gained_called: [3625549,com.android.systemui.usb.UsbDebuggingActivity,topWhenResuming]
02-01 05:48:43.350   639   740 I intercept_power: [ACTION_UP,0,0]
02-01 05:48:43.355   639   664 I input_focus: [Focus request 612546f com.android.systemui/com.android.systemui.usb.UsbDebuggingActivity,reason=UpdateInputWindows]
02-01 05:48:43.361   639   689 I sysui_latency: [5,71]
02-01 05:48:43.367   639   639 I sysui_multi_action: [757,198,758,1,759,1,1359,92,1694,1]
02-01 05:48:43.367   639   639 I power_screen_state: [1,0,0,0,92]
02-01 05:48:43.374  1028  1028 I viewroot_draw_event: [VRI[UsbDebuggingActivity],Start draw after previous draw not visible]
02-01 05:48:43.375  1028  1028 I viewroot_draw_event: [VRI[UsbDebuggingActivity],Resumed drawing after screen turned on]
02-01 05:48:43.398   639   639 I battery_saving_stats: [0,0,0,87125,0,0,992729,0,0]
02-01 05:48:43.402   639   639 I device_idle: [0,screen]
02-01 05:48:43.402   639   639 I device_idle_light: [0,screen]
02-01 05:48:43.402   639   717 I device_idle_off_start: screen
02-01 05:48:43.403   639   717 I device_idle_off_complete: 
02-01 05:48:43.425  1028  1028 I viewroot_draw_event: [VRI[UsbDebuggingActivity],reportDrawFinished seqId=0]
02-01 05:48:43.426  1028  1028 I viewroot_draw_event: [VRI[UsbDebuggingActivity],Not drawing due to screen off]
02-01 05:48:43.437  1028  1028 I viewroot_draw_event: [VRI[UsbDebuggingActivity],Resumed drawing after screen turned on]
02-01 05:48:43.444   639   731 I am_unfreeze: [1909,com.google.android.youtube.tv,3]
02-01 05:48:43.449  1538  1538 I wm_on_start_called: [167763937,com.google.android.tvlauncher.MainActivity,handleStartActivity,124]
02-01 05:48:43.457   639   668 I am_pss  : [30551,10094,com.torserve.pwa,0,0,0,166948864,0,15,1]
02-01 05:48:43.457   639   668 I am_pss  : [30575,99051,com.google.android.webview:sandboxed_process0:org.chromium.content.app.SandboxedProcessService0:0,0,0,0,227274752,0,15,0]
02-01 05:48:43.468   639   660 I power_screen_broadcast_done: [1,152,1]
02-01 05:48:43.471  1538  1538 I viewroot_draw_event: [VRI[MainActivity],Start draw after previous draw not visible]
02-01 05:48:43.471  1538  1538 I viewroot_draw_event: [VRI[MainActivity],Resumed drawing after screen turned on]
02-01 05:48:43.536  1538  1538 I viewroot_draw_event: [VRI[MainActivity],reportDrawFinished seqId=0]
02-01 05:48:43.552   639   664 I wm_dim_created: [Task=66,1347]
02-01 05:48:43.552   639   664 I wm_dim_cancel_anim: [1347,new target values]
02-01 05:48:43.552   639   664 I wm_dim_animate: [1347,0.600000,0.000000]
02-01 05:48:43.565   639   739 I input_focus: [Focus entering 612546f com.android.systemui/com.android.systemui.usb.UsbDebuggingActivity,reason=Window became focusable. Previous reason: NOT_VISIBLE]
02-01 05:48:43.702   639   664 I wm_dim_finish_anim: 1347
02-01 05:48:44.956   639   739 I input_interaction: Interaction with: 612546f com.android.systemui/com.android.systemui.usb.UsbDebuggingActivity, PointerEventDispatcher0, 
02-01 05:48:45.054   639  5169 I wm_finish_activity: [0,3625549,66,com.android.systemui/.usb.UsbDebuggingActivity,app-request]
02-01 05:48:45.054   639  5169 I wm_task_moved: [1,1,0,1,3]
02-01 05:48:45.054   639  5169 I wm_task_to_front: [0,7,0]
02-01 05:48:45.054   639  5169 I wm_task_moved: [7,1,0,1,2147483647]
02-01 05:48:45.054   639  5169 I wm_focused_root_task: [0,0,1,-1,finish-top adjustFocusToNextFocusableTask]
02-01 05:48:45.054   639  5169 I wm_pause_activity: [0,3625549,com.android.systemui/.usb.UsbDebuggingActivity,userLeaving=false,finish]
02-01 05:48:45.068   639   664 I wm_dim_exit: [1347,-,1,0]
02-01 05:48:45.068   639   664 I wm_dim_cancel_anim: [1347,new target values]
02-01 05:48:45.068   639   664 I wm_dim_animate: [1347,0.000000,0.000000]
02-01 05:48:45.068  1028  1028 I wm_on_top_resumed_lost_called: [3625549,com.android.systemui.usb.UsbDebuggingActivity,topStateChangedWhenResumed]
02-01 05:48:45.069  1028  1028 I wm_on_paused_called: [3625549,com.android.systemui.usb.UsbDebuggingActivity,performPause,0]
02-01 05:48:45.069   639  5169 I wm_add_to_stopping: [0,3625549,com.android.systemui/.usb.UsbDebuggingActivity,completeFinishing]
02-01 05:48:45.070   639  5169 I wm_set_resumed_activity: [0,com.google.android.tvlauncher/.MainActivity,resumeTopActivity - onActivityStateChanged]
02-01 05:48:45.071   639  5169 I wm_resume_activity: [0,167763937,7,com.google.android.tvlauncher/.MainActivity]
02-01 05:48:45.071   639   660 I sysui_multi_action: [757,803,799,window_time_0,802,62]
02-01 05:48:45.073   639   664 I input_focus: [Focus request 3db7baf com.google.android.tvlauncher/com.google.android.tvlauncher.MainActivity,reason=UpdateInputWindows]
02-01 05:48:45.076  1538  1538 I wm_on_resume_called: [167763937,com.google.android.tvlauncher.MainActivity,RESUME_ACTIVITY,4]
02-01 05:48:45.076  1538  1538 I wm_on_top_resumed_gained_called: [167763937,com.google.android.tvlauncher.MainActivity,topWhenResuming]
02-01 05:48:45.087   639   739 I input_focus: [Focus leaving 612546f com.android.systemui/com.android.systemui.usb.UsbDebuggingActivity,reason=NO_WINDOW]
02-01 05:48:45.105   639   739 I input_focus: [Focus entering 3db7baf com.google.android.tvlauncher/com.google.android.tvlauncher.MainActivity,reason=setFocusedWindow]
02-01 05:48:45.220   639   664 I wm_dim_finish_anim: 1347
02-01 05:48:45.220   639   664 I wm_dim_cancel_anim: [1347,ready to remove]
02-01 05:48:45.220   639   664 I wm_dim_removed: 1347
02-01 05:48:45.490   639   663 I wm_destroy_activity: [0,3625549,66,com.android.systemui/.usb.UsbDebuggingActivity,finish-imm:idle]
02-01 05:48:45.508  1028  1028 I viewroot_draw_event: [VRI[UsbDebuggingActivity],Not drawing due to not visible. Reason=!mAppVisible && !mForceDecorViewVisibility]
02-01 05:48:45.509  1028  1028 I wm_on_stop_called: [3625549,com.android.systemui.usb.UsbDebuggingActivity,LIFECYCLER_STOP_ACTIVITY,0]
02-01 05:48:45.510  1028  1028 I wm_on_destroy_called: [3625549,com.android.systemui.usb.UsbDebuggingActivity,performDestroy,0]
02-01 05:48:45.513   639  3837 I wm_task_removed: [66,66,0,removeChild, last child = ActivityRecord{3625549 u0 com.android.systemui/.usb.UsbDebuggingActivity t-1 f}} in Task{72fb102 #66 type=standard A=10068:com.android.systemui}]
02-01 05:48:53.469   639   731 I am_freeze: [1909,com.google.android.youtube.tv]
02-01 05:49:04.393   639   669 I am_uid_idle: 10089
02-01 05:49:12.524   639   639 I auditd  : type=1400 audit(0.0:60201): avc:  denied  { getopt } for  comm="binder:639_19" scontext=u:r:system_server:s0 tcontext=u:r:shell:s0 tclass=unix_stream_socket permissive=0
02-01 05:49:12.524   639   639 I auditd  : type=1400 audit(0.0:60202): avc:  denied  { getopt } for  comm="binder:639_19" scontext=u:r:system_server:s0 tcontext=u:r:shell:s0 tclass=unix_stream_socket permissive=0
02-01 05:49:12.524   639   639 I auditd  : type=1400 audit(0.0:60203): avc:  denied  { getopt } for  comm="binder:639_19" scontext=u:r:system_server:s0 tcontext=u:r:shell:s0 tclass=unix_stream_socket permissive=0
02-01 05:49:12.533   639   662 I commit_sys_config_file: [package-session,5]
02-01 05:49:12.537   639   662 I commit_sys_config_file: [package-session,2]
02-01 05:49:12.560   639   639 I auditd  : type=1400 audit(0.0:60204): avc:  denied  { getopt } for  comm="binder:639_19" scontext=u:r:system_server:s0 tcontext=u:r:shell:s0 tclass=unix_stream_socket permissive=0
02-01 05:49:12.560   639   639 I auditd  : type=1400 audit(0.0:60205): avc:  denied  { getopt } for  comm="binder:639_19" scontext=u:r:system_server:s0 tcontext=u:r:shell:s0 tclass=unix_stream_socket permissive=0
02-01 05:49:12.560   639   639 I auditd  : type=1400 audit(0.0:60206): avc:  denied  { getopt } for  comm="binder:639_19" scontext=u:r:system_server:s0 tcontext=u:r:shell:s0 tclass=unix_stream_socket permissive=0
02-01 05:49:12.560   639   639 I auditd  : type=1400 audit(0.0:60207): avc:  denied  { getopt } for  comm="binder:639_19" scontext=u:r:system_server:s0 tcontext=u:r:shell:s0 tclass=unix_stream_socket permissive=0
02-01 05:49:12.572   639   669 I am_wtf  : [0,3668,system_server,-1,SystemServiceRegistry,No service published for: persistent_data_block]
02-01 05:49:12.573   639   669 I am_wtf  : [0,3668,system_server,-1,SystemServiceRegistry,Manager wrapper not available: persistent_data_block]
02-01 05:49:12.574   639   705 I commit_sys_config_file: [package-session,2]
02-01 05:49:12.587   639   731 I am_unfreeze: [4166,com.android.vending,10]
02-01 05:49:12.595   639   695 I am_uid_active: 10054
02-01 05:49:12.595   639   731 I am_unfreeze: [2528,com.android.vending:background,10]
02-01 05:49:12.595   639   731 I am_unfreeze: [3145,com.android.vending:quick_launch,10]
02-01 05:49:12.603   639   731 I am_unfreeze: [2428,com.android.vending:instant_app_installer,10]
02-01 05:49:12.745   639   731 I am_unfreeze: [1527,com.google.android.gms,6]
02-01 05:49:12.747   639   731 I am_unfreeze: [2197,com.google.android.adservices.api,6]
02-01 05:49:13.761   639  1098 I am_uid_active: 10089
02-01 05:49:13.857   639   662 I commit_sys_config_file: [package-session,6]
02-01 05:49:13.874   639   695 I installer_clear_app_data_caller: [639,1000,com.torserve.pwa,39]
02-01 05:49:13.874   639   695 I installer_clear_app_data_call_stack: [clearAppData,com.android.server.pm.Installer,Installer.java,427]
02-01 05:49:13.874   639   695 I installer_clear_app_data_call_stack: [clearAppDataLeafLIF,com.android.server.pm.AppDataHelper,AppDataHelper.java,572]
02-01 05:49:13.874   639   695 I installer_clear_app_data_call_stack: [clearAppDataLIF,com.android.server.pm.AppDataHelper,AppDataHelper.java,556]
02-01 05:49:13.874   639   695 I installer_clear_app_data_call_stack: [prepPerformDexoptIfNeeded,com.android.server.pm.InstallPackageHelper,InstallPackageHelper.java,1211]
02-01 05:49:13.874   639   695 I installer_clear_app_data_call_stack: [installPackagesTraced,com.android.server.pm.InstallPackageHelper,InstallPackageHelper.java,1049]
02-01 05:49:13.874   639   695 I installer_clear_app_data_call_stack: [installPackagesTraced,com.android.server.pm.PackageManagerService,PackageManagerService.java,8225]
02-01 05:49:13.874   639   695 I installer_clear_app_data_call_stack: [processApkInstallRequests,com.android.server.pm.InstallingSession,InstallingSession.java,557]
02-01 05:49:13.874   639   695 I installer_clear_app_data_call_stack: [processInstallRequests,com.android.server.pm.InstallingSession,InstallingSession.java,543]
02-01 05:49:13.874   639   695 I installer_clear_app_data_call_stack: [lambda$processPendingInstall$0,com.android.server.pm.InstallingSession,InstallingSession.java,304]
02-01 05:49:13.874   639   695 I installer_clear_app_data_call_stack: [$r8$lambda$3YxEVU-qWs8li-YcaWhP_DprQyQ,com.android.server.pm.InstallingSession,InstallingSession.java,0]
02-01 05:49:13.874   639   695 I installer_clear_app_data_call_stack: [run,com.android.server.pm.InstallingSession$$ExternalSyntheticLambda3,R8$$SyntheticClass,0]
