02-01 06:33:50.733   639   731 I am_compact: [1625,android.process.acore,ANON,67852,34152,33572,24484,-5632,0,-5632,5504,15,FULL,53300690,915,19,126476,-1828]
02-01 06:33:50.754   639   731 I am_compact: [2551,com.google.android.gms.unstable,ANON,82008,45176,36192,49648,-8192,0,-8192,8192,21,FULL,54276179,915,19,128304,-3380]
02-01 06:33:50.769   639   731 I am_compact: [2502,com.google.android.partnersetup,ANON,66652,33740,32656,25416,-4224,0,-4224,4096,15,FULL,53300661,915,19,131684,-1540]
02-01 06:33:50.779   639   731 I am_compact: [4006,com.google.android.webview:webview_service,ANON,65892,34160,31348,24856,-3200,0,-3200,3200,10,FULL,55262572,905,19,133224,-1316]
02-01 06:33:50.809   639   731 I am_compact: [2528,com.android.vending:background,ANON,89604,48332,40376,26904,-12160,0,-12160,12032,29,FULL,55281833,905,19,134540,-4288]
02-01 06:33:50.855   639   731 I am_compact: [4166,com.android.vending,ANON,117940,62540,51688,29440,-23680,-128,-23552,23424,45,FULL,55281804,905,19,138828,-8668]
02-01 06:33:50.904   639   731 I am_compact: [1527,com.google.android.gms,ANON,116544,59628,53716,28452,-25856,0,-25856,25856,49,FULL,55590950,905,19,147496,-10428]
02-01 06:33:50.925   639   731 I am_compact: [28085,com.google.android.katniss:search,ANON,90076,51276,38288,25816,-10240,-256,-9984,10112,20,FULL,54849219,915,19,157924,-3728]
02-01 06:33:50.945   639   731 I am_compact: [1909,com.google.android.youtube.tv,ANON,79712,41840,37744,43504,-9728,0,-9728,9856,21,FULL,53300851,900,16,161652,-3664]
02-01 06:34:05.318   639   669 I am_uid_idle: 10089
02-01 06:34:14.693   639   731 I am_unfreeze: [1527,com.google.android.gms,6]
02-01 06:34:14.695   639  3838 I am_uid_active: 10089
02-01 06:34:14.703   639   731 I am_unfreeze: [2197,com.google.android.adservices.api,6]
02-01 06:34:29.824   639   731 I am_freeze: [1527,com.google.android.gms]
02-01 06:34:29.826   639   731 I am_freeze: [2197,com.google.android.adservices.api]
02-01 06:34:29.859   639   731 I am_compact: [1527,com.google.android.gms,ANON,96448,61420,31828,50340,-4096,0,-4096,4096,32,FULL,55626451,905,19,164944,-128]
02-01 06:35:19.769   639   669 I am_uid_idle: 10089
02-01 06:35:49.398  1322  2299 I c2dm    : [-1,,7,6]
02-01 06:36:00.351   639   731 I am_unfreeze: [1527,com.google.android.gms,6]
02-01 06:36:00.354   639  3838 I am_uid_active: 10089
02-01 06:36:00.357   639   731 I am_unfreeze: [2197,com.google.android.adservices.api,6]
02-01 06:36:15.562   639   731 I am_freeze: [1527,com.google.android.gms]
02-01 06:36:15.565   639   731 I am_freeze: [2197,com.google.android.adservices.api]
02-01 06:36:44.591   639   668 I commit_sys_config_file: [batterystats,3]
02-01 06:36:44.599   639   668 I commit_sys_config_file: [batterystats,3]
02-01 06:37:05.527   639   669 I am_uid_idle: 10089
02-01 06:37:14.777   639   731 I am_unfreeze: [1527,com.google.android.gms,6]
02-01 06:37:14.794   639  3061 I am_uid_active: 10089
02-01 06:37:14.800   639   731 I am_unfreeze: [2197,com.google.android.adservices.api,6]
02-01 06:37:14.803   639   668 I commit_sys_config_file: [procstats,7]
02-01 06:37:29.848   639   731 I am_freeze: [1527,com.google.android.gms]
02-01 06:37:29.849   639   731 I am_freeze: [2197,com.google.android.adservices.api]
02-01 06:38:19.831   639   669 I am_uid_idle: 10089
02-01 06:39:00.551   639   731 I am_unfreeze: [1527,com.google.android.gms,6]
02-01 06:39:00.553   639  3061 I am_uid_active: 10089
02-01 06:39:00.557   639   731 I am_unfreeze: [2197,com.google.android.adservices.api,6]
02-01 06:39:15.626   639   731 I am_freeze: [1527,com.google.android.gms]
02-01 06:39:15.627   639   731 I am_freeze: [2197,com.google.android.adservices.api]
02-01 06:39:15.662   639   731 I am_compact: [1527,com.google.android.gms,ANON,97600,61804,32596,49956,-4864,0,-4864,4736,35,FULL,55665405,905,19,164860,-104]
02-01 06:40:05.590   639   669 I am_uid_idle: 10089
02-01 06:40:14.837   639   731 I am_unfreeze: [1527,com.google.android.gms,6]
02-01 06:40:14.840   639  3061 I am_uid_active: 10089
02-01 06:40:14.844   639   731 I am_unfreeze: [2197,com.google.android.adservices.api,6]
02-01 06:40:29.886   639   731 I am_freeze: [1527,com.google.android.gms]
02-01 06:40:29.891   639   731 I am_freeze: [2197,com.google.android.adservices.api]
02-01 06:41:19.879   639   669 I am_uid_idle: 10089
02-01 06:42:00.600   639   731 I am_unfreeze: [1527,com.google.android.gms,6]
02-01 06:42:00.600   639  3061 I am_uid_active: 10089
02-01 06:42:00.602   639   731 I am_unfreeze: [2197,com.google.android.adservices.api,6]
02-01 06:42:15.678   639   731 I am_freeze: [1527,com.google.android.gms]
02-01 06:42:15.685   639   731 I am_freeze: [2197,com.google.android.adservices.api]
02-01 06:42:15.733   639   731 I am_compact: [1527,com.google.android.gms,ANON,97344,62316,31828,50724,-3968,0,-3968,3968,48,FULL,55951209,905,19,164868,-100]
02-01 06:43:05.626   639   669 I am_uid_idle: 10089
02-01 06:43:14.892   639   731 I am_unfreeze: [1527,com.google.android.gms,6]
02-01 06:43:14.894   639  1764 I am_uid_active: 10089
02-01 06:43:14.896   639   731 I am_unfreeze: [2197,com.google.android.adservices.api,6]
02-01 06:43:29.976   639   731 I am_freeze: [1527,com.google.android.gms]
02-01 06:43:29.977   639   731 I am_freeze: [2197,com.google.android.adservices.api]
02-01 06:44:19.935   639   669 I am_uid_idle: 10089
02-01 06:44:44.593  1322  2299 I c2dm    : [-1,,8,7]
02-01 06:44:44.641   639   731 I am_unfreeze: [1527,com.google.android.gms,6]
02-01 06:44:44.648   639   731 I am_unfreeze: [2197,com.google.android.adservices.api,6]
02-01 06:44:44.703   639   731 I am_unfreeze: [2551,com.google.android.gms.unstable,6]
02-01 06:44:44.848  2551  2551 I auditd  : type=1400 audit(0.0:70754): avc:  denied  { read } for  comm="binder:2551_A" name="u:object_r:system_adbd_prop:s0" dev="tmpfs" ino=326 scontext=u:r:gmscore_app:s0:c512,c768 tcontext=u:object_r:system_adbd_prop:s0 tclass=file permissive=0 app=com.google.android.gms
02-01 06:44:44.848  2551  2551 I auditd  : type=1400 audit(0.0:70755): avc:  denied  { read } for  comm="binder:2551_A" name="u:object_r:adbd_prop:s0" dev="tmpfs" ino=50 scontext=u:r:gmscore_app:s0:c512,c768 tcontext=u:object_r:adbd_prop:s0 tclass=file permissive=0 app=com.google.android.gms
02-01 06:44:44.858  2551  4486 I service_manager_stats: [200,20,56280405]
02-01 06:44:48.027   639   731 I am_unfreeze: [2502,com.google.android.partnersetup,3]
02-01 06:44:48.040   639   668 I am_pss  : [28085,10045,com.google.android.katniss:search,0,0,0,81883136,0,11,0]
02-01 06:44:48.040   639   668 I am_pss  : [28541,10043,com.google.android.apps.mediashell,0,0,0,92803072,0,4,0]
02-01 06:44:48.040   639   731 I am_unfreeze: [28085,com.google.android.katniss:search,3]
02-01 06:44:48.192   639   731 I am_unfreeze: [1868,com.android.providers.calendar,3]
02-01 06:44:48.252   639   938 I netstats_mobile_sample: [0,0,0,0,0,0,0,0,1769917488197]
02-01 06:44:48.252   639   938 I netstats_wifi_sample: [0,0,0,0,0,0,0,0,1769917488197]
02-01 06:44:48.535   639   723 I commit_sys_config_file: [settings-4-0,5]
02-01 06:44:58.189   639   731 I am_freeze: [28085,com.google.android.katniss:search]
02-01 06:44:58.236   639   731 I am_compact: [28085,com.google.android.katniss:search,ANON,90496,53836,36148,28248,-8064,0,-8064,7936,46,FULL,55626471,905,19,153184,-184]
02-01 06:44:58.257   639   731 I am_freeze: [1868,com.android.providers.calendar]
02-01 06:44:58.546   639   731 I am_freeze: [2502,com.google.android.partnersetup]
02-01 06:44:59.883   639   731 I am_freeze: [2551,com.google.android.gms.unstable]
02-01 06:44:59.923   639   731 I am_compact: [2551,com.google.android.gms.unstable,ANON,93604,54520,38444,47296,-10496,0,-10496,10496,40,FULL,55626301,905,19,153368,-1448]
02-01 06:45:00.618   639  4973 I am_uid_active: 10089
02-01 06:45:15.652   639   731 I am_freeze: [1527,com.google.android.gms]
02-01 06:45:15.655   639   731 I am_freeze: [2197,com.google.android.adservices.api]
02-01 06:45:15.754   639   731 I am_compact: [1527,com.google.android.gms,ANON,136008,78472,54336,27600,-26240,0,-26240,26112,99,FULL,56131280,905,19,154816,-7300]
02-01 06:46:05.648   639   669 I am_uid_idle: 10089
02-01 06:46:14.945   639   731 I am_unfreeze: [1527,com.google.android.gms,6]
02-01 06:46:14.948   639  5553 I am_uid_active: 10089
02-01 06:46:14.953   639   731 I am_unfreeze: [2197,com.google.android.adservices.api,6]
02-01 06:46:30.039   639   731 I am_freeze: [1527,com.google.android.gms]
02-01 06:46:30.042   639   731 I am_freeze: [2197,com.google.android.adservices.api]
02-01 06:46:48.408   639   731 I am_unfreeze: [3948,com.google.android.gms.ui,3]
02-01 06:46:58.457   639   731 I am_freeze: [3948,com.google.android.gms.ui]
02-01 06:46:58.509   639   731 I am_compact: [3948,com.google.android.gms.ui,ANON,109992,66248,43200,46452,-15616,0,-15616,15488,51,FULL,55626252,925,19,158500,-2016]
02-01 06:47:17.536   639   661 I wm_task_moved: [1,1,0,1,2]
02-01 06:47:17.536   639   661 I wm_task_to_front: [0,7,0]
02-01 06:47:17.536   639   661 I wm_task_moved: [7,1,0,1,2147483647]
02-01 06:47:17.536   639   661 I wm_focused_root_task: [0,0,1,68,bringingFoundTaskToFront]
02-01 06:47:17.537   639   661 I wm_new_intent: [0,167763937,7,com.google.android.tvlauncher/.MainActivity,android.intent.action.MAIN,NULL,NULL,276824320]
02-01 06:47:17.537   639   661 I wm_pause_activity: [0,244256528,com.torserve.pwa/.MainActivity,userLeaving=true,pauseBackTasks]
02-01 06:47:17.538   639   661 I wm_add_to_stopping: [0,244256528,com.torserve.pwa/.MainActivity,makeInvisible]
02-01 06:47:17.539   639   660 I sysui_multi_action: [757,803,799,window_time_0,802,1182]
02-01 06:47:17.541   639   661 I wm_set_resumed_activity: [0,com.google.android.tvlauncher/.MainActivity,resumeTopActivity - onActivityStateChanged]
02-01 06:47:17.542   639   661 I wm_resume_activity: [0,167763937,7,com.google.android.tvlauncher/.MainActivity]
02-01 06:47:17.545  1853  1853 I wm_on_top_resumed_lost_called: [244256528,com.torserve.pwa.MainActivity,topStateChangedWhenResumed]
02-01 06:47:17.549   639   664 I input_focus: [Requesting to set focus to null window,reason=UpdateInputWindows]
02-01 06:47:17.551  1538  1538 I wm_on_restart_called: [167763937,com.google.android.tvlauncher.MainActivity,performRestart,0]
02-01 06:47:17.554   639   663 I am_uid_active: 10052
02-01 06:47:17.555   639   663 I am_uid_active: 10029
02-01 06:47:17.558   639   668 I am_pss  : [1853,10094,com.torserve.pwa,0,0,0,201154560,0,2,0]
02-01 06:47:17.561   639   668 I am_pss  : [1905,99053,com.google.android.webview:sandboxed_process0:org.chromium.content.app.SandboxedProcessService0:0,0,0,0,280973312,0,3,0]
02-01 06:47:17.567  1853  1853 I wm_on_paused_called: [244256528,com.torserve.pwa.MainActivity,performPause,9]
02-01 06:47:17.580   639   739 I input_focus: [Focus leaving f44cc65 com.torserve.pwa/com.torserve.pwa.MainActivity,reason=Waiting for window because NO_WINDOW]
02-01 06:47:17.624  1538  1538 I wm_on_start_called: [167763937,com.google.android.tvlauncher.MainActivity,handleStartActivity,71]
02-01 06:47:17.627  1538  1538 I wm_on_resume_called: [167763937,com.google.android.tvlauncher.MainActivity,RESUME_ACTIVITY,1]
02-01 06:47:17.628  1538  1538 I wm_on_top_resumed_gained_called: [167763937,com.google.android.tvlauncher.MainActivity,topStateChangedWhenResumed]
02-01 06:47:17.645   639   664 I input_focus: [Focus request 3db7baf com.google.android.tvlauncher/com.google.android.tvlauncher.MainActivity,reason=UpdateInputWindows]
02-01 06:47:17.651  1538  1538 I viewroot_draw_event: [VRI[MainActivity],Start draw after previous draw not visible]
02-01 06:47:17.694  1538  1538 I viewroot_draw_event: [VRI[MainActivity],reportDrawFinished seqId=0]
02-01 06:47:17.717   639   660 I sysui_multi_action: [319,175,322,170,325,56433,757,761,758,9,759,2,806,com.google.android.tvlauncher,871,com.google.android.tvlauncher.MainActivity,905,0,1320,4,1321,2]
02-01 06:47:17.723  1028  1095 I jank_cuj_events_begin_request: [128,1769917637723316000,56433270162908,56433270162992,]
02-01 06:47:17.771   639   739 I input_focus: [Focus entering 3db7baf com.google.android.tvlauncher/com.google.android.tvlauncher.MainActivity,reason=Window became focusable. Previous reason: NOT_VISIBLE]
02-01 06:47:17.934  1028  1095 I jank_cuj_events_end_request: [55,1769917637934225000,56433481071200,56433481071283]
02-01 06:47:18.135  1028  1095 I jank_cuj_events_end_request: [128,1769917638134918000,56433681764075,56433681764117]
02-01 06:47:18.138   639   663 I wm_stop_activity: [0,244256528,com.torserve.pwa/.MainActivity]
02-01 06:47:18.172  1853  1853 I viewroot_draw_event: [VRI[MainActivity],Not drawing due to not visible. Reason=!mAppVisible && !mForceDecorViewVisibility]
02-01 06:47:18.187  1853  1853 I wm_on_stop_called: [244256528,com.torserve.pwa.MainActivity,STOP_ACTIVITY_ITEM,2]
02-01 06:47:19.989   639   669 I am_uid_idle: 10089
02-01 06:48:00.662   639   731 I am_unfreeze: [1527,com.google.android.gms,6]
02-01 06:48:00.664   639  1825 I am_uid_active: 10089
02-01 06:48:00.669   639   731 I am_unfreeze: [2197,com.google.android.adservices.api,6]
02-01 06:48:15.708   639   731 I am_freeze: [1527,com.google.android.gms]
02-01 06:48:15.709   639   731 I am_freeze: [2197,com.google.android.adservices.api]
02-01 06:48:18.149   639   669 I am_uid_idle: 99053
02-01 06:48:18.149   639   669 I am_uid_idle: 10094
02-01 06:48:18.152   639   668 I am_pss  : [1853,10094,com.torserve.pwa,0,0,0,203104256,0,15,0]
02-01 06:48:18.152   639   668 I am_pss  : [1905,99053,com.google.android.webview:sandboxed_process0:org.chromium.content.app.SandboxedProcessService0:0,0,0,0,282136576,0,15,0]
02-01 06:48:28.170   639   731 I am_freeze: [1853,com.torserve.pwa]
02-01 06:48:28.172   639   731 I am_freeze: [1905,com.google.android.webview:sandboxed_process0:org.chromium.content.app.SandboxedProcessService0:0]
02-01 06:48:28.311   639   731 I am_compact: [1853,com.torserve.pwa,ANON,194696,104124,71252,27960,-48896,-2560,-46336,46336,136,SOME,0,900,15,160284,-12288]
02-01 06:48:28.405   639   731 I am_compact: [1905,com.google.android.webview:sandboxed_process0:org.chromium.content.app.SandboxedProcessService0:0,ANON,250432,174496,75016,22892,-44928,0,-44928,45056,94,SOME,0,910,15,172572,-14836]
02-01 06:49:05.694   639   669 I am_uid_idle: 10089
02-01 06:49:15.010   639   731 I am_unfreeze: [1527,com.google.android.gms,6]
02-01 06:49:15.012   639  3061 I am_uid_active: 10089
02-01 06:49:15.013   639   731 I am_unfreeze: [2197,com.google.android.adservices.api,6]
02-01 06:49:30.087   639   731 I am_freeze: [1527,com.google.android.gms]
02-01 06:49:30.088   639   731 I am_freeze: [2197,com.google.android.adservices.api]
02-01 06:49:30.117   639   731 I am_compact: [1527,com.google.android.gms,ANON,113992,78472,32320,49616,-4480,0,-4480,4224,28,FULL,56311301,905,19,187396,-1696]
02-01 06:50:20.048   639   669 I am_uid_idle: 10089
02-01 06:50:43.622   639   731 I am_unfreeze: [28085,com.google.android.katniss:search,3]
02-01 06:50:53.642   639   731 I am_freeze: [28085,com.google.android.katniss:search]
02-01 06:50:53.673   639   731 I am_compact: [28085,com.google.android.katniss:search,ANON,87808,54220,32948,31448,-4992,0,-4992,4992,30,FULL,56293783,915,19,189000,-236]
02-01 06:51:00.704   639   731 I am_unfreeze: [1527,com.google.android.gms,6]
02-01 06:51:00.712   639  1825 I am_uid_active: 10089
02-01 06:51:00.716   639   731 I am_unfreeze: [2197,com.google.android.adservices.api,6]
02-01 06:51:15.806   639   731 I am_freeze: [1527,com.google.android.gms]
02-01 06:51:15.806   639   731 I am_freeze: [2197,com.google.android.adservices.api]
02-01 06:52:00.109   639  3539 I commit_sys_config_file: [appops_accesses,7]
02-01 06:52:05.752   639   669 I am_uid_idle: 10089
02-01 06:52:15.075   639   731 I am_unfreeze: [1527,com.google.android.gms,6]
02-01 06:52:15.082   639  3061 I am_uid_active: 10089
02-01 06:52:15.093   639   731 I am_unfreeze: [2197,com.google.android.adservices.api,6]
02-01 06:52:30.135   639   731 I am_freeze: [1527,com.google.android.gms]
02-01 06:52:30.136   639   731 I am_freeze: [2197,com.google.android.adservices.api]
02-01 06:52:30.176   639   731 I am_compact: [1527,com.google.android.gms,ANON,114624,78728,32696,49104,-4864,0,-4864,4864,40,FULL,56565663,905,19,188772,-584]
02-01 06:53:01.828   639   639 I auditd  : type=1400 audit(0.0:70756): avc:  denied  { getopt } for  comm="binder:639_17" scontext=u:r:system_server:s0 tcontext=u:r:shell:s0 tclass=unix_stream_socket permissive=0
02-01 06:53:01.828   639   639 I auditd  : type=1400 audit(0.0:70757): avc:  denied  { getopt } for  comm="binder:639_17" scontext=u:r:system_server:s0 tcontext=u:r:shell:s0 tclass=unix_stream_socket permissive=0
02-01 06:53:01.828   639   639 I auditd  : type=1400 audit(0.0:70758): avc:  denied  { getopt } for  comm="binder:639_17" scontext=u:r:system_server:s0 tcontext=u:r:shell:s0 tclass=unix_stream_socket permissive=0
02-01 06:53:01.838   639   662 I commit_sys_config_file: [package-session,7]
02-01 06:53:01.844   639   662 I commit_sys_config_file: [package-session,2]
02-01 06:53:01.888   639   639 I auditd  : type=1400 audit(0.0:70759): avc:  denied  { getopt } for  comm="binder:639_17" scontext=u:r:system_server:s0 tcontext=u:r:shell:s0 tclass=unix_stream_socket permissive=0
02-01 06:53:01.888   639   639 I auditd  : type=1400 audit(0.0:70760): avc:  denied  { getopt } for  comm="binder:639_17" scontext=u:r:system_server:s0 tcontext=u:r:shell:s0 tclass=unix_stream_socket permissive=0
02-01 06:53:01.888   639   639 I auditd  : type=1400 audit(0.0:70761): avc:  denied  { getopt } for  comm="binder:639_17" scontext=u:r:system_server:s0 tcontext=u:r:shell:s0 tclass=unix_stream_socket permissive=0
02-01 06:53:01.888   639   639 I auditd  : type=1400 audit(0.0:70762): avc:  denied  { getopt } for  comm="binder:639_17" scontext=u:r:system_server:s0 tcontext=u:r:shell:s0 tclass=unix_stream_socket permissive=0
02-01 06:53:01.897   639   669 I am_wtf  : [0,3668,system_server,-1,SystemServiceRegistry,No service published for: persistent_data_block]
02-01 06:53:01.898   639   669 I am_wtf  : [0,3668,system_server,-1,SystemServiceRegistry,Manager wrapper not available: persistent_data_block]
02-01 06:53:01.899   639   705 I commit_sys_config_file: [package-session,2]
02-01 06:53:01.914   639   731 I am_unfreeze: [4166,com.android.vending,10]
02-01 06:53:01.923   639   695 I am_uid_active: 10054
02-01 06:53:01.928   639   731 I am_unfreeze: [2528,com.android.vending:background,10]
02-01 06:53:01.928   639   731 I am_unfreeze: [3145,com.android.vending:quick_launch,10]
02-01 06:53:01.928   639   731 I am_unfreeze: [2428,com.android.vending:instant_app_installer,10]
02-01 06:53:02.073   639   731 I am_unfreeze: [1527,com.google.android.gms,6]
02-01 06:53:02.075   639   731 I am_unfreeze: [2197,com.google.android.adservices.api,6]
02-01 06:53:03.838   639   662 I commit_sys_config_file: [package-session,7]
02-01 06:53:03.869   639   695 I installer_clear_app_data_caller: [639,1000,com.torserve.pwa,39]
02-01 06:53:03.869   639   695 I installer_clear_app_data_call_stack: [clearAppData,com.android.server.pm.Installer,Installer.java,427]
02-01 06:53:03.869   639   695 I installer_clear_app_data_call_stack: [clearAppDataLeafLIF,com.android.server.pm.AppDataHelper,AppDataHelper.java,572]
02-01 06:53:03.869   639   695 I installer_clear_app_data_call_stack: [clearAppDataLIF,com.android.server.pm.AppDataHelper,AppDataHelper.java,556]
02-01 06:53:03.869   639   695 I installer_clear_app_data_call_stack: [prepPerformDexoptIfNeeded,com.android.server.pm.InstallPackageHelper,InstallPackageHelper.java,1211]
02-01 06:53:03.869   639   695 I installer_clear_app_data_call_stack: [installPackagesTraced,com.android.server.pm.InstallPackageHelper,InstallPackageHelper.java,1049]
02-01 06:53:03.869   639   695 I installer_clear_app_data_call_stack: [installPackagesTraced,com.android.server.pm.PackageManagerService,PackageManagerService.java,8225]
02-01 06:53:03.869   639   695 I installer_clear_app_data_call_stack: [processApkInstallRequests,com.android.server.pm.InstallingSession,InstallingSession.java,557]
02-01 06:53:03.869   639   695 I installer_clear_app_data_call_stack: [processInstallRequests,com.android.server.pm.InstallingSession,InstallingSession.java,543]
02-01 06:53:03.869   639   695 I installer_clear_app_data_call_stack: [lambda$processPendingInstall$0,com.android.server.pm.InstallingSession,InstallingSession.java,304]
02-01 06:53:03.869   639   695 I installer_clear_app_data_call_stack: [$r8$lambda$3YxEVU-qWs8li-YcaWhP_DprQyQ,com.android.server.pm.InstallingSession,InstallingSession.java,0]
02-01 06:53:03.869   639   695 I installer_clear_app_data_call_stack: [run,com.android.server.pm.InstallingSession$$ExternalSyntheticLambda3,R8$$SyntheticClass,0]
02-01 06:53:03.869   639   695 I installer_clear_app_data_call_stack: [handleCallback,android.os.Handler,Handler.java,995]
02-01 06:53:03.869   639   695 I installer_clear_app_data_call_stack: [dispatchMessage,android.os.Handler,Handler.java,103]
02-01 06:53:03.869   639   695 I installer_clear_app_data_call_stack: [loopOnce,android.os.Looper,Looper.java,248]
02-01 06:53:03.869   639   695 I installer_clear_app_data_call_stack: [loop,android.os.Looper,Looper.java,338]
02-01 06:53:03.869   639   695 I installer_clear_app_data_call_stack: [run,android.os.HandlerThread,HandlerThread.java,85]
02-01 06:53:03.869   639   695 I installer_clear_app_data_call_stack: [run,com.android.server.ServiceThread,ServiceThread.java,49]
02-01 06:53:03.941   639   695 I commit_sys_config_file: [package,11]
02-01 06:53:03.952   639   695 I unknown_sources_enabled: 1
02-01 06:53:03.955   639   693 I commit_sys_config_file: [package-user-0,14]
02-01 06:53:03.974   639   669 I am_uid_stopped: 10094
02-01 06:53:03.975   639   669 I am_kill : [0,1853,com.torserve.pwa,900,stop com.torserve.pwa due to installPackageLI,145800]
02-01 06:53:03.981   639   731 I am_unfreeze: [1905,com.google.android.webview:sandboxed_process0:org.chromium.content.app.SandboxedProcessService0:0,5]
02-01 06:53:03.989   639   669 I wm_finish_activity: [0,244256528,68,com.torserve.pwa/.MainActivity,proc died without state saved]
02-01 06:53:03.993   639   669 I wm_task_removed: [68,68,0,removeChild, last child = ActivityRecord{244256528 u0 com.torserve.pwa/.MainActivity t-1 f}} in Task{fe07a09 #68 type=standard A=10094:com.torserve.pwa}]
02-01 06:53:03.996   639   669 I am_kill : [0,1905,com.google.android.webview:sandboxed_process0:org.chromium.content.app.SandboxedProcessService0:0,0,isolated not needed,207168]
02-01 06:53:03.997   639   668 I am_pss  : [28999,1002,com.google.android.bluetooth,0,0,0,89645056,0,0,0]
02-01 06:53:04.011  1538  1538 I force_gc: bg
02-01 06:53:04.016  1527  1527 I force_gc: bg
02-01 06:53:04.019   639   639 I force_gc: bg
02-01 06:53:04.031  4166  4166 I force_gc: bg
02-01 06:53:04.117   639   731 I am_unfreeze: [1460,com.android.keychain,10]
02-01 06:53:04.130  1538  1538 I force_gc: bg
02-01 06:53:04.171   639   731 I am_unfreeze: [8184,system:ui,10]
02-01 06:53:04.171   639   731 I am_unfreeze: [1187,com.android.tv.settings,10]
02-01 06:53:04.171   639   731 I am_unfreeze: [2751,com.android.localtransport,10]
02-01 06:53:04.171   639   731 I am_unfreeze: [2119,com.android.dynsystem:dynsystem,10]
02-01 06:53:04.189   639   731 I am_unfreeze: [2096,com.android.dynsystem,10]
02-01 06:53:04.180   639   639 I auditd  : type=1400 audit(0.0:70763): avc:  denied  { getopt } for  comm="binder:639_17" scontext=u:r:system_server:s0 tcontext=u:r:shell:s0 tclass=unix_stream_socket permissive=0
02-01 06:53:04.180   639   639 I auditd  : type=1400 audit(0.0:70764): avc:  denied  { getopt } for  comm="binder:639_17" scontext=u:r:system_server:s0 tcontext=u:r:shell:s0 tclass=unix_stream_socket permissive=0
02-01 06:53:04.180   639   639 I auditd  : type=1400 audit(0.0:70765): avc:  denied  { getopt } for  comm="binder:639_17" scontext=u:r:system_server:s0 tcontext=u:r:shell:s0 tclass=unix_stream_socket permissive=0
02-01 06:53:04.205   639   705 I commit_sys_config_file: [package-session,24]
02-01 06:53:04.206   639   662 I commit_sys_config_file: [package-session,25]
02-01 06:53:04.232   639   639 I notification_cancel_all: [1000,639,com.torserve.pwa,0,0,0,5,NULL]
02-01 06:53:04.265   639  1013 I am_proc_died: [0,1905,com.google.android.webview:sandboxed_process0:org.chromium.content.app.SandboxedProcessService0:0,0,10]
02-01 06:53:04.265   639  1013 I am_uid_stopped: 99053
02-01 06:53:04.302   639   639 I notification_cancel_all: [1000,639,com.torserve.pwa,0,0,0,5,NULL]
02-01 06:53:08.210   639   739 I input_interaction: Interaction with: 3db7baf com.google.android.tvlauncher/com.google.android.tvlauncher.MainActivity, PointerEventDispatcher0, 
02-01 06:53:08.336   639  5378 I wm_task_created: 69
02-01 06:53:08.339   639  5378 I wm_task_moved: [69,69,0,1,2]
02-01 06:53:08.339   639  5378 I wm_task_to_front: [0,69,0]
02-01 06:53:08.339   639  5378 I wm_create_task: [0,69,69,0]
02-01 06:53:08.339   639  5378 I wm_create_activity: [0,41208795,69,com.torserve.pwa/.MainActivity,android.intent.action.MAIN,NULL,NULL,268435456]
02-01 06:53:08.339   639  5378 I wm_task_moved: [69,69,0,1,2]
02-01 06:53:08.339   639  5378 I wm_pause_activity: [0,167763937,com.google.android.tvlauncher/.MainActivity,userLeaving=true,pauseBackTasks]
02-01 06:53:08.341   639   663 I am_uid_running: 10094
02-01 06:53:08.343  1538  1538 I wm_on_top_resumed_lost_called: [167763937,com.google.android.tvlauncher.MainActivity,topStateChangedWhenResumed]
02-01 06:53:08.344  1538  1538 I wm_on_paused_called: [167763937,com.google.android.tvlauncher.MainActivity,performPause,1]
02-01 06:53:08.345   639  2019 I wm_add_to_stopping: [0,167763937,com.google.android.tvlauncher/.MainActivity,makeInvisible]
02-01 06:53:08.345   639   660 I sysui_multi_action: [757,803,799,window_time_0,802,350]
02-01 06:53:08.469   639   739 I input_focus: [Focus leaving 3db7baf com.google.android.tvlauncher/com.google.android.tvlauncher.MainActivity,reason=NO_WINDOW]
02-01 06:53:08.471   639   670 I am_proc_start: [0,3999,10094,com.torserve.pwa,next-top-activity,{com.torserve.pwa/com.torserve.pwa.MainActivity}]
02-01 06:53:08.548   639  2019 I am_proc_bound: [0,3999,com.torserve.pwa]
02-01 06:53:08.550   639  2019 I am_uid_active: 10094
02-01 06:53:08.661   639  5378 I wm_restart_activity: [0,41208795,69,com.torserve.pwa/.MainActivity]
02-01 06:53:08.661   639  5378 I wm_set_resumed_activity: [0,com.torserve.pwa/.MainActivity,realStartActivityLocked - onActivityStateChanged]
02-01 06:53:08.822   639  2019 I am_uid_running: 99054
02-01 06:53:08.840   639  5378 I am_proc_start: [0,4082,99054,com.google.android.webview:sandboxed_process0:org.chromium.content.app.SandboxedProcessService0:0,,{com.torserve.pwa/org.chromium.content.app.SandboxedProcessService0:0}]
02-01 06:53:08.840   639  5378 I am_proc_bound: [0,4082,com.google.android.webview:sandboxed_process0:org.chromium.content.app.SandboxedProcessService0:0]
02-01 06:53:08.848   639  1899 I am_uid_active: 99054
02-01 06:53:08.849   212   212 I auditd  : avc:  denied  { find } for pid=4082 uid=99054 name=content_capture scontext=u:r:isolated_app:s0:c512,c768 tcontext=u:object_r:content_capture_service:s0 tclass=service_manager permissive=0
02-01 06:53:08.918   639  5378 I am_uid_active: 10057
02-01 06:53:08.920   639   731 I am_unfreeze: [4006,com.google.android.webview:webview_service,6]
02-01 06:53:09.014  3999  3999 I wm_on_create_called: [41208795,com.torserve.pwa.MainActivity,performCreate,313]
02-01 06:53:09.026  3999  3999 I wm_on_start_called: [41208795,com.torserve.pwa.MainActivity,handleStartActivity,2]
02-01 06:53:09.032  3999  3999 I wm_on_resume_called: [41208795,com.torserve.pwa.MainActivity,RESUME_ACTIVITY,4]
02-01 06:53:09.092  3999  3999 I wm_on_top_resumed_gained_called: [41208795,com.torserve.pwa.MainActivity,topStateChangedWhenResumed]
02-01 06:53:09.106   639   664 I input_focus: [Focus request ddab37b com.torserve.pwa/com.torserve.pwa.MainActivity,reason=UpdateInputWindows]
02-01 06:53:09.155  3999  3999 I viewroot_draw_event: [VRI[MainActivity],reportDrawFinished seqId=0]
02-01 06:53:09.165   639   660 I sysui_multi_action: [319,831,322,823,325,56783,757,761,758,7,759,2,806,com.torserve.pwa,871,com.torserve.pwa.MainActivity,904,com.google.android.tvlauncher,905,0,945,216,1320,12,1321,1]
02-01 06:53:09.165   639   660 I wm_activity_launch_time: [0,41208795,com.torserve.pwa/.MainActivity,823]
02-01 06:53:09.171  1028  1095 I jank_cuj_events_begin_request: [128,1769917989171514000,56784718360576,56784718360743,]
02-01 06:53:09.219   639   739 I input_focus: [Focus entering ddab37b com.torserve.pwa/com.torserve.pwa.MainActivity,reason=Window became focusable. Previous reason: NOT_VISIBLE]
02-01 06:53:09.585  1028  1095 I jank_cuj_events_end_request: [128,1769917989585008000,56785131855784,56785131855868]
02-01 06:53:09.590   639   663 I wm_stop_activity: [0,167763937,com.google.android.tvlauncher/.MainActivity]
02-01 06:53:09.607  1538  1538 I viewroot_draw_event: [VRI[MainActivity],Not drawing due to not visible. Reason=!mAppVisible && !mForceDecorViewVisibility]
02-01 06:53:09.610  1538  1538 I wm_on_stop_called: [167763937,com.google.android.tvlauncher.MainActivity,STOP_ACTIVITY_ITEM,2]
02-01 06:53:13.266   639   739 I input_interaction: Interaction with: ddab37b com.torserve.pwa/com.torserve.pwa.MainActivity, PointerEventDispatcher0, 
02-01 06:53:19.220   639   731 I am_freeze: [4006,com.google.android.webview:webview_service]
02-01 06:53:24.271   639   668 I am_pss  : [1527,10053,com.google.android.gms,0,0,0,140976128,0,3,1]
02-01 06:53:24.271   639   668 I am_pss  : [2197,10089,com.google.android.adservices.api,0,0,0,67809280,0,3,0]
02-01 06:53:28.066  1333  1333 I viewroot_draw_event: [VRI[InputMethod],Start draw after previous draw not visible]
02-01 06:53:28.182  1333  1333 I viewroot_draw_event: [VRI[InputMethod],reportDrawFinished seqId=0]
02-01 06:53:28.246  1333  1333 I viewroot_draw_event: [VRI[InputMethod],reportDrawFinished seqId=0]
02-01 06:53:28.263  3999  4257 I jank_cuj_events_begin_request: [80,1769918008262590000,56803809521002,56803809521668,0@0@com.torserve.pwa]
02-01 06:53:28.502  3999  4257 I jank_cuj_events_end_request: [80,1769918008501474000,56804048322168,56804048322293]
02-01 06:53:28.975   639   731 I am_freeze: [2528,com.android.vending:background]
02-01 06:53:28.977   639   731 I am_freeze: [4166,com.android.vending]
02-01 06:53:28.979   639   731 I am_freeze: [3145,com.android.vending:quick_launch]
02-01 06:53:28.980   639   731 I am_freeze: [2428,com.android.vending:instant_app_installer]
02-01 06:53:29.016   639   731 I am_compact: [2528,com.android.vending:background,ANON,87936,49484,37556,29432,-9728,0,-9728,9728,36,FULL,55626355,905,19,126588,-2948]
02-01 06:53:29.105   639   731 I am_compact: [4166,com.android.vending,ANON,128876,73320,51844,30320,-23808,-128,-23680,23296,88,FULL,55626401,905,19,129536,-9184]
02-01 06:53:29.813   639   731 I am_unfreeze: [4166,com.android.vending,6]
02-01 06:53:29.816   639   731 I am_unfreeze: [2528,com.android.vending:background,6]
02-01 06:53:34.287   639   731 I am_freeze: [1527,com.google.android.gms]
02-01 06:53:34.288   639   731 I am_freeze: [2197,com.google.android.adservices.api]
02-01 06:53:34.415   639   731 I am_compact: [1527,com.google.android.gms,ANON,137672,80568,53776,28856,-25728,0,-25728,25472,127,FULL,56745723,905,19,132896,-7288]
02-01 06:53:39.499  1322  3987 I c2dm    : [-1,,9,8]
02-01 06:53:39.947   639   731 I am_freeze: [4166,com.android.vending]
02-01 06:53:39.948   639   731 I am_freeze: [2528,com.android.vending:background]
02-01 06:53:39.993   639   731 I am_compact: [4166,com.android.vending,ANON,124532,73344,47476,32632,-19456,0,-19456,19328,44,FULL,56804651,905,19,140184,-7664]
02-01 06:53:44.098   639   731 I am_freeze: [1460,com.android.keychain]
02-01 06:53:44.098   639   731 I am_freeze: [8184,system:ui]
02-01 06:53:44.099   639   731 I am_freeze: [1187,com.android.tv.settings]
02-01 06:53:44.100   639   731 I am_freeze: [2751,com.android.localtransport]
02-01 06:53:44.102   639   731 I am_freeze: [2119,com.android.dynsystem:dynsystem]
02-01 06:53:44.103   639   731 I am_freeze: [2096,com.android.dynsystem]
02-01 06:54:00.108   639   740 I wm_set_resumed_activity: [0,com.torserve.pwa/.MainActivity,setFocusedTask-alreadyTop]
02-01 06:54:00.109   639   740 I sysui_multi_action: [757,803,799,key_back_press,802,1]
02-01 06:54:00.122  3999  4257 I jank_cuj_events_begin_request: [81,1769918040121835000,56835668711392,56835668711600,1@0@com.torserve.pwa]
02-01 06:54:00.338  3999  4257 I jank_cuj_events_end_request: [81,1769918040338369000,56835885220934,56835885221017]
02-01 06:54:00.767   639   731 I am_unfreeze: [1527,com.google.android.gms,6]
02-01 06:54:00.772   639   731 I am_unfreeze: [2197,com.google.android.adservices.api,6]
02-01 06:54:00.873  1333  1333 I viewroot_draw_event: [VRI[InputMethod],Not drawing due to not visible. Reason=View.GONE]
02-01 06:54:09.208   639   669 I am_uid_idle: 10057
02-01 06:54:09.593   639   669 I am_uid_idle: 10052
02-01 06:54:09.593   639   669 I am_uid_idle: 10029
02-01 06:54:15.823   639   731 I am_freeze: [1527,com.google.android.gms]
02-01 06:54:15.825   639   731 I am_freeze: [2197,com.google.android.adservices.api]
02-01 06:54:18.935   639   669 I am_uid_idle: 10054
02-01 06:54:48.304   639  2019 I am_proc_died: [0,28085,com.google.android.katniss:search,915,19]
02-01 06:54:48.312   639  5553 I am_proc_died: [0,27678,com.google.android.katniss:interactor,100,5]
02-01 06:54:48.315   639  5553 I am_schedule_service_restart: [0,com.google.android.katniss/.search.serviceapi.KatnissVoiceInteractionService,1000]
02-01 06:54:48.316   639  5553 I am_uid_stopped: 10045
02-01 06:54:49.319   639   669 I am_uid_running: 10045
02-01 06:54:49.353   639   670 I am_proc_start: [0,4268,10045,com.google.android.katniss:interactor,service,{com.google.android.katniss/com.google.android.katniss.search.serviceapi.KatnissVoiceInteractionService}]
02-01 06:54:49.399   639  3838 I am_proc_bound: [0,4268,com.google.android.katniss:interactor]
02-01 06:54:49.556   639   731 I am_unfreeze: [1527,com.google.android.gms,6]
02-01 06:54:49.566   639   731 I am_unfreeze: [2197,com.google.android.adservices.api,6]
02-01 06:54:49.609   639  5553 I am_uid_active: 10045
02-01 06:55:14.751   639   731 I am_freeze: [1527,com.google.android.gms]
02-01 06:55:14.752   639   731 I am_freeze: [2197,com.google.android.adservices.api]
02-01 06:55:14.787   639   731 I am_compact: [1527,com.google.android.gms,ANON,116808,80696,32784,49720,-4992,0,-4992,4864,35,FULL,56809962,905,19,145728,-108]
02-01 06:55:15.144   639   731 I am_unfreeze: [1527,com.google.android.gms,6]
02-01 06:55:15.149   639   731 I am_unfreeze: [2197,com.google.android.adservices.api,6]
02-01 06:55:30.216   639   731 I am_freeze: [1527,com.google.android.gms]
02-01 06:55:30.217   639   731 I am_freeze: [2197,com.google.android.adservices.api]
02-01 06:55:41.941  1333  1333 I viewroot_draw_event: [VRI[InputMethod],Start draw after previous draw not visible]
02-01 06:55:41.995  1333  1333 I viewroot_draw_event: [VRI[InputMethod],reportDrawFinished seqId=0]
02-01 06:55:42.054  1333  1333 I viewroot_draw_event: [VRI[InputMethod],reportDrawFinished seqId=0]
02-01 06:55:42.073  3999  4257 I jank_cuj_events_begin_request: [80,1769918142065943000,56937612792899,56937612793107,0@0@com.torserve.pwa]
02-01 06:55:42.284  3999  4257 I jank_cuj_events_end_request: [80,1769918142284650000,56937831498399,56937831498566]
02-01 06:55:44.778   639   740 I wm_set_resumed_activity: [0,com.torserve.pwa/.MainActivity,setFocusedTask-alreadyTop]
02-01 06:55:44.778   639   740 I sysui_multi_action: [757,803,799,key_back_press,802,1]
02-01 06:55:44.784  3999  4257 I jank_cuj_events_begin_request: [81,1769918144783418000,56940330266650,56940330266942,1@0@com.torserve.pwa]
02-01 06:55:45.002  3999  4257 I jank_cuj_events_end_request: [81,1769918145001900000,56940548749942,56940548750567]
02-01 06:55:45.521  1333  1333 I viewroot_draw_event: [VRI[InputMethod],Not drawing due to not visible. Reason=View.GONE]
02-01 06:56:07.196  1333  1333 I viewroot_draw_event: [VRI[InputMethod],Start draw after previous draw not visible]
02-01 06:56:07.214  1333  1333 I viewroot_draw_event: [VRI[InputMethod],reportDrawFinished seqId=0]
02-01 06:56:07.227  1333  1333 I viewroot_draw_event: [VRI[InputMethod],reportDrawFinished seqId=0]
02-01 06:56:07.290  3999  4257 I jank_cuj_events_begin_request: [80,1769918167290690000,56962837539077,56962837539244,0@0@com.torserve.pwa]
02-01 06:56:07.501  3999  4257 I jank_cuj_events_end_request: [80,1769918167501268000,56963048123369,56963048123661]
02-01 06:56:08.579   639   938 I netstats_mobile_sample: [0,0,0,0,0,0,0,0,1769918168524]
02-01 06:56:08.579   639   938 I netstats_wifi_sample: [0,0,0,0,0,0,0,0,1769918168524]
02-01 06:56:20.181   639   669 I am_uid_idle: 10089
02-01 06:56:28.082   639   740 I wm_set_resumed_activity: [0,com.torserve.pwa/.MainActivity,setFocusedTask-alreadyTop]
02-01 06:56:28.083   639   740 I sysui_multi_action: [757,803,799,key_back_press,802,1]
02-01 06:56:28.095  3999  4257 I jank_cuj_events_begin_request: [81,1769918188095598000,56983642456712,56983642457087,1@0@com.torserve.pwa]
02-01 06:56:28.302  3999  4257 I jank_cuj_events_end_request: [81,1769918188302088000,56983848935754,56983848935837]
02-01 06:56:28.859  1333  1333 I viewroot_draw_event: [VRI[InputMethod],Not drawing due to not visible. Reason=View.GONE]
02-01 06:56:58.468   639   639 I service_manager_stats: [100,42,1391512]
02-01 06:57:00.813   639   731 I am_unfreeze: [1527,com.google.android.gms,6]
02-01 06:57:00.815   639  1098 I am_uid_active: 10089
02-01 06:57:00.818   639   731 I am_unfreeze: [2197,com.google.android.adservices.api,6]
02-01 06:57:15.885   639   731 I am_freeze: [1527,com.google.android.gms]
02-01 06:57:15.886   639   731 I am_freeze: [2197,com.google.android.adservices.api]
02-01 06:57:15.911   639   731 I am_compact: [1527,com.google.android.gms,ANON,116552,80696,32528,49976,-4736,0,-4736,4736,24,FULL,56910334,905,19,139132,-1788]
02-01 06:58:05.841   639   669 I am_uid_idle: 10089
02-01 06:58:06.838   639   639 I service_manager_stats: [100,28,68370]
02-01 06:58:15.194   639   731 I am_unfreeze: [1527,com.google.android.gms,6]
02-01 06:58:15.196   639  1098 I am_uid_active: 10089
02-01 06:58:15.201   639   731 I am_unfreeze: [2197,com.google.android.adservices.api,6]
02-01 06:58:30.279   639   731 I am_freeze: [1527,com.google.android.gms]
02-01 06:58:30.280   639   731 I am_freeze: [2197,com.google.android.adservices.api]
02-01 06:59:09.097   639   731 I am_unfreeze: [1836,com.android.externalstorage,19]
02-01 06:59:09.149   639   731 I am_unfreeze: [1472,com.android.tv.provision,19]
02-01 06:59:09.149   639   731 I am_unfreeze: [2020,com.google.android.onetimeinitializer,19]
02-01 06:59:09.149   639   731 I am_unfreeze: [1712,com.android.managedprovisioning,19]
02-01 06:59:09.149   639   731 I am_unfreeze: [2096,com.android.dynsystem,19]
02-01 06:59:09.149   639   731 I am_unfreeze: [2119,com.android.dynsystem:dynsystem,19]
02-01 06:59:09.149   639   731 I am_unfreeze: [2159,com.android.shell,19]
02-01 06:59:09.150   639   731 I am_unfreeze: [2247,com.google.android.federatedcompute,19]
02-01 06:59:09.152   639   731 I am_unfreeze: [2361,com.google.android.ondevicepersonalization.services,19]
02-01 06:59:09.152   639   731 I am_unfreeze: [2659,com.google.android.tv.dfuservice,19]
02-01 06:59:09.152   639   731 I am_unfreeze: [2751,com.android.localtransport,19]
02-01 06:59:09.152   639   731 I am_unfreeze: [1592,android.process.media,19]
02-01 06:59:09.152   639   731 I am_unfreeze: [1796,com.google.android.photopicker,19]
02-01 06:59:09.152   639   731 I am_unfreeze: [1187,com.android.tv.settings,19]
02-01 06:59:09.153   639   731 I am_unfreeze: [2428,com.android.vending:instant_app_installer,19]
02-01 06:59:09.153   639   731 I am_unfreeze: [7685,com.google.android.ext.services:modelDownloaderServiceProcess,19]
02-01 06:59:09.153   639   731 I am_unfreeze: [4446,com.android.tv.frameworkpackagestubs,19]
02-01 06:59:09.153   639   731 I am_unfreeze: [2227,com.google.android.configupdater,19]
02-01 06:59:09.153   639   731 I am_unfreeze: [8184,system:ui,19]
02-01 06:59:09.156   639   731 I am_unfreeze: [3145,com.android.vending:quick_launch,19]
02-01 06:59:09.157   639   731 I am_unfreeze: [4053,com.google.android.webview:webview_apk,19]
02-01 06:59:09.157   639   731 I am_unfreeze: [2539,com.google.android.rkpdapp,19]
02-01 06:59:09.157   639   731 I am_unfreeze: [2414,com.google.android.packageinstaller,19]
02-01 06:59:09.157   639   731 I am_unfreeze: [1625,android.process.acore,19]
02-01 06:59:09.157   639   731 I am_unfreeze: [1868,com.android.providers.calendar,19]
02-01 06:59:09.158   639   731 I am_unfreeze: [2502,com.google.android.partnersetup,19]
02-01 06:59:09.158   639   731 I am_unfreeze: [2551,com.google.android.gms.unstable,19]
02-01 06:59:09.158   639   731 I am_unfreeze: [3948,com.google.android.gms.ui,19]
02-01 06:59:09.158   639   731 I am_unfreeze: [1460,com.android.keychain,19]
02-01 06:59:09.158   639   731 I am_unfreeze: [4006,com.google.android.webview:webview_service,19]
02-01 06:59:09.158   639   731 I am_unfreeze: [2528,com.android.vending:background,19]
02-01 06:59:09.158   639   731 I am_unfreeze: [4166,com.android.vending,19]
02-01 06:59:09.158   639   731 I am_unfreeze: [2197,com.google.android.adservices.api,19]
02-01 06:59:09.158   639   731 I am_unfreeze: [1527,com.google.android.gms,19]
02-01 06:59:09.158   639   731 I am_unfreeze: [1909,com.google.android.youtube.tv,19]
02-01 06:59:09.624  4506  4506 I auditd  : type=1400 audit(0.0:70766): avc:  denied  { read } for  comm="lpdumpd" path="/dev/block/vda2" dev="tmpfs" ino=18 scontext=u:r:lpdumpd:s0 tcontext=u:object_r:vd_device:s0 tclass=blk_file permissive=0
02-01 06:59:10.604  4506  4506 I auditd  : type=1400 audit(0.0:70767): avc:  denied  { getattr } for  comm="binder:4506_1" path="/dev/block/vda2" dev="tmpfs" ino=18 scontext=u:r:lpdumpd:s0 tcontext=u:object_r:vd_device:s0 tclass=blk_file permissive=0
02-01 06:59:18.280  4676  4676 I auditd  : type=1400 audit(0.0:70768): avc:  denied  { search } for  comm="binder:516_2" name="/" dev="pstore" ino=5608 scontext=u:r:incidentd:s0 tcontext=u:object_r:pstorefs:s0 tclass=dir permissive=0
02-01 06:59:18.284  4685  4685 I auditd  : type=1400 audit(0.0:70769): avc:  denied  { search } for  comm="binder:516_2" name="/" dev="pstore" ino=5608 scontext=u:r:incidentd:s0 tcontext=u:object_r:pstorefs:s0 tclass=dir permissive=0
02-01 06:59:18.284  4688  4688 I auditd  : type=1400 audit(0.0:70770): avc:  denied  { search } for  comm="binder:516_2" name="/" dev="pstore" ino=5608 scontext=u:r:incidentd:s0 tcontext=u:object_r:pstorefs:s0 tclass=dir permissive=0
02-01 06:59:18.288  4691  4691 I auditd  : type=1400 audit(0.0:70771): avc:  denied  { search } for  comm="binder:516_2" name="/" dev="pstore" ino=5608 scontext=u:r:incidentd:s0 tcontext=u:object_r:pstorefs:s0 tclass=dir permissive=0
02-01 06:59:18.292  4693  4693 I auditd  : type=1400 audit(0.0:70772): avc:  denied  { search } for  comm="binder:516_2" name="/" dev="pstore" ino=5608 scontext=u:r:incidentd:s0 tcontext=u:object_r:pstorefs:s0 tclass=dir permissive=0
02-01 06:59:19.948  4842  4842 I auditd  : type=1400 audit(0.0:70775): avc:  denied  { sys_ptrace } for  comm="ps" capability=19  scontext=u:r:incidentd:s0 tcontext=u:r:incidentd:s0 tclass=capability permissive=0
02-01 06:59:19.948  4842  4842 I auditd  : type=1400 audit(0.0:70776): avc:  denied  { sys_ptrace } for  comm="ps" capability=19  scontext=u:r:incidentd:s0 tcontext=u:r:incidentd:s0 tclass=capability permissive=0
02-01 06:59:19.948  4842  4842 I auditd  : type=1400 audit(0.0:70777): avc:  denied  { sys_ptrace } for  comm="ps" capability=19  scontext=u:r:incidentd:s0 tcontext=u:r:incidentd:s0 tclass=capability permissive=0
02-01 06:59:19.948  4842  4842 I auditd  : type=1400 audit(0.0:70778): avc:  denied  { sys_ptrace } for  comm="ps" capability=19  scontext=u:r:incidentd:s0 tcontext=u:r:incidentd:s0 tclass=capability permissive=0
02-01 06:59:19.948  4842  4842 I auditd  : type=1400 audit(0.0:70779): avc:  denied  { sys_ptrace } for  comm="ps" capability=19  scontext=u:r:incidentd:s0 tcontext=u:r:incidentd:s0 tclass=capability permissive=0
02-01 06:59:20.229   639   669 I am_uid_idle: 10089
02-01 06:59:20.427   639  4973 I am_meminfo: [206946304,287633408,119730176,347086848,187945984]
02-01 06:59:21.623   639   938 I netstats_mobile_sample: [0,0,0,0,0,0,0,0,1769918361568]
02-01 06:59:21.623   639   938 I netstats_wifi_sample: [0,0,0,0,0,0,0,0,1769918361568]
02-01 06:59:26.316   639  3837 I commit_sys_config_file: [sync-status,3]
02-01 06:59:28.628   639   639 I auditd  : type=1400 audit(0.0:75928): avc:  denied  { read } for  comm="binder:639_19" name="u:object_r:system_user_mode_emulation_prop:s0" dev="tmpfs" ino=334 scontext=u:r:system_server:s0 tcontext=u:object_r:system_user_mode_emulation_prop:s0 tclass=file permissive=0
02-01 06:59:30.567   639   731 I am_freeze: [1836,com.android.externalstorage]
02-01 06:59:30.568   639   731 I am_freeze: [1472,com.android.tv.provision]
02-01 06:59:30.569   639   731 I am_freeze: [2020,com.google.android.onetimeinitializer]
02-01 06:59:30.570   639   731 I am_freeze: [1712,com.android.managedprovisioning]
02-01 06:59:30.571   639   731 I am_freeze: [2096,com.android.dynsystem]
02-01 06:59:30.572   639   731 I am_freeze: [2119,com.android.dynsystem:dynsystem]
02-01 06:59:30.572   639   731 I am_freeze: [2159,com.android.shell]
02-01 06:59:30.573   639   731 I am_freeze: [2247,com.google.android.federatedcompute]
02-01 06:59:30.574   639   731 I am_freeze: [2361,com.google.android.ondevicepersonalization.services]
02-01 06:59:30.575   639   731 I am_freeze: [2659,com.google.android.tv.dfuservice]
02-01 06:59:30.575   639   731 I am_freeze: [2751,com.android.localtransport]
02-01 06:59:30.576   639   731 I am_freeze: [1592,android.process.media]
02-01 06:59:30.577   639   731 I am_freeze: [1796,com.google.android.photopicker]
02-01 06:59:30.578   639   731 I am_freeze: [1187,com.android.tv.settings]
02-01 06:59:30.579   639   731 I am_freeze: [2428,com.android.vending:instant_app_installer]
02-01 06:59:30.579   639   731 I am_freeze: [7685,com.google.android.ext.services:modelDownloaderServiceProcess]
02-01 06:59:30.580   639   731 I am_freeze: [4446,com.android.tv.frameworkpackagestubs]
02-01 06:59:30.581   639   731 I am_freeze: [2227,com.google.android.configupdater]
02-01 06:59:30.581   639   731 I am_freeze: [8184,system:ui]
02-01 06:59:30.582   639   731 I am_freeze: [3145,com.android.vending:quick_launch]
02-01 06:59:30.583   639   731 I am_freeze: [4053,com.google.android.webview:webview_apk]
02-01 06:59:30.584   639   731 I am_freeze: [2539,com.google.android.rkpdapp]
02-01 06:59:30.584   639   731 I am_freeze: [2414,com.google.android.packageinstaller]
02-01 06:59:30.585   639   731 I am_freeze: [1625,android.process.acore]
02-01 06:59:30.585   639   731 I am_freeze: [1868,com.android.providers.calendar]
02-01 06:59:30.586   639   731 I am_freeze: [2502,com.google.android.partnersetup]
02-01 06:59:30.587   639   731 I am_freeze: [2551,com.google.android.gms.unstable]
02-01 06:59:30.588   639   731 I am_freeze: [3948,com.google.android.gms.ui]
02-01 06:59:30.588   639   731 I am_freeze: [1460,com.android.keychain]
02-01 06:59:30.588   639   731 I am_freeze: [4006,com.google.android.webview:webview_service]
02-01 06:59:30.589   639   731 I am_freeze: [2528,com.android.vending:background]
02-01 06:59:30.590   639   731 I am_freeze: [4166,com.android.vending]
02-01 06:59:30.590   639   731 I am_freeze: [2197,com.google.android.adservices.api]
02-01 06:59:30.592   639   731 I am_freeze: [1527,com.google.android.gms]
02-01 06:59:30.592   639   731 I am_freeze: [1909,com.google.android.youtube.tv]
02-01 06:59:30.606   639   731 I am_compact: [1472,com.android.tv.provision,ANON,60236,29296,30684,24472,-2688,0,-2688,2816,12,FULL,31621022,975,19,98680,-108]
02-01 06:59:30.616   639   731 I am_compact: [2659,com.google.android.tv.dfuservice,ANON,59260,28160,30844,24576,-2816,0,-2816,2688,10,FULL,31621037,955,19,98788,-492]
02-01 06:59:30.628   639   731 I am_compact: [1592,android.process.media,ANON,65124,32812,32056,25516,-3968,0,-3968,3968,12,FULL,53300511,955,19,99280,-1080]
02-01 06:59:30.637   639   731 I am_compact: [1187,com.android.tv.settings,ANON,63088,31240,31592,25872,-3584,0,-3584,3584,9,FULL,53300525,905,19,100360,-1116]
02-01 06:59:30.646   639   731 I am_compact: [2428,com.android.vending:instant_app_installer,ANON,63740,31140,32344,25312,-4352,0,-4352,4224,9,FULL,55626185,905,19,101476,-1428]
02-01 06:59:30.654   639   731 I am_compact: [8184,system:ui,ANON,65264,33848,31288,27944,-3328,0,-3328,3328,8,FULL,53300582,905,19,102904,-1260]
02-01 06:59:30.671   639   731 I am_compact: [3145,com.android.vending:quick_launch,ANON,71452,35232,35964,25960,-8064,0,-8064,7936,17,FULL,55626207,905,19,104164,-3056]
02-01 06:59:30.678   639   731 I am_compact: [4053,com.google.android.webview:webview_apk,ANON,71568,40088,31224,25768,-3200,0,-3200,3072,7,FULL,53300608,935,19,107220,-1032]
02-01 06:59:30.689   639   731 I am_compact: [2539,com.google.android.rkpdapp,ANON,64888,31740,32892,26328,-4992,0,-4992,4992,11,FULL,55626265,925,19,108252,-1672]
02-01 06:59:30.701   639   731 I am_compact: [1625,android.process.acore,ANON,66392,33000,33264,24600,-5504,0,-5504,5504,12,FULL,55626280,925,19,109924,-2084]
02-01 06:59:30.711   639   731 I am_compact: [2502,com.google.android.partnersetup,ANON,64672,32204,32212,25544,-4096,0,-4096,4096,10,FULL,55626316,915,19,112008,-1500]
