02-01 05:49:13.874   639   695 I installer_clear_app_data_call_stack: [handleCallback,android.os.Handler,Handler.java,995]
02-01 05:49:13.874   639   695 I installer_clear_app_data_call_stack: [dispatchMessage,android.os.Handler,Handler.java,103]
02-01 05:49:13.874   639   695 I installer_clear_app_data_call_stack: [loopOnce,android.os.Looper,Looper.java,248]
02-01 05:49:13.874   639   695 I installer_clear_app_data_call_stack: [loop,android.os.Looper,Looper.java,338]
02-01 05:49:13.874   639   695 I installer_clear_app_data_call_stack: [run,android.os.HandlerThread,HandlerThread.java,85]
02-01 05:49:13.874   639   695 I installer_clear_app_data_call_stack: [run,com.android.server.ServiceThread,ServiceThread.java,49]
02-01 05:49:13.937   639   695 I commit_sys_config_file: [package,10]
02-01 05:49:13.939   639   695 I unknown_sources_enabled: 1
02-01 05:49:13.943   639   693 I commit_sys_config_file: [package-user-0,6]
02-01 05:49:13.975   639   669 I am_uid_stopped: 10094
02-01 05:49:13.976   639   669 I am_kill : [0,30551,com.torserve.pwa,900,stop com.torserve.pwa due to installPackageLI,163036]
02-01 05:49:13.980   639   731 I am_unfreeze: [30575,com.google.android.webview:sandboxed_process0:org.chromium.content.app.SandboxedProcessService0:0,5]
02-01 05:49:13.984   639   669 I wm_finish_activity: [0,53441607,65,com.torserve.pwa/.MainActivity,proc died without state saved]
02-01 05:49:13.986   639   669 I wm_task_removed: [65,65,0,removeChild, last child = ActivityRecord{53441607 u0 com.torserve.pwa/.MainActivity t-1 f}} in Task{68c5474 #65 type=standard A=10094:com.torserve.pwa}]
02-01 05:49:13.987   639   669 I am_kill : [0,30575,com.google.android.webview:sandboxed_process0:org.chromium.content.app.SandboxedProcessService0:0,0,isolated not needed,222716]
02-01 05:49:13.996  1538  1538 I force_gc: bg
02-01 05:49:13.996  4166  4166 I force_gc: bg
02-01 05:49:13.996   639   639 I force_gc: bg
02-01 05:49:14.077   639   662 I commit_sys_config_file: [package-session,20]
02-01 05:49:14.077   639   731 I am_unfreeze: [1460,com.android.keychain,10]
02-01 05:49:14.079  1538  1538 I force_gc: bg
02-01 05:49:14.083   639   954 I service_manager_stats: [100,28,989617]
02-01 05:49:14.085   639   705 I commit_sys_config_file: [package-session,28]
02-01 05:49:14.084   639   639 I auditd  : type=1400 audit(0.0:60208): avc:  denied  { getopt } for  comm="binder:639_19" scontext=u:r:system_server:s0 tcontext=u:r:shell:s0 tclass=unix_stream_socket permissive=0
02-01 05:49:14.084   639   639 I auditd  : type=1400 audit(0.0:60209): avc:  denied  { getopt } for  comm="binder:639_19" scontext=u:r:system_server:s0 tcontext=u:r:shell:s0 tclass=unix_stream_socket permissive=0
02-01 05:49:14.084   639   639 I auditd  : type=1400 audit(0.0:60210): avc:  denied  { getopt } for  comm="binder:639_19" scontext=u:r:system_server:s0 tcontext=u:r:shell:s0 tclass=unix_stream_socket permissive=0
02-01 05:49:14.110   639   731 I am_unfreeze: [8184,system:ui,10]
02-01 05:49:14.110   639   731 I am_unfreeze: [1187,com.android.tv.settings,10]
02-01 05:49:14.110   639   731 I am_unfreeze: [2751,com.android.localtransport,10]
02-01 05:49:14.110   639   731 I am_unfreeze: [2119,com.android.dynsystem:dynsystem,10]
02-01 05:49:14.110   639   731 I am_unfreeze: [2096,com.android.dynsystem,10]
02-01 05:49:14.140   639   639 I notification_cancel_all: [1000,639,com.torserve.pwa,0,0,0,5,NULL]
02-01 05:49:14.161   639   639 I notification_cancel_all: [1000,639,com.torserve.pwa,0,0,0,5,NULL]
02-01 05:49:14.219   639   654 I am_proc_died: [0,30575,com.google.android.webview:sandboxed_process0:org.chromium.content.app.SandboxedProcessService0:0,0,10]
02-01 05:49:14.220   639   654 I am_uid_stopped: 99051
02-01 05:49:20.052   639   739 I input_interaction: Interaction with: 3db7baf com.google.android.tvlauncher/com.google.android.tvlauncher.MainActivity, PointerEventDispatcher0, 
02-01 05:49:20.230   639  1825 I wm_task_created: 67
02-01 05:49:20.231   639  1825 I wm_task_moved: [67,67,0,1,2]
02-01 05:49:20.231   639  1825 I wm_task_to_front: [0,67,0]
02-01 05:49:20.231   639  1825 I wm_create_task: [0,67,67,0]
02-01 05:49:20.231   639  1825 I wm_create_activity: [0,64698568,67,com.torserve.pwa/.MainActivity,android.intent.action.MAIN,NULL,NULL,268435456]
02-01 05:49:20.231   639  1825 I wm_task_moved: [67,67,0,1,2]
02-01 05:49:20.232   639  1825 I wm_pause_activity: [0,167763937,com.google.android.tvlauncher/.MainActivity,userLeaving=true,pauseBackTasks]
02-01 05:49:20.233   639   663 I am_uid_running: 10094
02-01 05:49:20.235  1538  1538 I wm_on_top_resumed_lost_called: [167763937,com.google.android.tvlauncher.MainActivity,topStateChangedWhenResumed]
02-01 05:49:20.237  1538  1538 I wm_on_paused_called: [167763937,com.google.android.tvlauncher.MainActivity,performPause,2]
02-01 05:49:20.238   639  5169 I wm_add_to_stopping: [0,167763937,com.google.android.tvlauncher/.MainActivity,makeInvisible]
02-01 05:49:20.239   639   660 I sysui_multi_action: [757,803,799,window_time_0,802,35]
02-01 05:49:20.246   639   670 I am_proc_start: [0,32010,10094,com.torserve.pwa,next-top-activity,{com.torserve.pwa/com.torserve.pwa.MainActivity}]
02-01 05:49:20.269   639   739 I input_focus: [Focus leaving 3db7baf com.google.android.tvlauncher/com.google.android.tvlauncher.MainActivity,reason=NO_WINDOW]
02-01 05:49:20.313   639  5169 I am_proc_bound: [0,32010,com.torserve.pwa]
02-01 05:49:20.314   639  5169 I am_uid_active: 10094
02-01 05:49:20.417   639   655 I wm_restart_activity: [0,64698568,67,com.torserve.pwa/.MainActivity]
02-01 05:49:20.418   639   655 I wm_set_resumed_activity: [0,com.torserve.pwa/.MainActivity,realStartActivityLocked - onActivityStateChanged]
02-01 05:49:20.559   639  5169 I am_uid_running: 99052
02-01 05:49:20.579   639  5169 I am_proc_start: [0,32033,99052,com.google.android.webview:sandboxed_process0:org.chromium.content.app.SandboxedProcessService0:0,,{com.torserve.pwa/org.chromium.content.app.SandboxedProcessService0:0}]
02-01 05:49:20.580   639  5169 I am_proc_bound: [0,32033,com.google.android.webview:sandboxed_process0:org.chromium.content.app.SandboxedProcessService0:0]
02-01 05:49:20.594   639  5169 I am_uid_active: 99052
02-01 05:49:20.595   212   212 I auditd  : avc:  denied  { find } for pid=32033 uid=99052 name=content_capture scontext=u:r:isolated_app:s0:c512,c768 tcontext=u:object_r:content_capture_service:s0 tclass=service_manager permissive=0
02-01 05:49:20.661   639   731 I am_unfreeze: [4006,com.google.android.webview:webview_service,6]
02-01 05:49:20.663   639   655 I am_uid_active: 10057
02-01 05:49:20.755 32010 32010 I wm_on_create_called: [64698568,com.torserve.pwa.MainActivity,performCreate,306]
02-01 05:49:20.768 32010 32010 I wm_on_start_called: [64698568,com.torserve.pwa.MainActivity,handleStartActivity,4]
02-01 05:49:20.775 32010 32010 I wm_on_resume_called: [64698568,com.torserve.pwa.MainActivity,RESUME_ACTIVITY,5]
02-01 05:49:20.827 32010 32010 I wm_on_top_resumed_gained_called: [64698568,com.torserve.pwa.MainActivity,topStateChangedWhenResumed]
02-01 05:49:20.844   639   664 I input_focus: [Focus request 9fbcfe8 com.torserve.pwa/com.torserve.pwa.MainActivity,reason=UpdateInputWindows]
02-01 05:49:20.907 32010 32010 I viewroot_draw_event: [VRI[MainActivity],reportDrawFinished seqId=0]
02-01 05:49:20.923   639   660 I sysui_multi_action: [319,787,322,784,325,52955,757,761,758,7,759,2,806,com.torserve.pwa,871,com.torserve.pwa.MainActivity,904,com.google.android.tvlauncher,905,0,945,189,1320,12,1321,1]
02-01 05:49:20.924   639   660 I wm_activity_launch_time: [0,64698568,com.torserve.pwa/.MainActivity,784]
02-01 05:49:20.926  1028  1095 I jank_cuj_events_begin_request: [128,1769914160926188000,52956473036584,52956473037000,]
02-01 05:49:20.970   639   739 I input_focus: [Focus entering 9fbcfe8 com.torserve.pwa/com.torserve.pwa.MainActivity,reason=Window became focusable. Previous reason: NOT_VISIBLE]
02-01 05:49:21.336  1028  1095 I jank_cuj_events_end_request: [128,1769914161335955000,52956882801584,52956882801959]
02-01 05:49:21.343   639   663 I wm_stop_activity: [0,167763937,com.google.android.tvlauncher/.MainActivity]
02-01 05:49:21.359  1538  1538 I viewroot_draw_event: [VRI[MainActivity],Not drawing due to not visible. Reason=!mAppVisible && !mForceDecorViewVisibility]
02-01 05:49:21.364  1538  1538 I wm_on_stop_called: [167763937,com.google.android.tvlauncher.MainActivity,STOP_ACTIVITY_ITEM,4]
02-01 05:49:24.328   639   938 I netstats_mobile_sample: [0,0,0,0,0,0,0,0,1769914164273]
02-01 05:49:24.328   639   938 I netstats_wifi_sample: [0,0,0,0,0,0,0,0,1769914164273]
02-01 05:49:27.573   639   739 I input_interaction: Interaction with: 9fbcfe8 com.torserve.pwa/com.torserve.pwa.MainActivity, PointerEventDispatcher0, 
02-01 05:49:30.969   639   731 I am_freeze: [4006,com.google.android.webview:webview_service]
02-01 05:49:35.912   639   668 I am_pss  : [1527,10053,com.google.android.gms,0,0,0,125394944,0,3,0]
02-01 05:49:35.912   639   668 I am_pss  : [2197,10089,com.google.android.adservices.api,0,0,0,69550080,0,3,0]
02-01 05:49:38.132  1333  1333 I viewroot_draw_event: [VRI[InputMethod],Start draw after previous draw not visible]
02-01 05:49:38.187  1333  1333 I viewroot_draw_event: [VRI[InputMethod],reportDrawFinished seqId=0]
02-01 05:49:38.228  1333  1333 I viewroot_draw_event: [VRI[InputMethod],reportDrawFinished seqId=0]
02-01 05:49:38.277 32010 32129 I jank_cuj_events_begin_request: [80,1769914178270353000,52973817274842,52973817275425,0@0@com.torserve.pwa]
02-01 05:49:38.503 32010 32129 I jank_cuj_events_end_request: [80,1769914178502468000,52974049318509,52974049318592]
02-01 05:49:39.632   639   938 I netstats_mobile_sample: [0,0,0,0,0,0,0,0,1769914179577]
02-01 05:49:39.632   639   938 I netstats_wifi_sample: [0,0,0,0,0,0,0,0,1769914179577]
02-01 05:49:39.642   639   731 I am_freeze: [3145,com.android.vending:quick_launch]
02-01 05:49:39.644   639   731 I am_freeze: [2428,com.android.vending:instant_app_installer]
02-01 05:49:43.129   639   731 I am_unfreeze: [28085,com.google.android.katniss:search,3]
02-01 05:49:44.080   639   740 I wm_set_resumed_activity: [0,com.torserve.pwa/.MainActivity,setFocusedTask-alreadyTop]
02-01 05:49:44.080   639   740 I sysui_multi_action: [757,803,799,key_back_press,802,1]
02-01 05:49:44.083 32010 32129 I jank_cuj_events_begin_request: [81,1769914184083964000,52979630811220,52979630811303,1@0@com.torserve.pwa]
02-01 05:49:44.284 32010 32129 I jank_cuj_events_end_request: [81,1769914184284688000,52979831536345,52979831536428]
02-01 05:49:44.825  1333  1333 I viewroot_draw_event: [VRI[InputMethod],Not drawing due to not visible. Reason=View.GONE]
02-01 05:49:45.926   639   731 I am_freeze: [1527,com.google.android.gms]
02-01 05:49:45.927   639   731 I am_freeze: [2197,com.google.android.adservices.api]
02-01 05:49:45.978   639   731 I am_compact: [1527,com.google.android.gms,ANON,122456,64860,54396,28096,-25984,0,-25984,25856,51,FULL,52890002,905,19,121192,-7560]
02-01 05:49:49.690   639   731 I am_freeze: [4166,com.android.vending]
02-01 05:49:49.692   639   731 I am_freeze: [2528,com.android.vending:background]
02-01 05:49:49.741   639   731 I am_compact: [4166,com.android.vending,ANON,129040,73440,51760,29188,-23296,0,-23296,22912,49,FULL,52039417,905,19,128752,-9012]
02-01 05:49:49.766   639   731 I am_compact: [2528,com.android.vending:background,ANON,91416,52556,37964,28768,-9600,0,-9600,9472,25,FULL,52039381,905,19,137764,-3820]
02-01 05:49:53.142   639   731 I am_freeze: [28085,com.google.android.katniss:search]
02-01 05:49:53.158   639   731 I am_compact: [28085,com.google.android.katniss:search,ANON,97416,62284,34364,29680,-5760,0,-5760,5632,16,FULL,52039476,915,19,141584,-2424]
02-01 05:49:54.069   639   731 I am_freeze: [1460,com.android.keychain]
02-01 05:49:54.070   639   731 I am_freeze: [8184,system:ui]
02-01 05:49:54.070   639   731 I am_freeze: [1187,com.android.tv.settings]
02-01 05:49:54.070   639   731 I am_freeze: [2751,com.android.localtransport]
02-01 05:49:54.070   639   731 I am_freeze: [2119,com.android.dynsystem:dynsystem]
02-01 05:49:54.071   639   731 I am_freeze: [2096,com.android.dynsystem]
02-01 05:50:20.948   639   669 I am_uid_idle: 10057
02-01 05:50:21.345   639   669 I am_uid_idle: 10052
02-01 05:50:21.345   639   669 I am_uid_idle: 10029
02-01 05:50:29.612   639   669 I am_uid_idle: 10054
02-01 05:50:35.919   639   669 I am_uid_idle: 10089
02-01 05:50:50.215  1333  1333 I viewroot_draw_event: [VRI[InputMethod],Start draw after previous draw not visible]
02-01 05:50:50.274  1333  1333 I viewroot_draw_event: [VRI[InputMethod],reportDrawFinished seqId=0]
02-01 05:50:50.312  1333  1333 I viewroot_draw_event: [VRI[InputMethod],reportDrawFinished seqId=0]
02-01 05:50:50.356 32010 32129 I jank_cuj_events_begin_request: [80,1769914250356089000,53045902994710,53045902994918,0@0@com.torserve.pwa]
02-01 05:50:50.568 32010 32129 I jank_cuj_events_end_request: [80,1769914250568145000,53046114993710,53046114993752]
02-01 05:50:53.478   639   740 I wm_set_resumed_activity: [0,com.torserve.pwa/.MainActivity,setFocusedTask-alreadyTop]
02-01 05:50:53.478   639   740 I sysui_multi_action: [757,803,799,key_back_press,802,1]
02-01 05:50:53.484 32010 32129 I jank_cuj_events_begin_request: [81,1769914253484097000,53049030950086,53049030950461,1@0@com.torserve.pwa]
02-01 05:50:53.701 32010 32129 I jank_cuj_events_end_request: [81,1769914253701758000,53049248607961,53049248608211]
02-01 05:50:54.227  1333  1333 I viewroot_draw_event: [VRI[InputMethod],Not drawing due to not visible. Reason=View.GONE]
02-01 05:50:59.413   639   708 I am_uid_active: 10089
02-01 05:50:59.414   639   731 I am_unfreeze: [1527,com.google.android.gms,6]
02-01 05:50:59.415   639   731 I am_unfreeze: [2197,com.google.android.adservices.api,6]
02-01 05:51:08.948  1333  1333 I viewroot_draw_event: [VRI[InputMethod],Start draw after previous draw not visible]
02-01 05:51:08.983  1333  1333 I viewroot_draw_event: [VRI[InputMethod],reportDrawFinished seqId=0]
02-01 05:51:09.007  1333  1333 I viewroot_draw_event: [VRI[InputMethod],reportDrawFinished seqId=0]
02-01 05:51:09.039 32010 32129 I jank_cuj_events_begin_request: [80,1769914269038952000,53064585804802,53064585805260,0@0@com.torserve.pwa]
02-01 05:51:09.252 32010 32129 I jank_cuj_events_end_request: [80,1769914269252041000,53064798893010,53064798893385]
02-01 05:51:13.604   639   740 I wm_set_resumed_activity: [0,com.torserve.pwa/.MainActivity,setFocusedTask-alreadyTop]
02-01 05:51:13.604   639   740 I sysui_multi_action: [757,803,799,key_back_press,802,1]
02-01 05:51:13.609 32010 32129 I jank_cuj_events_begin_request: [81,1769914273609385000,53069156234221,53069156234512,1@0@com.torserve.pwa]
02-01 05:51:13.818 32010 32129 I jank_cuj_events_end_request: [81,1769914273818416000,53069365264179,53069365264388]
02-01 05:51:14.343  1333  1333 I viewroot_draw_event: [VRI[InputMethod],Not drawing due to not visible. Reason=View.GONE]
02-01 05:51:14.467   639   731 I am_freeze: [1527,com.google.android.gms]
02-01 05:51:14.467   639   731 I am_freeze: [2197,com.google.android.adservices.api]
02-01 05:51:14.481   639   731 I am_compact: [1527,com.google.android.gms,ANON,100568,64860,32508,49728,-4352,0,-4352,4224,14,FULL,52981525,905,19,143852,-156]
02-01 05:51:30.001  1333  1333 I viewroot_draw_event: [VRI[InputMethod],Start draw after previous draw not visible]
02-01 05:51:30.023  1333  1333 I viewroot_draw_event: [VRI[InputMethod],reportDrawFinished seqId=0]
02-01 05:51:30.044  1333  1333 I viewroot_draw_event: [VRI[InputMethod],reportDrawFinished seqId=0]
02-01 05:51:30.107 32010 32129 I jank_cuj_events_begin_request: [80,1769914290107042000,53085653896020,53085653896229,0@0@com.torserve.pwa]
02-01 05:51:30.258   639   938 I netstats_mobile_sample: [0,0,0,0,0,0,0,0,1769914290203]
02-01 05:51:30.258   639   938 I netstats_wifi_sample: [0,0,0,0,0,0,0,0,1769914290203]
02-01 05:51:30.319 32010 32129 I jank_cuj_events_end_request: [80,1769914290319031000,53085865880895,53085865880979]
02-01 05:51:34.244   639   740 I wm_set_resumed_activity: [0,com.torserve.pwa/.MainActivity,setFocusedTask-alreadyTop]
02-01 05:51:34.245   639   740 I sysui_multi_action: [757,803,799,key_back_press,802,1]
02-01 05:51:34.253 32010 32129 I jank_cuj_events_begin_request: [81,1769914294252682000,53089799535647,53089799535981,1@0@com.torserve.pwa]
02-01 05:51:34.469 32010 32129 I jank_cuj_events_end_request: [81,1769914294469021000,53090015880064,53090015880272]
02-01 05:51:34.992  1333  1333 I viewroot_draw_event: [VRI[InputMethod],Not drawing due to not visible. Reason=View.GONE]
02-01 05:51:46.437  1333  1333 I viewroot_draw_event: [VRI[InputMethod],Start draw after previous draw not visible]
02-01 05:51:46.450  1333  1333 I viewroot_draw_event: [VRI[InputMethod],reportDrawFinished seqId=0]
02-01 05:51:46.478  1333  1333 I viewroot_draw_event: [VRI[InputMethod],reportDrawFinished seqId=0]
02-01 05:51:46.508 32010 32129 I jank_cuj_events_begin_request: [80,1769914306507923000,53102054777237,53102054777653,0@0@com.torserve.pwa]
02-01 05:51:46.718 32010 32129 I jank_cuj_events_end_request: [80,1769914306718372000,53102265224028,53102265224195]
02-01 05:51:55.873   639   740 I wm_set_resumed_activity: [0,com.torserve.pwa/.MainActivity,setFocusedTask-alreadyTop]
02-01 05:51:55.873   639   740 I sysui_multi_action: [757,803,799,key_back_press,802,1]
02-01 05:51:55.879 32010 32129 I jank_cuj_events_begin_request: [81,1769914315879186000,53111426035741,53111426036158,1@0@com.torserve.pwa]
02-01 05:51:56.087 32010 32129 I jank_cuj_events_end_request: [81,1769914316087137000,53111633985991,53111633986158]
02-01 05:51:56.613  1333  1333 I viewroot_draw_event: [VRI[InputMethod],Not drawing due to not visible. Reason=View.GONE]
02-01 05:52:04.441   639   669 I am_uid_idle: 10089
02-01 05:52:11.370  1333  1333 I viewroot_draw_event: [VRI[InputMethod],Start draw after previous draw not visible]
02-01 05:52:11.382  1333  1333 I viewroot_draw_event: [VRI[InputMethod],reportDrawFinished seqId=0]
02-01 05:52:11.394  1333  1333 I viewroot_draw_event: [VRI[InputMethod],reportDrawFinished seqId=0]
02-01 05:52:11.429 32010 32129 I jank_cuj_events_begin_request: [80,1769914331428941000,53126975792540,53126975793040,0@0@com.torserve.pwa]
02-01 05:52:11.635 32010 32129 I jank_cuj_events_end_request: [80,1769914331634778000,53127181625748,53127181625832]
02-01 05:52:13.771   639   731 I am_unfreeze: [1527,com.google.android.gms,6]
02-01 05:52:13.798   639   655 I am_uid_active: 10089
02-01 05:52:13.798   639   731 I am_unfreeze: [2197,com.google.android.adservices.api,6]
02-01 05:52:15.179   639   740 I wm_set_resumed_activity: [0,com.torserve.pwa/.MainActivity,setFocusedTask-alreadyTop]
02-01 05:52:15.180   639   740 I sysui_multi_action: [757,803,799,key_back_press,802,1]
02-01 05:52:15.187 32010 32129 I jank_cuj_events_begin_request: [81,1769914335186552000,53130733404917,53130733405417,1@0@com.torserve.pwa]
02-01 05:52:15.401 32010 32129 I jank_cuj_events_end_request: [81,1769914335401635000,53130948484584,53130948484834]
02-01 05:52:15.923  1333  1333 I viewroot_draw_event: [VRI[InputMethod],Not drawing due to not visible. Reason=View.GONE]
02-01 05:52:22.106   639   639 I service_manager_stats: [100,31,188024]
02-01 05:52:28.611  1333  1333 I viewroot_draw_event: [VRI[InputMethod],Start draw after previous draw not visible]
02-01 05:52:28.629  1333  1333 I viewroot_draw_event: [VRI[InputMethod],reportDrawFinished seqId=0]
02-01 05:52:28.664  1333  1333 I viewroot_draw_event: [VRI[InputMethod],reportDrawFinished seqId=0]
02-01 05:52:28.700 32010 32129 I jank_cuj_events_begin_request: [80,1769914348699876000,53144246731757,53144246732048,0@0@com.torserve.pwa]
02-01 05:52:28.841   639   731 I am_freeze: [1527,com.google.android.gms]
02-01 05:52:28.842   639   731 I am_freeze: [2197,com.google.android.adservices.api]
02-01 05:52:28.859   639   731 I am_compact: [1527,com.google.android.gms,ANON,98392,63196,31996,50496,-3712,0,-3712,3712,17,FULL,53070028,905,19,144412,-1656]
02-01 05:52:28.901 32010 32129 I jank_cuj_events_end_request: [80,1769914348901685000,53144448532882,53144448533007]
02-01 05:52:51.221   639   740 I wm_set_resumed_activity: [0,com.torserve.pwa/.MainActivity,setFocusedTask-alreadyTop]
02-01 05:52:51.221   639   740 I sysui_multi_action: [757,803,799,key_back_press,802,1]
02-01 05:52:51.228 32010 32129 I jank_cuj_events_begin_request: [81,1769914371228125000,53166774979017,53166774979517,1@0@com.torserve.pwa]
02-01 05:52:51.434 32010 32129 I jank_cuj_events_end_request: [81,1769914371434801000,53166981650517,53166981651101]
02-01 05:52:51.959  1333  1333 I viewroot_draw_event: [VRI[InputMethod],Not drawing due to not visible. Reason=View.GONE]
02-01 05:53:18.818   639   669 I am_uid_idle: 10089
02-01 05:53:59.468   639   731 I am_unfreeze: [1527,com.google.android.gms,6]
02-01 05:53:59.468   639  1885 I am_uid_active: 10089
02-01 05:53:59.470   639   731 I am_unfreeze: [2197,com.google.android.adservices.api,6]
02-01 05:54:14.545   639   731 I am_freeze: [1527,com.google.android.gms]
02-01 05:54:14.546   639   731 I am_freeze: [2197,com.google.android.adservices.api]
02-01 05:54:43.758   639   731 I am_unfreeze: [1836,com.android.externalstorage,19]
02-01 05:54:43.828   639   731 I am_unfreeze: [1472,com.android.tv.provision,19]
02-01 05:54:43.831   639   731 I am_unfreeze: [2020,com.google.android.onetimeinitializer,19]
02-01 05:54:43.834   639   731 I am_unfreeze: [1712,com.android.managedprovisioning,19]
02-01 05:54:43.836   639   731 I am_unfreeze: [2096,com.android.dynsystem,19]
02-01 05:54:43.837   639   731 I am_unfreeze: [2119,com.android.dynsystem:dynsystem,19]
02-01 05:54:43.838   639   731 I am_unfreeze: [2159,com.android.shell,19]
02-01 05:54:43.841   639   731 I am_unfreeze: [2247,com.google.android.federatedcompute,19]
02-01 05:54:43.842   639   731 I am_unfreeze: [2361,com.google.android.ondevicepersonalization.services,19]
02-01 05:54:43.845   639   731 I am_unfreeze: [2659,com.google.android.tv.dfuservice,19]
02-01 05:54:43.848   639   731 I am_unfreeze: [2751,com.android.localtransport,19]
02-01 05:54:43.850   639   731 I am_unfreeze: [1592,android.process.media,19]
02-01 05:54:43.851   639   731 I am_unfreeze: [1796,com.google.android.photopicker,19]
02-01 05:54:43.852   639   731 I am_unfreeze: [1187,com.android.tv.settings,19]
02-01 05:54:43.855   639   731 I am_unfreeze: [2428,com.android.vending:instant_app_installer,19]
02-01 05:54:43.866   639   731 I am_unfreeze: [7685,com.google.android.ext.services:modelDownloaderServiceProcess,19]
02-01 05:54:43.866   639   731 I am_unfreeze: [4446,com.android.tv.frameworkpackagestubs,19]
02-01 05:54:43.866   639   731 I am_unfreeze: [1868,com.android.providers.calendar,19]
02-01 05:54:43.866   639   731 I am_unfreeze: [2227,com.google.android.configupdater,19]
02-01 05:54:43.866   639   731 I am_unfreeze: [8184,system:ui,19]
02-01 05:54:43.866   639   731 I am_unfreeze: [3145,com.android.vending:quick_launch,19]
02-01 05:54:43.866   639   731 I am_unfreeze: [4053,com.google.android.webview:webview_apk,19]
02-01 05:54:43.866   639   731 I am_unfreeze: [3948,com.google.android.gms.ui,19]
02-01 05:54:43.866   639   731 I am_unfreeze: [2539,com.google.android.rkpdapp,19]
02-01 05:54:43.866   639   731 I am_unfreeze: [2502,com.google.android.partnersetup,19]
02-01 05:54:43.866   639   731 I am_unfreeze: [2551,com.google.android.gms.unstable,19]
02-01 05:54:43.866   639   731 I am_unfreeze: [2414,com.google.android.packageinstaller,19]
02-01 05:54:43.867   639   731 I am_unfreeze: [1625,android.process.acore,19]
02-01 05:54:43.867   639   731 I am_unfreeze: [1460,com.android.keychain,19]
02-01 05:54:43.867   639   731 I am_unfreeze: [4006,com.google.android.webview:webview_service,19]
02-01 05:54:43.867   639   731 I am_unfreeze: [2528,com.android.vending:background,19]
02-01 05:54:43.867   639   731 I am_unfreeze: [4166,com.android.vending,19]
02-01 05:54:43.867   639   731 I am_unfreeze: [28085,com.google.android.katniss:search,19]
02-01 05:54:43.867   639   731 I am_unfreeze: [2197,com.google.android.adservices.api,19]
02-01 05:54:43.867   639   731 I am_unfreeze: [1527,com.google.android.gms,19]
02-01 05:54:43.867   639   731 I am_unfreeze: [1909,com.google.android.youtube.tv,19]
02-01 05:54:44.280 32273 32273 I auditd  : type=1400 audit(0.0:60211): avc:  denied  { read } for  comm="lpdumpd" path="/dev/block/vda2" dev="tmpfs" ino=18 scontext=u:r:lpdumpd:s0 tcontext=u:object_r:vd_device:s0 tclass=blk_file permissive=0
02-01 05:54:45.256 32273 32273 I auditd  : type=1400 audit(0.0:60212): avc:  denied  { getattr } for  comm="binder:32273_1" path="/dev/block/vda2" dev="tmpfs" ino=18 scontext=u:r:lpdumpd:s0 tcontext=u:object_r:vd_device:s0 tclass=blk_file permissive=0
02-01 05:54:52.652 32409 32409 I auditd  : type=1400 audit(0.0:60213): avc:  denied  { search } for  comm="binder:516_2" name="/" dev="pstore" ino=5608 scontext=u:r:incidentd:s0 tcontext=u:object_r:pstorefs:s0 tclass=dir permissive=0
02-01 05:54:52.656 32413 32413 I auditd  : type=1400 audit(0.0:60214): avc:  denied  { search } for  comm="binder:516_2" name="/" dev="pstore" ino=5608 scontext=u:r:incidentd:s0 tcontext=u:object_r:pstorefs:s0 tclass=dir permissive=0
02-01 05:54:52.656 32418 32418 I auditd  : type=1400 audit(0.0:60215): avc:  denied  { search } for  comm="binder:516_2" name="/" dev="pstore" ino=5608 scontext=u:r:incidentd:s0 tcontext=u:object_r:pstorefs:s0 tclass=dir permissive=0
02-01 05:54:52.656 32422 32422 I auditd  : type=1400 audit(0.0:60216): avc:  denied  { search } for  comm="binder:516_2" name="/" dev="pstore" ino=5608 scontext=u:r:incidentd:s0 tcontext=u:object_r:pstorefs:s0 tclass=dir permissive=0
02-01 05:54:52.660 32430 32430 I auditd  : type=1400 audit(0.0:60217): avc:  denied  { search } for  comm="binder:516_2" name="/" dev="pstore" ino=5608 scontext=u:r:incidentd:s0 tcontext=u:object_r:pstorefs:s0 tclass=dir permissive=0
02-01 05:54:52.664 32432 32432 I auditd  : type=1400 audit(0.0:60218): avc:  denied  { search } for  comm="binder:516_2" name="/" dev="pstore" ino=5608 scontext=u:r:incidentd:s0 tcontext=u:object_r:pstorefs:s0 tclass=dir permissive=0
02-01 05:54:52.664 32436 32436 I auditd  : type=1400 audit(0.0:60219): avc:  denied  { search } for  comm="binder:516_2" name="/" dev="pstore" ino=5608 scontext=u:r:incidentd:s0 tcontext=u:object_r:pstorefs:s0 tclass=dir permissive=0
02-01 05:54:54.292 32578 32578 I auditd  : type=1400 audit(0.0:60220): avc:  denied  { sys_ptrace } for  comm="ps" capability=19  scontext=u:r:incidentd:s0 tcontext=u:r:incidentd:s0 tclass=capability permissive=0
02-01 05:54:54.292 32578 32578 I auditd  : type=1400 audit(0.0:60221): avc:  denied  { sys_ptrace } for  comm="ps" capability=19  scontext=u:r:incidentd:s0 tcontext=u:r:incidentd:s0 tclass=capability permissive=0
02-01 05:54:54.292 32578 32578 I auditd  : type=1400 audit(0.0:60222): avc:  denied  { sys_ptrace } for  comm="ps" capability=19  scontext=u:r:incidentd:s0 tcontext=u:r:incidentd:s0 tclass=capability permissive=0
02-01 05:54:54.292 32578 32578 I auditd  : type=1400 audit(0.0:60223): avc:  denied  { sys_ptrace } for  comm="ps" capability=19  scontext=u:r:incidentd:s0 tcontext=u:r:incidentd:s0 tclass=capability permissive=0
02-01 05:54:54.292 32578 32578 I auditd  : type=1400 audit(0.0:60224): avc:  denied  { sys_ptrace } for  comm="ps" capability=19  scontext=u:r:incidentd:s0 tcontext=u:r:incidentd:s0 tclass=capability permissive=0
02-01 05:54:54.744   639  5169 I am_meminfo: [193724416,273412096,113438720,348753920,198075392]
02-01 05:55:00.789   639  3061 I commit_sys_config_file: [sync-status,5]
02-01 05:55:03.044   639   639 I auditd  : type=1400 audit(0.0:65466): avc:  denied  { read } for  comm="binder:639_12" name="u:object_r:system_user_mode_emulation_prop:s0" dev="tmpfs" ino=334 scontext=u:r:system_server:s0 tcontext=u:object_r:system_user_mode_emulation_prop:s0 tclass=file permissive=0
02-01 05:55:04.493   639   669 I am_uid_idle: 10089
02-01 05:55:04.914   639   731 I am_freeze: [1836,com.android.externalstorage]
02-01 05:55:04.914   639   731 I am_freeze: [1472,com.android.tv.provision]
02-01 05:55:04.914   639   731 I am_freeze: [2020,com.google.android.onetimeinitializer]
02-01 05:55:04.915   639   731 I am_freeze: [1712,com.android.managedprovisioning]
02-01 05:55:04.915   639   731 I am_freeze: [2096,com.android.dynsystem]
02-01 05:55:04.915   639   731 I am_freeze: [2119,com.android.dynsystem:dynsystem]
02-01 05:55:04.917   639   731 I am_freeze: [2159,com.android.shell]
02-01 05:55:04.918   639   731 I am_freeze: [2247,com.google.android.federatedcompute]
02-01 05:55:04.918   639   731 I am_freeze: [2361,com.google.android.ondevicepersonalization.services]
02-01 05:55:04.918   639   731 I am_freeze: [2659,com.google.android.tv.dfuservice]
02-01 05:55:04.919   639   731 I am_freeze: [2751,com.android.localtransport]
02-01 05:55:04.919   639   731 I am_freeze: [1592,android.process.media]
02-01 05:55:04.920   639   731 I am_freeze: [1796,com.google.android.photopicker]
02-01 05:55:04.920   639   731 I am_freeze: [1187,com.android.tv.settings]
02-01 05:55:04.920   639   731 I am_freeze: [2428,com.android.vending:instant_app_installer]
02-01 05:55:04.920   639   731 I am_freeze: [7685,com.google.android.ext.services:modelDownloaderServiceProcess]
02-01 05:55:04.921   639   731 I am_freeze: [4446,com.android.tv.frameworkpackagestubs]
02-01 05:55:04.921   639   731 I am_freeze: [1868,com.android.providers.calendar]
02-01 05:55:04.921   639   731 I am_freeze: [2227,com.google.android.configupdater]
02-01 05:55:04.922   639   731 I am_freeze: [8184,system:ui]
02-01 05:55:04.922   639   731 I am_freeze: [3145,com.android.vending:quick_launch]
02-01 05:55:04.923   639   731 I am_freeze: [4053,com.google.android.webview:webview_apk]
02-01 05:55:04.924   639   731 I am_freeze: [3948,com.google.android.gms.ui]
02-01 05:55:04.924   639   731 I am_freeze: [2539,com.google.android.rkpdapp]
02-01 05:55:04.925   639   731 I am_freeze: [2502,com.google.android.partnersetup]
02-01 05:55:04.925   639   731 I am_freeze: [2551,com.google.android.gms.unstable]
02-01 05:55:04.926   639   731 I am_freeze: [2414,com.google.android.packageinstaller]
02-01 05:55:04.926   639   731 I am_freeze: [1625,android.process.acore]
02-01 05:55:04.927   639   731 I am_freeze: [1460,com.android.keychain]
02-01 05:55:04.928   639   731 I am_freeze: [4006,com.google.android.webview:webview_service]
02-01 05:55:04.929   639   731 I am_freeze: [2528,com.android.vending:background]
02-01 05:55:04.929   639   731 I am_freeze: [4166,com.android.vending]
02-01 05:55:04.929   639   731 I am_freeze: [2197,com.google.android.adservices.api]
02-01 05:55:04.930   639   731 I am_freeze: [1527,com.google.android.gms]
02-01 05:55:04.931   639   731 I am_freeze: [28085,com.google.android.katniss:search]
02-01 05:55:04.931   639   731 I am_freeze: [1909,com.google.android.youtube.tv]
02-01 05:55:04.947   639   731 I am_compact: [1712,com.android.managedprovisioning,ANON,61964,30332,31504,24444,-2816,0,-2816,2816,15,FULL,31621030,975,19,99340,-244]
02-01 05:55:04.964   639   731 I am_compact: [1592,android.process.media,ANON,66940,34220,32464,25260,-4096,0,-4096,3968,16,FULL,52039259,955,19,99584,-884]
02-01 05:55:04.978   639   731 I am_compact: [1187,com.android.tv.settings,ANON,66296,34056,31984,25488,-3584,0,-3584,3328,13,FULL,51689579,905,19,100468,-1156]
02-01 05:55:04.989   639   731 I am_compact: [2428,com.android.vending:instant_app_installer,ANON,66520,33572,32692,24928,-4352,0,-4352,4224,11,FULL,52039268,905,19,101624,-1420]
02-01 05:55:04.997   639   731 I am_compact: [7685,com.google.android.ext.services:modelDownloaderServiceProcess,ANON,63004,31348,31400,24504,-2944,0,-2944,2944,7,FULL,31621115,945,19,103044,-1088]
02-01 05:55:05.005   639   731 I am_compact: [4446,com.android.tv.frameworkpackagestubs,ANON,62968,31612,31228,24604,-2560,0,-2560,2432,8,FULL,31621121,945,19,104132,-896]
02-01 05:55:05.014   639   731 I am_compact: [1868,com.android.providers.calendar,ANON,64420,32620,31672,24040,-3072,0,-3072,3200,9,FULL,31621135,935,19,105028,-1080]
02-01 05:55:05.026   639   731 I am_compact: [2227,com.google.android.configupdater,ANON,62748,31208,31412,24048,-2816,0,-2816,2816,12,FULL,31621162,935,19,106108,-1132]
02-01 05:55:05.036   639   731 I am_compact: [8184,system:ui,ANON,70436,38328,31980,27176,-3328,0,-3328,3328,9,FULL,51689647,905,19,107240,-1368]
02-01 05:55:05.053   639   731 I am_compact: [3145,com.android.vending:quick_launch,ANON,74800,38048,36496,25452,-7936,0,-7936,7808,18,FULL,52039284,905,19,108608,-2988]
02-01 05:55:05.061   639   731 I am_compact: [4053,com.google.android.webview:webview_apk,ANON,74752,42904,31592,25256,-3200,0,-3200,2944,8,FULL,51689737,925,19,111596,-1184]
02-01 05:55:05.094   639   731 I am_compact: [3948,com.google.android.gms.ui,ANON,105996,60744,44708,45496,-16640,0,-16640,16640,32,FULL,52039313,925,19,112780,-6240]
02-01 05:55:05.104   639   731 I am_compact: [2539,com.google.android.rkpdapp,ANON,67896,34172,33468,25840,-4992,0,-4992,4864,10,FULL,52039323,925,19,119020,-1924]
02-01 05:55:05.114   639   731 I am_compact: [2502,com.google.android.partnersetup,ANON,66212,33228,32728,25160,-4096,0,-4096,4096,10,FULL,52039332,925,19,120944,-1416]
02-01 05:55:05.131   639   731 I am_compact: [2551,com.google.android.gms.unstable,ANON,81604,44536,36428,49532,-8192,0,-8192,8064,17,FULL,52039347,915,19,122360,-3280]
02-01 05:55:05.143   639   731 I am_compact: [1625,android.process.acore,ANON,68352,34408,33816,24196,-5376,0,-5376,5376,12,FULL,52039359,915,19,125640,-1844]
02-01 05:55:05.153   639   731 I am_compact: [4006,com.google.android.webview:webview_service,ANON,66980,34672,31924,24472,-3328,0,-3328,3200,9,FULL,51689877,905,19,127484,-1300]
02-01 05:55:05.176   639   731 I am_compact: [2528,com.android.vending:background,ANON,89348,48076,40376,26592,-12160,0,-12160,12032,24,FULL,52985313,905,19,128784,-4392]
02-01 05:55:05.219   639   731 I am_compact: [4166,com.android.vending,ANON,124832,66912,54336,28940,-25728,0,-25728,25472,43,FULL,52985288,905,19,133176,-9520]
02-01 05:55:05.265   639   731 I am_compact: [1527,com.google.android.gms,ANON,114268,57044,54024,28292,-25856,0,-25856,25856,46,FULL,53144406,905,19,142696,-10424]
02-01 05:55:05.284   639   731 I am_compact: [28085,com.google.android.katniss:search,ANON,94548,55372,38408,25580,-9856,0,-9856,9728,19,FULL,52988705,915,19,153120,-3688]
02-01 05:55:05.304   639   731 I am_compact: [1909,com.google.android.youtube.tv,ANON,82144,43632,38384,43132,-9984,0,-9984,9856,20,FULL,52858731,900,16,156808,-3848]
02-01 05:55:13.856   639   731 I am_unfreeze: [1527,com.google.android.gms,6]
02-01 05:55:13.860   639  1899 I am_uid_active: 10089
02-01 05:55:13.864   639   731 I am_unfreeze: [2197,com.google.android.adservices.api,6]
02-01 05:55:18.498  1322 32196 I c2dm    : [0,,2,2]
02-01 05:55:18.506  1322 32196 I gtalk_conn_close: [2332,600]
02-01 05:55:19.426  1322 32196 I c2dm    : [-2,,1,1]
02-01 05:55:19.667  1322 32196 I gtalk_heartbeat_reset: [590364,74.125.206.188:5228]
02-01 05:55:19.672  1322 32196 I gtalk_connection: 0
02-01 05:55:28.937   639   731 I am_freeze: [1527,com.google.android.gms]
02-01 05:55:28.941   639   731 I am_freeze: [2197,com.google.android.adservices.api]
02-01 05:55:28.975   639   731 I am_compact: [1527,com.google.android.gms,ANON,92892,57684,32008,50564,-3840,0,-3840,3840,34,FULL,53300812,905,19,160480,-232]
02-01 05:56:18.902   639   669 I am_uid_idle: 10089
02-01 05:56:59.522   639   731 I am_unfreeze: [1527,com.google.android.gms,6]
02-01 05:56:59.531   639  3838 I am_uid_active: 10089
02-01 05:56:59.538   639   731 I am_unfreeze: [2197,com.google.android.adservices.api,6]
02-01 05:57:14.621   639   731 I am_freeze: [1527,com.google.android.gms]
02-01 05:57:14.622   639   731 I am_freeze: [2197,com.google.android.adservices.api]
02-01 05:57:14.676   639   731 I am_compact: [1527,com.google.android.gms,ANON,112100,63060,45840,36816,-17792,0,-17792,17664,53,FULL,53324522,905,19,158388,-2584]
02-01 05:58:04.568   639   669 I am_uid_idle: 10089
02-01 05:58:13.928   639   731 I am_unfreeze: [1527,com.google.android.gms,6]
02-01 05:58:13.929   639  1899 I am_uid_active: 10089
02-01 05:58:13.931   639   731 I am_unfreeze: [2197,com.google.android.adservices.api,6]
02-01 05:58:29.006   639   731 I am_freeze: [1527,com.google.android.gms]
02-01 05:58:29.007   639   731 I am_freeze: [2197,com.google.android.adservices.api]
02-01 05:59:18.961   639   669 I am_uid_idle: 10089
02-01 05:59:59.595   639   731 I am_unfreeze: [1527,com.google.android.gms,6]
02-01 05:59:59.598   639  5378 I am_uid_active: 10089
02-01 05:59:59.604   639   731 I am_unfreeze: [2197,com.google.android.adservices.api,6]
02-01 06:00:14.678   639   731 I am_freeze: [1527,com.google.android.gms]
02-01 06:00:14.679   639   731 I am_freeze: [2197,com.google.android.adservices.api]
02-01 06:01:04.631   639   669 I am_uid_idle: 10089
02-01 06:01:13.983   639   731 I am_unfreeze: [1527,com.google.android.gms,6]
02-01 06:01:13.986   639  1899 I am_uid_active: 10089
02-01 06:01:13.993   639   731 I am_unfreeze: [2197,com.google.android.adservices.api,6]
02-01 06:01:29.068   639   731 I am_freeze: [1527,com.google.android.gms]
02-01 06:01:29.069   639   731 I am_freeze: [2197,com.google.android.adservices.api]
02-01 06:02:19.018   639   669 I am_uid_idle: 10089
02-01 06:02:59.655   639   731 I am_unfreeze: [1527,com.google.android.gms,6]
02-01 06:02:59.655   639  5169 I am_uid_active: 10089
02-01 06:02:59.659   639   731 I am_unfreeze: [2197,com.google.android.adservices.api,6]
02-01 06:03:09.722  1322  1567 I c2dm    : [-1,,3,2]
02-01 06:03:14.685   639   731 I am_freeze: [1527,com.google.android.gms]
02-01 06:03:14.687   639   731 I am_freeze: [2197,com.google.android.adservices.api]
02-01 06:03:14.725   639   731 I am_compact: [1527,com.google.android.gms,ANON,99172,63060,32912,50000,-4736,0,-4736,4608,37,FULL,53430222,905,19,160728,-204]
02-01 06:04:04.690   639   669 I am_uid_idle: 10089
02-01 06:04:14.051   639   731 I am_unfreeze: [1527,com.google.android.gms,6]
02-01 06:04:14.052   639  5169 I am_uid_active: 10089
02-01 06:04:14.053   639   731 I am_unfreeze: [2197,com.google.android.adservices.api,6]
02-01 06:04:29.128   639   731 I am_freeze: [1527,com.google.android.gms]
02-01 06:04:29.132   639   731 I am_freeze: [2197,com.google.android.adservices.api]
02-01 06:04:51.039   639   731 I am_unfreeze: [28085,com.google.android.katniss:search,6]
02-01 06:05:01.133   639   731 I am_freeze: [28085,com.google.android.katniss:search]
02-01 06:05:01.191   639   731 I am_compact: [28085,com.google.android.katniss:search,ANON,98940,60108,38064,26476,-9984,-384,-9600,9600,58,FULL,53300831,905,19,159724,-680]
02-01 06:05:19.084   639   669 I am_uid_idle: 10089
02-01 06:05:32.387   639   938 I netstats_mobile_sample: [0,0,0,0,0,0,0,0,1769915132330]
02-01 06:05:32.387   639   938 I netstats_wifi_sample: [0,0,0,0,0,0,0,0,1769915132330]
02-01 06:05:59.716   639   731 I am_unfreeze: [1527,com.google.android.gms,6]
02-01 06:05:59.717   639  3838 I am_uid_active: 10089
02-01 06:05:59.728   639   731 I am_unfreeze: [2197,com.google.android.adservices.api,6]
02-01 06:06:14.753   639   731 I am_freeze: [1527,com.google.android.gms]
02-01 06:06:14.754   639   731 I am_freeze: [2197,com.google.android.adservices.api]
02-01 06:06:44.604   639   668 I commit_sys_config_file: [batterystats,6]
02-01 06:06:44.611   639   668 I commit_sys_config_file: [batterystats,3]
02-01 06:07:04.753   639   669 I am_uid_idle: 10089
02-01 06:07:04.819   639  5169 I am_uid_active: 10029
02-01 06:07:14.106   639   731 I am_unfreeze: [1527,com.google.android.gms,6]
02-01 06:07:14.110   639   668 I am_pss  : [1322,10053,com.google.android.gms.persistent,0,0,0,151257088,0,4,3]
02-01 06:07:14.111   639  3838 I am_uid_active: 10089
02-01 06:07:14.112   639   731 I am_unfreeze: [2197,com.google.android.adservices.api,6]
02-01 06:07:14.130   639   668 I commit_sys_config_file: [procstats,18]
02-01 06:07:14.139   639   668 I am_meminfo: [268365824,275574784,164237312,349122560,451653632]
02-01 06:07:14.139   639   668 I am_pss  : [1333,10060,com.google.android.inputmethod.latin,0,0,0,132366336,2,7,0]
02-01 06:07:14.139   639   668 I am_pss  : [32010,10094,com.torserve.pwa,0,0,0,219115520,2,2,0]
02-01 06:07:14.139   639   668 I am_pss  : [32033,99052,com.google.android.webview:sandboxed_process0:org.chromium.content.app.SandboxedProcessService0:0,0,0,0,232366080,2,3,0]
02-01 06:07:14.139   639   668 I am_pss  : [1538,10052,com.google.android.tvlauncher,0,0,0,104968192,2,14,0]
02-01 06:07:14.139   639   668 I am_pss  : [1909,10058,com.google.android.youtube.tv,0,0,0,73891840,2,16,0]
02-01 06:07:14.139   639   668 I am_pss  : [1727,10029,com.android.providers.tv,0,0,0,72769536,2,14,0]
02-01 06:07:14.139   639   668 I am_pss  : [28085,10045,com.google.android.katniss:search,0,0,0,91090944,2,19,0]
02-01 06:07:14.139   639   668 I am_pss  : [4166,10054,com.android.vending,0,0,0,101482496,2,19,0]
02-01 06:07:14.139   639   668 I am_pss  : [2528,10054,com.android.vending:background,0,0,0,79040512,2,19,0]
02-01 06:07:14.139   639   668 I am_pss  : [4006,10057,com.google.android.webview:webview_service,0,0,0,65179648,2,19,0]
02-01 06:07:14.139   639   668 I am_pss  : [27678,10045,com.google.android.katniss:interactor,0,0,0,108478464,2,5,0]
02-01 06:07:14.139   639   668 I am_pss  : [1490,10048,com.google.android.tvrecommendations,0,0,0,83693568,2,5,0]
02-01 06:07:14.139   639   668 I am_pss  : [28541,10043,com.google.android.apps.mediashell,0,0,0,93593600,2,4,0]
02-01 06:07:14.139   639   668 I am_pss  : [1408,10072,com.google.android.providers.media.module,0,0,0,80334848,2,0,0]
02-01 06:07:14.139   639   668 I am_pss  : [2133,10082,com.google.android.ext.services,0,0,0,80375808,2,5,0]
02-01 06:07:14.139   639   668 I am_pss  : [1460,1000,com.android.keychain,0,0,0,65302528,2,19,0]
02-01 06:07:14.139   639   668 I am_pss  : [28999,1002,com.google.android.bluetooth,0,0,0,89808896,2,0,0]
02-01 06:07:14.139   639   668 I am_pss  : [1625,10020,android.process.acore,0,0,0,64487424,2,19,0]
02-01 06:07:14.139   639   668 I am_pss  : [2414,10028,com.google.android.packageinstaller,0,0,0,62758912,2,19,0]
02-01 06:07:14.139   639   668 I am_pss  : [2551,10053,com.google.android.gms.unstable,0,0,0,75173888,2,19,0]
02-01 06:07:14.139   639   668 I am_pss  : [2502,10051,com.google.android.partnersetup,0,0,0,63606784,2,19,0]
02-01 06:07:14.139   639   668 I am_pss  : [2539,10076,com.google.android.rkpdapp,0,0,0,64413696,2,19,0]
02-01 06:07:14.139   639   668 I am_pss  : [3948,10053,com.google.android.gms.ui,0,0,0,91500544,2,19,0]
02-01 06:07:14.139   639   668 I am_pss  : [4053,10057,com.google.android.webview:webview_apk,0,0,0,73269248,2,19,0]
02-01 06:07:14.139   639   668 I am_pss  : [3145,10054,com.android.vending:quick_launch,0,0,0,68468736,2,19,0]
02-01 06:07:14.139   639   668 I am_pss  : [8184,1000,system:ui,0,0,0,68718592,2,19,0]
02-01 06:07:14.139   639   668 I am_pss  : [2227,10050,com.google.android.configupdater,0,0,0,61370368,2,19,0]
02-01 06:07:14.139   639   668 I am_pss  : [1868,10024,com.android.providers.calendar,0,0,0,62820352,2,19,0]
02-01 06:07:14.139   639   668 I am_pss  : [4446,10069,com.android.tv.frameworkpackagestubs,0,0,0,61857792,2,19,0]
02-01 06:07:14.140   639   668 I am_pss  : [7685,10082,com.google.android.ext.services:modelDownloaderServiceProcess,0,0,0,61501440,2,19,0]
02-01 06:07:14.140   639   668 I am_pss  : [1031,10085,com.google.android.permissioncontroller,0,0,0,83406848,2,6,0]
02-01 06:07:14.140   639   668 I am_pss  : [2428,10054,com.android.vending:instant_app_installer,0,0,0,63660032,2,19,0]
02-01 06:07:14.140   639   668 I am_pss  : [1187,1000,com.android.tv.settings,0,0,0,64217088,2,19,0]
02-01 06:07:14.140   639   668 I am_pss  : [1796,10071,com.google.android.photopicker,0,0,0,62930944,2,19,0]
02-01 06:07:14.140   639   668 I am_pss  : [1592,10030,android.process.media,0,0,0,64352256,2,19,0]
02-01 06:07:14.140   639   668 I am_pss  : [2751,1000,com.android.localtransport,0,0,0,62754816,2,19,0]
02-01 06:07:14.140   639   668 I am_pss  : [2659,10042,com.google.android.tv.dfuservice,0,0,0,62914560,2,19,0]
02-01 06:07:14.140   639   668 I am_pss  : [2361,10073,com.google.android.ondevicepersonalization.services,0,0,0,62103552,2,19,0]
02-01 06:07:14.140   639   668 I am_pss  : [2247,10074,com.google.android.federatedcompute,0,0,0,62111744,2,19,0]
02-01 06:07:14.140   639   668 I am_pss  : [2159,2000,com.android.shell,0,0,0,62611456,2,19,0]
02-01 06:07:14.140   639   668 I am_pss  : [2119,1000,com.android.dynsystem:dynsystem,0,0,0,62431232,2,19,0]
02-01 06:07:14.140   639   668 I am_pss  : [2096,1000,com.android.dynsystem,0,0,0,62201856,2,19,0]
02-01 06:07:14.140   639   668 I am_pss  : [1712,10067,com.android.managedprovisioning,0,0,0,60567552,2,19,0]
02-01 06:07:14.140   639   668 I am_pss  : [2020,10047,com.google.android.onetimeinitializer,0,0,0,62476288,2,19,0]
02-01 06:07:14.140   639   668 I am_pss  : [1472,10046,com.android.tv.provision,0,0,0,64417792,2,19,0]
02-01 06:07:14.140   639   668 I am_pss  : [1836,10021,com.android.externalstorage,0,0,0,62640128,2,19,0]
02-01 06:07:14.140   639   668 I am_pss  : [1176,1068,com.android.se,0,0,0,66953216,2,0,0]
02-01 06:07:14.140   639   668 I am_pss  : [1120,1073,com.android.networkstack.process,0,0,0,78041088,2,0,0]
02-01 06:07:14.140   639   668 I am_pss  : [1028,10068,com.android.systemui,0,0,0,116092928,2,0,0]
02-01 06:07:14.140   639   668 I am_pss  : [639,1000,system,0,0,0,237858816,2,0,0]
02-01 06:07:29.160   639   731 I am_freeze: [1527,com.google.android.gms]
02-01 06:07:29.161   639   731 I am_freeze: [2197,com.google.android.adservices.api]
02-01 06:07:56.796   639   689 I sysui_multi_action: [757,1696,758,6,759,2]
02-01 06:08:10.870   639   669 I am_uid_idle: 10029
02-01 06:08:19.144   639   669 I am_uid_idle: 10089
02-01 06:08:41.217   639   938 I netstats_mobile_sample: [0,0,0,0,0,0,0,0,1769915321161]
02-01 06:08:41.217   639   938 I netstats_wifi_sample: [0,0,0,0,0,0,0,0,1769915321161]
02-01 06:08:43.238   639   662 I commit_sys_config_file: [jobs,7]
02-01 06:08:59.781   639   731 I am_unfreeze: [1527,com.google.android.gms,6]
02-01 06:08:59.781   639  3838 I am_uid_active: 10089
02-01 06:08:59.787   639   731 I am_unfreeze: [2197,com.google.android.adservices.api,6]
02-01 06:09:14.869   639   731 I am_freeze: [1527,com.google.android.gms]
02-01 06:09:14.871   639   731 I am_freeze: [2197,com.google.android.adservices.api]
02-01 06:09:14.909   639   731 I am_compact: [1527,com.google.android.gms,ANON,99044,63060,32784,50256,-4608,0,-4608,4608,37,FULL,53790271,905,19,160360,-868]
02-01 06:10:04.819   639   669 I am_uid_idle: 10089
02-01 06:10:14.165   639   731 I am_unfreeze: [1527,com.google.android.gms,6]
02-01 06:10:14.166   639  1885 I am_uid_active: 10089
02-01 06:10:14.168   639   731 I am_unfreeze: [2197,com.google.android.adservices.api,6]
02-01 06:10:29.242   639   731 I am_freeze: [1527,com.google.android.gms]
02-01 06:10:29.244   639   731 I am_freeze: [2197,com.google.android.adservices.api]
02-01 06:11:00.219  1322  1567 I c2dm    : [-1,,4,3]
02-01 06:11:05.391   639   731 I am_unfreeze: [1527,com.google.android.gms,6]
02-01 06:11:05.395   639   731 I am_unfreeze: [2197,com.google.android.adservices.api,6]
02-01 06:11:05.468   639   731 I am_unfreeze: [2551,com.google.android.gms.unstable,6]
02-01 06:11:05.536  2551  2551 I auditd  : type=1400 audit(0.0:65467): avc:  denied  { read } for  comm="binder:2551_A" name="u:object_r:system_adbd_prop:s0" dev="tmpfs" ino=326 scontext=u:r:gmscore_app:s0:c512,c768 tcontext=u:object_r:system_adbd_prop:s0 tclass=file permissive=0 app=com.google.android.gms
02-01 06:11:05.540  2551  2551 I auditd  : type=1400 audit(0.0:65468): avc:  denied  { read } for  comm="binder:2551_A" name="u:object_r:adbd_prop:s0" dev="tmpfs" ino=50 scontext=u:r:gmscore_app:s0:c512,c768 tcontext=u:object_r:adbd_prop:s0 tclass=file permissive=0 app=com.google.android.gms
02-01 06:11:19.191   639   669 I am_uid_idle: 10089
02-01 06:11:20.608   639   731 I am_freeze: [2551,com.google.android.gms.unstable]
02-01 06:11:20.632   639   731 I am_compact: [2551,com.google.android.gms.unstable,ANON,92812,53752,38420,47024,-10240,0,-10240,10112,24,FULL,53300678,905,19,154252,-892]
02-01 06:11:30.516   639   731 I am_freeze: [1527,com.google.android.gms]
02-01 06:11:30.518   639   731 I am_freeze: [2197,com.google.android.adservices.api]
02-01 06:11:30.576   639   731 I am_compact: [1527,com.google.android.gms,ANON,130504,75092,52212,28548,-24064,0,-24064,23936,58,FULL,54150455,905,19,155144,-5036]
02-01 06:11:59.847   639   731 I am_unfreeze: [1527,com.google.android.gms,6]
02-01 06:11:59.848   639  3061 I am_uid_active: 10089
02-01 06:11:59.852   639   731 I am_unfreeze: [2197,com.google.android.adservices.api,6]
02-01 06:12:14.919   639   731 I am_freeze: [1527,com.google.android.gms]
02-01 06:12:14.920   639   731 I am_freeze: [2197,com.google.android.adservices.api]
02-01 06:12:14.955   639   731 I am_compact: [1527,com.google.android.gms,ANON,110664,75092,32372,48260,-4224,0,-4224,4224,35,FULL,54286123,905,19,159876,-328]
02-01 06:13:04.876   639   669 I am_uid_idle: 10089
02-01 06:13:14.224   639   731 I am_unfreeze: [1527,com.google.android.gms,6]
02-01 06:13:14.227   639  3061 I am_uid_active: 10089
02-01 06:13:14.231   639   731 I am_unfreeze: [2197,com.google.android.adservices.api,6]
02-01 06:13:29.316   639   731 I am_freeze: [1527,com.google.android.gms]
02-01 06:13:29.318   639   731 I am_freeze: [2197,com.google.android.adservices.api]
02-01 06:14:19.272   639   669 I am_uid_idle: 10089
02-01 06:14:59.918   639   731 I am_unfreeze: [1527,com.google.android.gms,6]
02-01 06:14:59.926   639  3061 I am_uid_active: 10089
