02-01 05:10:13.215   639   731 I am_unfreeze: [2197,com.google.android.adservices.api,6]
02-01 05:10:28.289   639   731 I am_freeze: [1527,com.google.android.gms]
02-01 05:10:28.290   639   731 I am_freeze: [2197,com.google.android.adservices.api]
02-01 05:10:28.318   639   731 I am_compact: [1527,com.google.android.gms,ANON,121292,84684,33280,48928,-4480,0,-4480,4480,28,FULL,50556257,905,19,175580,-264]
02-01 05:11:18.247   639   669 I am_uid_idle: 10089
02-01 05:11:58.598   639   731 I am_unfreeze: [1527,com.google.android.gms,6]
02-01 05:11:58.600   639  2039 I am_uid_active: 10089
02-01 05:11:58.603   639   731 I am_unfreeze: [2197,com.google.android.adservices.api,6]
02-01 05:12:13.635   639   731 I am_freeze: [1527,com.google.android.gms]
02-01 05:12:13.635   639   731 I am_freeze: [2197,com.google.android.adservices.api]
02-01 05:12:13.657   639   731 I am_compact: [1527,com.google.android.gms,ANON,121548,84684,33536,48544,-4608,0,-4608,4736,22,FULL,50623865,905,19,175568,-304]
02-01 05:12:58.112   639  3539 I commit_sys_config_file: [appops_accesses,14]
02-01 05:13:03.630   639   669 I am_uid_idle: 10089
02-01 05:13:13.262   639   731 I am_unfreeze: [1527,com.google.android.gms,6]
02-01 05:13:13.266   639  2039 I am_uid_active: 10089
02-01 05:13:13.269   639   731 I am_unfreeze: [2197,com.google.android.adservices.api,6]
02-01 05:13:28.350   639   731 I am_freeze: [1527,com.google.android.gms]
02-01 05:13:28.352   639   731 I am_freeze: [2197,com.google.android.adservices.api]
02-01 05:14:18.315   639   669 I am_uid_idle: 10089
02-01 05:14:38.444   639   639 I auditd  : type=1400 audit(0.0:49710): avc:  denied  { getopt } for  comm="binder:639_5" scontext=u:r:system_server:s0 tcontext=u:r:shell:s0 tclass=unix_stream_socket permissive=0
02-01 05:14:38.444   639   639 I auditd  : type=1400 audit(0.0:49711): avc:  denied  { getopt } for  comm="binder:639_5" scontext=u:r:system_server:s0 tcontext=u:r:shell:s0 tclass=unix_stream_socket permissive=0
02-01 05:14:38.444   639   639 I auditd  : type=1400 audit(0.0:49712): avc:  denied  { getopt } for  comm="binder:639_5" scontext=u:r:system_server:s0 tcontext=u:r:shell:s0 tclass=unix_stream_socket permissive=0
02-01 05:14:38.453   639   662 I commit_sys_config_file: [package-session,5]
02-01 05:14:38.459   639   662 I commit_sys_config_file: [package-session,2]
02-01 05:14:38.616   639   639 I auditd  : type=1400 audit(0.0:49713): avc:  denied  { getopt } for  comm="binder:639_5" scontext=u:r:system_server:s0 tcontext=u:r:shell:s0 tclass=unix_stream_socket permissive=0
02-01 05:14:38.616   639   639 I auditd  : type=1400 audit(0.0:49714): avc:  denied  { getopt } for  comm="binder:639_5" scontext=u:r:system_server:s0 tcontext=u:r:shell:s0 tclass=unix_stream_socket permissive=0
02-01 05:14:38.616   639   639 I auditd  : type=1400 audit(0.0:49715): avc:  denied  { getopt } for  comm="binder:639_5" scontext=u:r:system_server:s0 tcontext=u:r:shell:s0 tclass=unix_stream_socket permissive=0
02-01 05:14:38.622   639   669 I am_wtf  : [0,3668,system_server,-1,SystemServiceRegistry,No service published for: persistent_data_block]
02-01 05:14:38.623   639   669 I am_wtf  : [0,3668,system_server,-1,SystemServiceRegistry,Manager wrapper not available: persistent_data_block]
02-01 05:14:38.623   639   705 I commit_sys_config_file: [package-session,1]
02-01 05:14:38.650   639   731 I am_unfreeze: [4166,com.android.vending,10]
02-01 05:14:38.651   639   695 I am_uid_active: 10054
02-01 05:14:38.652   639   731 I am_unfreeze: [2528,com.android.vending:background,10]
02-01 05:14:38.652   639   731 I am_unfreeze: [3145,com.android.vending:quick_launch,10]
02-01 05:14:38.653   639   731 I am_unfreeze: [2428,com.android.vending:instant_app_installer,10]
02-01 05:14:38.761   639   731 I am_unfreeze: [1527,com.google.android.gms,6]
02-01 05:14:38.763   639   731 I am_unfreeze: [2197,com.google.android.adservices.api,6]
02-01 05:14:39.935   639   662 I commit_sys_config_file: [package-session,5]
02-01 05:14:40.038   639   668 I am_pss  : [1538,10052,com.google.android.tvlauncher,0,0,0,114315264,0,2,0]
02-01 05:14:40.038   639   668 I am_pss  : [28243,10094,com.torserve.pwa,0,0,0,187375616,0,15,0]
02-01 05:14:40.038   639   668 I am_pss  : [28269,99049,com.google.android.webview:sandboxed_process0:org.chromium.content.app.SandboxedProcessService0:0,0,0,0,243904512,0,15,0]
02-01 05:14:40.038   639   668 I am_pss  : [28541,10043,com.google.android.apps.mediashell,0,0,0,136372224,0,4,0]
02-01 05:14:40.045   639   695 I commit_sys_config_file: [package,8]
02-01 05:14:40.048   639   693 I commit_sys_config_file: [package-user-0,3]
02-01 05:14:40.049   639   695 I unknown_sources_enabled: 1
02-01 05:14:40.048   639   639 I auditd  : type=1400 audit(0.0:49717): avc:  denied  { getopt } for  comm="binder:639_5" scontext=u:r:system_server:s0 tcontext=u:r:shell:s0 tclass=unix_stream_socket permissive=0
02-01 05:14:40.048   639   639 I auditd  : type=1400 audit(0.0:49718): avc:  denied  { getopt } for  comm="binder:639_5" scontext=u:r:system_server:s0 tcontext=u:r:shell:s0 tclass=unix_stream_socket permissive=0
02-01 05:14:40.048   639   639 I auditd  : type=1400 audit(0.0:49719): avc:  denied  { getopt } for  comm="binder:639_5" scontext=u:r:system_server:s0 tcontext=u:r:shell:s0 tclass=unix_stream_socket permissive=0
02-01 05:14:40.054   639   662 I commit_sys_config_file: [package-session,3]
02-01 05:14:40.055   639   705 I commit_sys_config_file: [package-session,4]
02-01 05:14:40.060   639   710 I commit_sys_config_file: [overlays,4]
02-01 05:14:40.077   639   731 I am_unfreeze: [2414,com.google.android.packageinstaller,3]
02-01 05:14:40.084   639   639 I notification_cancel_all: [1000,639,com.medcard.app,0,0,0,5,NULL]
02-01 05:14:40.090   639   668 I am_pss  : [2414,10028,com.google.android.packageinstaller,0,0,0,66170880,0,11,0]
02-01 05:14:40.620   639   731 I am_unfreeze: [28085,com.google.android.katniss:search,6]
02-01 05:14:40.622   639  2039 I am_uid_active: 10089
02-01 05:14:50.098   639   731 I am_freeze: [2414,com.google.android.packageinstaller]
02-01 05:14:50.888   639   639 I auditd  : type=1400 audit(0.0:49720): avc:  denied  { getopt } for  comm="binder:639_14" scontext=u:r:system_server:s0 tcontext=u:r:shell:s0 tclass=unix_stream_socket permissive=0
02-01 05:14:50.888   639   639 I auditd  : type=1400 audit(0.0:49721): avc:  denied  { getopt } for  comm="binder:639_14" scontext=u:r:system_server:s0 tcontext=u:r:shell:s0 tclass=unix_stream_socket permissive=0
02-01 05:14:50.888   639   639 I auditd  : type=1400 audit(0.0:49722): avc:  denied  { getopt } for  comm="binder:639_14" scontext=u:r:system_server:s0 tcontext=u:r:shell:s0 tclass=unix_stream_socket permissive=0
02-01 05:14:50.894   639   662 I commit_sys_config_file: [package-session,4]
02-01 05:14:50.901   639   662 I commit_sys_config_file: [package-session,4]
02-01 05:14:51.000   639   639 I auditd  : type=1400 audit(0.0:49723): avc:  denied  { getopt } for  comm="binder:639_14" scontext=u:r:system_server:s0 tcontext=u:r:shell:s0 tclass=unix_stream_socket permissive=0
02-01 05:14:51.000   639   639 I auditd  : type=1400 audit(0.0:49724): avc:  denied  { getopt } for  comm="binder:639_14" scontext=u:r:system_server:s0 tcontext=u:r:shell:s0 tclass=unix_stream_socket permissive=0
02-01 05:14:51.000   639   639 I auditd  : type=1400 audit(0.0:49725): avc:  denied  { getopt } for  comm="binder:639_14" scontext=u:r:system_server:s0 tcontext=u:r:shell:s0 tclass=unix_stream_socket permissive=0
02-01 05:14:51.000   639   639 I auditd  : type=1400 audit(0.0:49726): avc:  denied  { getopt } for  comm="binder:639_14" scontext=u:r:system_server:s0 tcontext=u:r:shell:s0 tclass=unix_stream_socket permissive=0
02-01 05:14:51.007   639   669 I am_wtf  : [0,3668,system_server,-1,SystemServiceRegistry,No service published for: persistent_data_block]
02-01 05:14:51.007   639   669 I am_wtf  : [0,3668,system_server,-1,SystemServiceRegistry,Manager wrapper not available: persistent_data_block]
02-01 05:14:51.008   639   705 I commit_sys_config_file: [package-session,1]
02-01 05:14:51.021   639   668 I am_pss  : [1527,10053,com.google.android.gms,0,0,0,141168640,0,4,0]
02-01 05:14:51.021   639   668 I am_pss  : [2197,10089,com.google.android.adservices.api,0,0,0,68796416,0,4,0]
02-01 05:14:51.382   639   662 I commit_sys_config_file: [package-session,6]
02-01 05:14:51.384   639   695 I installer_clear_app_data_caller: [639,1000,com.medcard.app,39]
02-01 05:14:51.384   639   695 I installer_clear_app_data_call_stack: [clearAppData,com.android.server.pm.Installer,Installer.java,427]
02-01 05:14:51.384   639   695 I installer_clear_app_data_call_stack: [clearAppDataLeafLIF,com.android.server.pm.AppDataHelper,AppDataHelper.java,572]
02-01 05:14:51.384   639   695 I installer_clear_app_data_call_stack: [clearAppDataLIF,com.android.server.pm.AppDataHelper,AppDataHelper.java,556]
02-01 05:14:51.384   639   695 I installer_clear_app_data_call_stack: [prepPerformDexoptIfNeeded,com.android.server.pm.InstallPackageHelper,InstallPackageHelper.java,1211]
02-01 05:14:51.384   639   695 I installer_clear_app_data_call_stack: [installPackagesTraced,com.android.server.pm.InstallPackageHelper,InstallPackageHelper.java,1049]
02-01 05:14:51.384   639   695 I installer_clear_app_data_call_stack: [installPackagesTraced,com.android.server.pm.PackageManagerService,PackageManagerService.java,8225]
02-01 05:14:51.384   639   695 I installer_clear_app_data_call_stack: [processApkInstallRequests,com.android.server.pm.InstallingSession,InstallingSession.java,557]
02-01 05:14:51.384   639   695 I installer_clear_app_data_call_stack: [processInstallRequests,com.android.server.pm.InstallingSession,InstallingSession.java,543]
02-01 05:14:51.384   639   695 I installer_clear_app_data_call_stack: [lambda$processPendingInstall$0,com.android.server.pm.InstallingSession,InstallingSession.java,304]
02-01 05:14:51.384   639   695 I installer_clear_app_data_call_stack: [$r8$lambda$3YxEVU-qWs8li-YcaWhP_DprQyQ,com.android.server.pm.InstallingSession,InstallingSession.java,0]
02-01 05:14:51.384   639   695 I installer_clear_app_data_call_stack: [run,com.android.server.pm.InstallingSession$$ExternalSyntheticLambda3,R8$$SyntheticClass,0]
02-01 05:14:51.384   639   695 I installer_clear_app_data_call_stack: [handleCallback,android.os.Handler,Handler.java,995]
02-01 05:14:51.384   639   695 I installer_clear_app_data_call_stack: [dispatchMessage,android.os.Handler,Handler.java,103]
02-01 05:14:51.384   639   695 I installer_clear_app_data_call_stack: [loopOnce,android.os.Looper,Looper.java,248]
02-01 05:14:51.384   639   695 I installer_clear_app_data_call_stack: [loop,android.os.Looper,Looper.java,338]
02-01 05:14:51.384   639   695 I installer_clear_app_data_call_stack: [run,android.os.HandlerThread,HandlerThread.java,85]
02-01 05:14:51.384   639   695 I installer_clear_app_data_call_stack: [run,com.android.server.ServiceThread,ServiceThread.java,49]
02-01 05:14:51.396   639   695 I commit_sys_config_file: [package,7]
02-01 05:14:51.399   639   695 I unknown_sources_enabled: 1
02-01 05:14:51.403   639   693 I commit_sys_config_file: [package-user-0,7]
02-01 05:14:51.403   639   639 I force_gc: bg
02-01 05:14:51.422   639   731 I am_unfreeze: [1460,com.android.keychain,10]
02-01 05:14:51.430   639   731 I am_unfreeze: [8184,system:ui,10]
02-01 05:14:51.431   639   731 I am_unfreeze: [1187,com.android.tv.settings,10]
02-01 05:14:51.431   639   731 I am_unfreeze: [2751,com.android.localtransport,10]
02-01 05:14:51.431   639   731 I am_unfreeze: [2119,com.android.dynsystem:dynsystem,10]
02-01 05:14:51.431   639   731 I am_unfreeze: [2096,com.android.dynsystem,10]
02-01 05:14:51.436   639   662 I commit_sys_config_file: [package-session,2]
02-01 05:14:51.439   639   705 I commit_sys_config_file: [package-session,2]
02-01 05:14:51.443   639   639 I notification_cancel_all: [1000,639,com.medcard.app,0,0,0,5,NULL]
02-01 05:14:51.444   639   639 I notification_cancel_all: [1000,639,com.medcard.app,0,0,0,5,NULL]
02-01 05:14:51.678   639   731 I am_freeze: [28085,com.google.android.katniss:search]
02-01 05:14:51.700   639   731 I am_compact: [28085,com.google.android.katniss:search,ANON,138316,105552,32124,31480,-10624,-256,-10368,10240,21,FULL,49604825,905,19,153356,-3628]
02-01 05:14:55.485   639   739 I input_interaction: Interaction with: 3db7baf com.google.android.tvlauncher/com.google.android.tvlauncher.MainActivity, PointerEventDispatcher0, 
02-01 05:14:57.999   639   639 I service_manager_stats: [100,42,6665513]
02-01 05:15:14.882   639   958 I storage_state: [41217664-9172-527a-b3d5-edabb50a7d69,0,0,5280116736,6228115456]
02-01 05:15:17.079   639   731 I am_freeze: [1527,com.google.android.gms]
02-01 05:15:17.081   639   731 I am_freeze: [2197,com.google.android.adservices.api]
02-01 05:15:17.147   639   731 I am_compact: [1527,com.google.android.gms,ANON,141784,84876,53580,27624,-24576,0,-24576,24320,65,FULL,50729204,905,19,156808,-7428]
02-01 05:15:18.039   639   731 I am_freeze: [4166,com.android.vending]
02-01 05:15:18.040   639   731 I am_freeze: [2528,com.android.vending:background]
02-01 05:15:18.042   639   731 I am_freeze: [3145,com.android.vending:quick_launch]
02-01 05:15:18.044   639   731 I am_freeze: [2428,com.android.vending:instant_app_installer]
02-01 05:15:18.095   639   731 I am_compact: [4166,com.android.vending,ANON,137904,81276,52788,27624,-23936,-384,-23552,23296,51,FULL,44364789,905,19,164236,-8968]
02-01 05:15:18.117   639   731 I am_compact: [2528,com.android.vending:background,ANON,100780,61260,38624,27792,-9600,0,-9600,9472,21,FULL,44228811,905,19,173204,-3724]
02-01 05:15:31.492   639   731 I am_freeze: [1460,com.android.keychain]
02-01 05:15:31.493   639   731 I am_freeze: [8184,system:ui]
02-01 05:15:31.494   639   731 I am_freeze: [1187,com.android.tv.settings]
02-01 05:15:31.495   639   731 I am_freeze: [2751,com.android.localtransport]
02-01 05:15:31.495   639   731 I am_freeze: [2119,com.android.dynsystem:dynsystem]
02-01 05:15:31.496   639   731 I am_freeze: [2096,com.android.dynsystem]
02-01 05:15:52.387   639   708 I wm_task_moved: [1,1,0,1,2]
02-01 05:15:52.387   639   708 I wm_task_moved: [7,1,0,1,2147483647]
02-01 05:15:52.387   639   708 I wm_create_activity: [0,109290916,7,com.google.android.tvlauncher/.settings.FavoriteLaunchItemsActivity,NULL,NULL,NULL,0]
02-01 05:15:52.388   639   708 I wm_pause_activity: [0,167763937,com.google.android.tvlauncher/.MainActivity,userLeaving=true,resumeTopActivity]
02-01 05:15:52.390  1538  1538 I wm_on_top_resumed_lost_called: [167763937,com.google.android.tvlauncher.MainActivity,topStateChangedWhenResumed]
02-01 05:15:52.393  1538  1538 I wm_on_paused_called: [167763937,com.google.android.tvlauncher.MainActivity,performPause,2]
02-01 05:15:52.395   639   708 I wm_restart_activity: [0,109290916,7,com.google.android.tvlauncher/.settings.FavoriteLaunchItemsActivity]
02-01 05:15:52.395   639   708 I wm_set_resumed_activity: [0,com.google.android.tvlauncher/.settings.FavoriteLaunchItemsActivity,realStartActivityLocked - onActivityStateChanged]
02-01 05:15:52.396   639   660 I sysui_multi_action: [757,803,799,window_time_0,802,665]
02-01 05:15:52.396   639   664 I input_focus: [Requesting to set focus to null window,reason=UpdateInputWindows]
02-01 05:15:52.415  1538  1538 I wm_on_create_called: [109290916,com.google.android.tvlauncher.settings.FavoriteLaunchItemsActivity,performCreate,6]
02-01 05:15:52.418   639   739 I input_focus: [Focus leaving 3db7baf com.google.android.tvlauncher/com.google.android.tvlauncher.MainActivity,reason=Waiting for window because NO_WINDOW]
02-01 05:15:52.419  1538  1538 I wm_on_start_called: [109290916,com.google.android.tvlauncher.settings.FavoriteLaunchItemsActivity,handleStartActivity,0]
02-01 05:15:52.420   639  1891 I wm_set_requested_orientation: [0,com.google.android.tvlauncher/.settings.FavoriteLaunchItemsActivity]
02-01 05:15:52.420  1538  1538 I wm_on_resume_called: [109290916,com.google.android.tvlauncher.settings.FavoriteLaunchItemsActivity,RESUME_ACTIVITY,1]
02-01 05:15:52.424  1538  1538 I wm_on_top_resumed_gained_called: [109290916,com.google.android.tvlauncher.settings.FavoriteLaunchItemsActivity,topStateChangedWhenResumed]
02-01 05:15:52.426   639   664 I input_focus: [Focus request e10541a com.google.android.tvlauncher/com.google.android.tvlauncher.settings.FavoriteLaunchItemsActivity,reason=UpdateInputWindows]
02-01 05:15:52.433  1538  1538 I viewroot_draw_event: [VRI[FavoriteLaunchItemsActivity],reportDrawFinished seqId=0]
02-01 05:15:52.435   639   660 I wm_activity_launch_time: [0,109290916,com.google.android.tvlauncher/.settings.FavoriteLaunchItemsActivity,51]
02-01 05:15:52.436   639   664 I wm_dim_created: [Task=7,1282]
02-01 05:15:52.436   639   664 I wm_dim_cancel_anim: [1282,new target values]
02-01 05:15:52.437   639   664 I wm_dim_animate: [1282,0.800000,0.000000]
02-01 05:15:52.470   639   668 I am_pss  : [1527,10053,com.google.android.gms,0,0,0,120020992,0,19,1]
02-01 05:15:52.470   639   668 I am_pss  : [2197,10089,com.google.android.adservices.api,0,0,0,68796416,0,19,0]
02-01 05:15:52.486   639   739 I input_focus: [Focus entering e10541a com.google.android.tvlauncher/com.google.android.tvlauncher.settings.FavoriteLaunchItemsActivity,reason=Window became focusable. Previous reason: NOT_VISIBLE]
02-01 05:15:52.617   639   664 I wm_dim_finish_anim: 1282
02-01 05:15:54.462   639   739 I input_interaction: Interaction with: e10541a com.google.android.tvlauncher/com.google.android.tvlauncher.settings.FavoriteLaunchItemsActivity, PointerEventDispatcher0, 
02-01 05:16:00.452   639   639 I auditd  : type=1400 audit(0.0:49730): avc:  denied  { getopt } for  comm="binder:639_14" scontext=u:r:system_server:s0 tcontext=u:r:shell:s0 tclass=unix_stream_socket permissive=0
02-01 05:16:00.452   639   639 I auditd  : type=1400 audit(0.0:49731): avc:  denied  { getopt } for  comm="binder:639_14" scontext=u:r:system_server:s0 tcontext=u:r:shell:s0 tclass=unix_stream_socket permissive=0
02-01 05:16:00.452   639   639 I auditd  : type=1400 audit(0.0:49732): avc:  denied  { getopt } for  comm="binder:639_14" scontext=u:r:system_server:s0 tcontext=u:r:shell:s0 tclass=unix_stream_socket permissive=0
02-01 05:16:00.463   639   662 I commit_sys_config_file: [package-session,8]
02-01 05:16:00.469   639   662 I commit_sys_config_file: [package-session,3]
02-01 05:16:00.532   639   639 I auditd  : type=1400 audit(0.0:49733): avc:  denied  { getopt } for  comm="binder:639_14" scontext=u:r:system_server:s0 tcontext=u:r:shell:s0 tclass=unix_stream_socket permissive=0
02-01 05:16:00.532   639   639 I auditd  : type=1400 audit(0.0:49734): avc:  denied  { getopt } for  comm="binder:639_14" scontext=u:r:system_server:s0 tcontext=u:r:shell:s0 tclass=unix_stream_socket permissive=0
02-01 05:16:00.539   639   669 I am_wtf  : [0,3668,system_server,-1,SystemServiceRegistry,No service published for: persistent_data_block]
02-01 05:16:00.539   639   669 I am_wtf  : [0,3668,system_server,-1,SystemServiceRegistry,Manager wrapper not available: persistent_data_block]
02-01 05:16:00.540   639   705 I commit_sys_config_file: [package-session,1]
02-01 05:16:00.557   639   731 I am_unfreeze: [4166,com.android.vending,10]
02-01 05:16:00.564   639   731 I am_unfreeze: [2528,com.android.vending:background,10]
02-01 05:16:00.565   639   731 I am_unfreeze: [3145,com.android.vending:quick_launch,10]
02-01 05:16:00.566   639   731 I am_unfreeze: [2428,com.android.vending:instant_app_installer,10]
02-01 05:16:00.694   639   731 I am_unfreeze: [1527,com.google.android.gms,6]
02-01 05:16:00.694   639   731 I am_unfreeze: [2197,com.google.android.adservices.api,6]
02-01 05:16:01.025   639   662 I commit_sys_config_file: [package-session,5]
02-01 05:16:01.042   639   695 I installer_clear_app_data_caller: [639,1000,com.medcard.app,39]
02-01 05:16:01.042   639   695 I installer_clear_app_data_call_stack: [clearAppData,com.android.server.pm.Installer,Installer.java,427]
02-01 05:16:01.042   639   695 I installer_clear_app_data_call_stack: [clearAppDataLeafLIF,com.android.server.pm.AppDataHelper,AppDataHelper.java,572]
02-01 05:16:01.042   639   695 I installer_clear_app_data_call_stack: [clearAppDataLIF,com.android.server.pm.AppDataHelper,AppDataHelper.java,556]
02-01 05:16:01.042   639   695 I installer_clear_app_data_call_stack: [prepPerformDexoptIfNeeded,com.android.server.pm.InstallPackageHelper,InstallPackageHelper.java,1211]
02-01 05:16:01.042   639   695 I installer_clear_app_data_call_stack: [installPackagesTraced,com.android.server.pm.InstallPackageHelper,InstallPackageHelper.java,1049]
02-01 05:16:01.042   639   695 I installer_clear_app_data_call_stack: [installPackagesTraced,com.android.server.pm.PackageManagerService,PackageManagerService.java,8225]
02-01 05:16:01.042   639   695 I installer_clear_app_data_call_stack: [processApkInstallRequests,com.android.server.pm.InstallingSession,InstallingSession.java,557]
02-01 05:16:01.042   639   695 I installer_clear_app_data_call_stack: [processInstallRequests,com.android.server.pm.InstallingSession,InstallingSession.java,543]
02-01 05:16:01.042   639   695 I installer_clear_app_data_call_stack: [lambda$processPendingInstall$0,com.android.server.pm.InstallingSession,InstallingSession.java,304]
02-01 05:16:01.042   639   695 I installer_clear_app_data_call_stack: [$r8$lambda$3YxEVU-qWs8li-YcaWhP_DprQyQ,com.android.server.pm.InstallingSession,InstallingSession.java,0]
02-01 05:16:01.042   639   695 I installer_clear_app_data_call_stack: [run,com.android.server.pm.InstallingSession$$ExternalSyntheticLambda3,R8$$SyntheticClass,0]
02-01 05:16:01.042   639   695 I installer_clear_app_data_call_stack: [handleCallback,android.os.Handler,Handler.java,995]
02-01 05:16:01.042   639   695 I installer_clear_app_data_call_stack: [dispatchMessage,android.os.Handler,Handler.java,103]
02-01 05:16:01.042   639   695 I installer_clear_app_data_call_stack: [loopOnce,android.os.Looper,Looper.java,248]
02-01 05:16:01.042   639   695 I installer_clear_app_data_call_stack: [loop,android.os.Looper,Looper.java,338]
02-01 05:16:01.042   639   695 I installer_clear_app_data_call_stack: [run,android.os.HandlerThread,HandlerThread.java,85]
02-01 05:16:01.042   639   695 I installer_clear_app_data_call_stack: [run,com.android.server.ServiceThread,ServiceThread.java,49]
02-01 05:16:01.058   639   695 I commit_sys_config_file: [package,8]
02-01 05:16:01.060   639   695 I unknown_sources_enabled: 1
02-01 05:16:01.064   639   693 I commit_sys_config_file: [package-user-0,5]
02-01 05:16:01.064  4166  4166 I force_gc: bg
02-01 05:16:01.066   639   639 I force_gc: bg
02-01 05:16:01.074   639   731 I am_unfreeze: [1460,com.android.keychain,10]
02-01 05:16:01.080   639   731 I am_unfreeze: [8184,system:ui,10]
02-01 05:16:01.092   639   731 I am_unfreeze: [1187,com.android.tv.settings,10]
02-01 05:16:01.093   639   731 I am_unfreeze: [2751,com.android.localtransport,10]
02-01 05:16:01.093   639   731 I am_unfreeze: [2119,com.android.dynsystem:dynsystem,10]
02-01 05:16:01.093   639   731 I am_unfreeze: [2096,com.android.dynsystem,10]
02-01 05:16:01.094   639   662 I commit_sys_config_file: [package-session,4]
02-01 05:16:01.096   639   705 I commit_sys_config_file: [package-session,6]
02-01 05:16:01.110   639   639 I notification_cancel_all: [1000,639,com.medcard.app,0,0,0,5,NULL]
02-01 05:16:01.110   639   639 I notification_cancel_all: [1000,639,com.medcard.app,0,0,0,5,NULL]
02-01 05:16:01.112   639   639 I force_gc: bg
02-01 05:16:05.080   639   740 I sysui_multi_action: [757,803,799,key_back_press,802,1]
02-01 05:16:05.134   639   664 I wm_dim_cancel_anim: [1282,new target values]
02-01 05:16:05.451   639  2039 I wm_finish_activity: [0,109290916,7,com.google.android.tvlauncher/.settings.FavoriteLaunchItemsActivity,app-request]
02-01 05:16:05.452   639  2039 I wm_pause_activity: [0,109290916,com.google.android.tvlauncher/.settings.FavoriteLaunchItemsActivity,userLeaving=false,finish]
02-01 05:16:05.454  1538  1538 I wm_on_top_resumed_lost_called: [109290916,com.google.android.tvlauncher.settings.FavoriteLaunchItemsActivity,topStateChangedWhenResumed]
02-01 05:16:05.455  1538  1538 I wm_on_paused_called: [109290916,com.google.android.tvlauncher.settings.FavoriteLaunchItemsActivity,performPause,1]
02-01 05:16:05.455   639  1891 I wm_add_to_stopping: [0,109290916,com.google.android.tvlauncher/.settings.FavoriteLaunchItemsActivity,completeFinishing]
02-01 05:16:05.456   639  1891 I wm_set_resumed_activity: [0,com.google.android.tvlauncher/.MainActivity,resumeTopActivity - onActivityStateChanged]
02-01 05:16:05.457   639  1891 I wm_resume_activity: [0,167763937,7,com.google.android.tvlauncher/.MainActivity]
02-01 05:16:05.457   639   660 I sysui_multi_action: [757,803,799,window_time_0,802,14]
02-01 05:16:05.459   639   664 I input_focus: [Focus request 3db7baf com.google.android.tvlauncher/com.google.android.tvlauncher.MainActivity,reason=UpdateInputWindows]
02-01 05:16:05.460  1538  1538 I wm_on_resume_called: [167763937,com.google.android.tvlauncher.MainActivity,RESUME_ACTIVITY,1]
02-01 05:16:05.460  1538  1538 I wm_on_top_resumed_gained_called: [167763937,com.google.android.tvlauncher.MainActivity,topWhenResuming]
02-01 05:16:05.487   639   739 I input_focus: [Focus leaving e10541a com.google.android.tvlauncher/com.google.android.tvlauncher.settings.FavoriteLaunchItemsActivity,reason=setFocusedWindow]
02-01 05:16:05.487   639   739 I input_focus: [Focus entering 3db7baf com.google.android.tvlauncher/com.google.android.tvlauncher.MainActivity,reason=setFocusedWindow]
02-01 05:16:05.870   639   663 I wm_destroy_activity: [0,109290916,7,com.google.android.tvlauncher/.settings.FavoriteLaunchItemsActivity,finish-imm:idle]
02-01 05:16:05.886   639   664 I wm_dim_exit: [1282,-,1,0]
02-01 05:16:05.887   639   664 I wm_dim_cancel_anim: [1282,ready to remove]
02-01 05:16:05.887   639   664 I wm_dim_removed: 1282
02-01 05:16:05.903  1538  1538 I wm_on_stop_called: [109290916,com.google.android.tvlauncher.settings.FavoriteLaunchItemsActivity,LIFECYCLER_STOP_ACTIVITY,1]
02-01 05:16:05.903  1538  1538 I wm_on_destroy_called: [109290916,com.google.android.tvlauncher.settings.FavoriteLaunchItemsActivity,performDestroy,0]
02-01 05:16:06.819   639   739 I input_interaction: Interaction with: 3db7baf com.google.android.tvlauncher/com.google.android.tvlauncher.MainActivity, PointerEventDispatcher0, 
02-01 05:16:07.152   639  1891 I wm_task_moved: [62,62,0,1,2]
02-01 05:16:07.152   639  1891 I wm_task_to_front: [0,62,0]
02-01 05:16:07.152   639  1891 I wm_focused_root_task: [0,0,62,1,bringingFoundTaskToFront]
02-01 05:16:07.152   639  1891 I wm_new_intent: [0,80142445,62,com.torserve.pwa/.MainActivity,android.intent.action.MAIN,NULL,NULL,268435456]
02-01 05:16:07.154   639  1891 I wm_pause_activity: [0,167763937,com.google.android.tvlauncher/.MainActivity,userLeaving=true,pauseBackTasks]
02-01 05:16:07.159  1538  1538 I wm_on_top_resumed_lost_called: [167763937,com.google.android.tvlauncher.MainActivity,topStateChangedWhenResumed]
02-01 05:16:07.161  1538  1538 I wm_on_paused_called: [167763937,com.google.android.tvlauncher.MainActivity,performPause,1]
02-01 05:16:07.170   639  1898 I wm_set_resumed_activity: [0,com.torserve.pwa/.MainActivity,resumeTopActivity - onActivityStateChanged]
02-01 05:16:07.170   639  1898 I wm_add_to_stopping: [0,167763937,com.google.android.tvlauncher/.MainActivity,makeInvisible]
02-01 05:16:07.171   639  1898 I wm_resume_activity: [0,80142445,62,com.torserve.pwa/.MainActivity]
02-01 05:16:07.171   639   660 I sysui_multi_action: [757,803,799,window_time_0,802,1]
02-01 05:16:07.174   639   663 I am_uid_active: 99049
02-01 05:16:07.175   639   663 I am_uid_active: 10094
02-01 05:16:07.177   639   731 I am_unfreeze: [28243,com.torserve.pwa,1]
02-01 05:16:07.177   639   731 I am_unfreeze: [28269,com.google.android.webview:sandboxed_process0:org.chromium.content.app.SandboxedProcessService0:0,1]
02-01 05:16:07.178   639   664 I input_focus: [Requesting to set focus to null window,reason=UpdateInputWindows]
02-01 05:16:07.203   639   739 I input_focus: [Focus leaving 3db7baf com.google.android.tvlauncher/com.google.android.tvlauncher.MainActivity,reason=Waiting for window because NO_WINDOW]
02-01 05:16:07.208 28243 28243 I wm_on_restart_called: [80142445,com.torserve.pwa.MainActivity,performRestart,1]
02-01 05:16:07.213 28243 28243 I wm_on_start_called: [80142445,com.torserve.pwa.MainActivity,handleStartActivity,5]
02-01 05:16:07.229 28243 28243 I wm_on_resume_called: [80142445,com.torserve.pwa.MainActivity,RESUME_ACTIVITY,4]
02-01 05:16:07.229 28243 28243 I wm_on_top_resumed_gained_called: [80142445,com.torserve.pwa.MainActivity,topWhenResuming]
02-01 05:16:07.232   639   664 I input_focus: [Focus request 7bdeac2 com.torserve.pwa/com.torserve.pwa.MainActivity,reason=UpdateInputWindows]
02-01 05:16:07.234 28243 28243 I viewroot_draw_event: [VRI[MainActivity],Start draw after previous draw not visible]
02-01 05:16:07.271 28243 28243 I viewroot_draw_event: [VRI[MainActivity],reportDrawFinished seqId=0]
02-01 05:16:07.275   639   660 I sysui_multi_action: [319,365,322,364,325,50962,757,761,758,9,759,2,806,com.torserve.pwa,871,com.torserve.pwa.MainActivity,904,com.google.android.tvlauncher,905,0,1320,12,1321,1]
02-01 05:16:07.277  1028  1095 I jank_cuj_events_begin_request: [128,1769912167277571000,50962824417300,50962824417383,]
02-01 05:16:07.320   639   739 I input_focus: [Focus entering 7bdeac2 com.torserve.pwa/com.torserve.pwa.MainActivity,reason=Window became focusable. Previous reason: NOT_VISIBLE]
02-01 05:16:07.686  1028  1095 I jank_cuj_events_end_request: [128,1769912167685677000,50963232524300,50963232524383]
02-01 05:16:07.691   639   663 I wm_stop_activity: [0,167763937,com.google.android.tvlauncher/.MainActivity]
02-01 05:16:07.704  1538  1538 I wm_on_stop_called: [167763937,com.google.android.tvlauncher.MainActivity,STOP_ACTIVITY_ITEM,6]
02-01 05:16:07.711  1538  1538 I viewroot_draw_event: [VRI[MainActivity],Not drawing due to not visible. Reason=!mAppVisible && !mForceDecorViewVisibility]
02-01 05:16:13.205   639   739 I input_interaction: Interaction with: 7bdeac2 com.torserve.pwa/com.torserve.pwa.MainActivity, PointerEventDispatcher0, 
02-01 05:16:13.461  1333  1333 I viewroot_draw_event: [VRI[InputMethod],Start draw after previous draw not visible]
02-01 05:16:13.486  1333  1333 I viewroot_draw_event: [VRI[InputMethod],reportDrawFinished seqId=0]
02-01 05:16:13.511  1333  1333 I viewroot_draw_event: [VRI[InputMethod],reportDrawFinished seqId=0]
02-01 05:16:13.544 28243 28406 I jank_cuj_events_begin_request: [80,1769912173544344000,50969091193428,50969091193636,0@0@com.torserve.pwa]
02-01 05:16:13.752 28243 28406 I jank_cuj_events_end_request: [80,1769912173751941000,50969298792303,50969298792511]
02-01 05:16:15.699   639   740 I wm_set_resumed_activity: [0,com.torserve.pwa/.MainActivity,setFocusedTask-alreadyTop]
02-01 05:16:15.700   639   740 I sysui_multi_action: [757,803,799,key_back_press,802,1]
02-01 05:16:15.704 28243 28406 I jank_cuj_events_begin_request: [81,1769912175704555000,50971251403554,50971251403720,1@0@com.torserve.pwa]
02-01 05:16:15.921 28243 28406 I jank_cuj_events_end_request: [81,1769912175921825000,50971468673471,50971468673554]
02-01 05:16:16.441  1333  1333 I viewroot_draw_event: [VRI[InputMethod],Not drawing due to not visible. Reason=View.GONE]
02-01 05:16:20.937  1333  1333 I viewroot_draw_event: [VRI[InputMethod],Start draw after previous draw not visible]
02-01 05:16:20.948  1333  1333 I viewroot_draw_event: [VRI[InputMethod],reportDrawFinished seqId=0]
02-01 05:16:20.959  1333  1333 I viewroot_draw_event: [VRI[InputMethod],reportDrawFinished seqId=0]
02-01 05:16:20.987 28243 28406 I jank_cuj_events_begin_request: [80,1769912180987518000,50976534369140,50976534369306,0@0@com.torserve.pwa]
02-01 05:16:21.202 28243 28406 I jank_cuj_events_end_request: [80,1769912181202082000,50976748929723,50976748929931]
02-01 05:16:24.767 28243 28406 I jank_cuj_events_begin_request: [81,1769912184766390000,50980313238100,50980313238266,1@0@com.torserve.pwa]
02-01 05:16:24.969 28243 28406 I jank_cuj_events_end_request: [81,1769912184969308000,50980516156183,50980516156308]
02-01 05:16:25.499  1333  1333 I viewroot_draw_event: [VRI[InputMethod],Not drawing due to not visible. Reason=View.GONE]
02-01 05:16:27.622   639   731 I am_freeze: [3145,com.android.vending:quick_launch]
02-01 05:16:27.623   639   731 I am_freeze: [2428,com.android.vending:instant_app_installer]
02-01 05:16:28.322   639   731 I am_freeze: [1527,com.google.android.gms]
02-01 05:16:28.324   639   731 I am_freeze: [2197,com.google.android.adservices.api]
02-01 05:16:28.369   639   731 I am_compact: [1527,com.google.android.gms,ANON,127576,84876,39372,43368,-11904,0,-11904,11776,45,FULL,50912693,905,19,145788,-3876]
02-01 05:16:32.357   639   661 I wm_task_moved: [1,1,0,1,2]
02-01 05:16:32.357   639   661 I wm_task_to_front: [0,7,0]
02-01 05:16:32.357   639   661 I wm_task_moved: [7,1,0,1,2147483647]
02-01 05:16:32.357   639   661 I wm_focused_root_task: [0,0,1,62,bringingFoundTaskToFront]
02-01 05:16:32.357   639   661 I wm_new_intent: [0,167763937,7,com.google.android.tvlauncher/.MainActivity,android.intent.action.MAIN,NULL,NULL,276824320]
02-01 05:16:32.358   639   661 I wm_pause_activity: [0,80142445,com.torserve.pwa/.MainActivity,userLeaving=true,pauseBackTasks]
02-01 05:16:32.359   639   661 I wm_add_to_stopping: [0,80142445,com.torserve.pwa/.MainActivity,makeInvisible]
02-01 05:16:32.359   639   660 I sysui_multi_action: [757,803,799,window_time_0,802,25]
02-01 05:16:32.361   639   661 I wm_set_resumed_activity: [0,com.google.android.tvlauncher/.MainActivity,resumeTopActivity - onActivityStateChanged]
02-01 05:16:32.362   639   661 I wm_resume_activity: [0,167763937,7,com.google.android.tvlauncher/.MainActivity]
02-01 05:16:32.364 28243 28243 I wm_on_top_resumed_lost_called: [80142445,com.torserve.pwa.MainActivity,topStateChangedWhenResumed]
02-01 05:16:32.366  1538  1538 I wm_on_restart_called: [167763937,com.google.android.tvlauncher.MainActivity,performRestart,0]
02-01 05:16:32.366   639   664 I input_focus: [Requesting to set focus to null window,reason=UpdateInputWindows]
02-01 05:16:32.373 28243 28243 I wm_on_paused_called: [80142445,com.torserve.pwa.MainActivity,performPause,2]
02-01 05:16:32.383  1538  1538 I wm_on_start_called: [167763937,com.google.android.tvlauncher.MainActivity,handleStartActivity,17]
02-01 05:16:32.385  1538  1538 I wm_on_resume_called: [167763937,com.google.android.tvlauncher.MainActivity,RESUME_ACTIVITY,2]
02-01 05:16:32.388   639   664 I input_focus: [Focus request 3db7baf com.google.android.tvlauncher/com.google.android.tvlauncher.MainActivity,reason=UpdateInputWindows]
02-01 05:16:32.390   639   739 I input_focus: [Focus leaving 7bdeac2 com.torserve.pwa/com.torserve.pwa.MainActivity,reason=Waiting for window because NO_WINDOW]
02-01 05:16:32.392  1538  1538 I viewroot_draw_event: [VRI[MainActivity],Start draw after previous draw not visible]
02-01 05:16:32.405  1538  1538 I viewroot_draw_event: [VRI[MainActivity],reportDrawFinished seqId=0]
02-01 05:16:32.405  1538  1538 I wm_on_top_resumed_gained_called: [167763937,com.google.android.tvlauncher.MainActivity,topStateChangedWhenResumed]
02-01 05:16:32.410  1028  1095 I jank_cuj_events_begin_request: [128,1769912192409853000,50987956699062,50987956699187,]
02-01 05:16:32.412   639   660 I sysui_multi_action: [319,53,322,52,325,50987,757,761,758,9,759,2,806,com.google.android.tvlauncher,871,com.google.android.tvlauncher.MainActivity,905,0,1320,4,1321,2]
02-01 05:16:32.453   639   739 I input_focus: [Focus entering 3db7baf com.google.android.tvlauncher/com.google.android.tvlauncher.MainActivity,reason=Window became focusable. Previous reason: NOT_VISIBLE]
02-01 05:16:32.771  1028  1095 I jank_cuj_events_end_request: [55,1769912192771127000,50988317973645,50988317973729]
02-01 05:16:32.819  1028  1095 I jank_cuj_events_end_request: [128,1769912192818782000,50988365628354,50988365628395]
02-01 05:16:32.826   639   663 I wm_stop_activity: [0,80142445,com.torserve.pwa/.MainActivity]
02-01 05:16:32.850 28243 28243 I viewroot_draw_event: [VRI[MainActivity],Not drawing due to not visible. Reason=!mAppVisible && !mForceDecorViewVisibility]
02-01 05:16:32.870 28243 28243 I wm_on_stop_called: [80142445,com.torserve.pwa.MainActivity,STOP_ACTIVITY_ITEM,2]
02-01 05:16:33.613   639   740 I sysui_multi_action: [757,804,799,power_consecutive_short_tap_count,801,1,802,1]
02-01 05:16:33.613   639   740 I sysui_multi_action: [757,804,799,power_double_tap_interval,801,9368281,802,1]
02-01 05:16:33.613   639   740 I intercept_power: [ACTION_DOWN,0,1]
02-01 05:16:33.710   639   740 I intercept_power: [ACTION_UP,0,0]
02-01 05:16:33.711   639   661 I power_sleep_requested: 0
02-01 05:16:33.841   639   689 I sysui_multi_action: [757,1696,758,6,759,0]
02-01 05:16:34.259  1538  1538 I wm_on_top_resumed_lost_called: [167763937,com.google.android.tvlauncher.MainActivity,topStateChangedWhenResumed]
02-01 05:16:34.259   639   689 I wm_pause_activity: [0,167763937,com.google.android.tvlauncher/.MainActivity,userLeaving=false,sleep]
02-01 05:16:34.263  1538  1538 I wm_on_paused_called: [167763937,com.google.android.tvlauncher.MainActivity,performPause,4]
02-01 05:16:34.263   639  2808 I wm_add_to_stopping: [0,167763937,com.google.android.tvlauncher/.MainActivity,completePauseLocked]
02-01 05:16:34.265   639   639 I screen_toggled: 0
02-01 05:16:34.265   639   639 I sysui_multi_action: [757,804,799,screen_timeout,801,900,802,1]
02-01 05:16:34.265   639   660 I sysui_multi_action: [757,803,799,window_time_0,802,2]
02-01 05:16:34.267   639   664 I input_focus: [Requesting to set focus to null window,reason=UpdateInputWindows]
02-01 05:16:34.267   639   639 I sysui_multi_action: [757,1594,758,4,759,-2147483648,1359,9368859]
02-01 05:16:34.267   639   639 I sysui_multi_action: [757,198,758,2,759,2,1359,650,1695,4]
02-01 05:16:34.267   639   639 I power_screen_state: [0,2,0,0,650]
02-01 05:16:34.267   639   639 I power_screen_broadcast_send: 1
02-01 05:16:34.267   639   663 I wm_stop_activity: [0,167763937,com.google.android.tvlauncher/.MainActivity]
02-01 05:16:34.273   639   639 I battery_saving_stats: [0,1,0,9368814,0,0,49990299,0,0]
02-01 05:16:34.273   639   639 I device_idle: [1,no activity]
02-01 05:16:34.273   639   639 I device_idle_light: [1,no activity]
02-01 05:16:34.288   639   731 I am_unfreeze: [1909,com.google.android.youtube.tv,3]
02-01 05:16:34.292   639   739 I input_focus: [Focus leaving 3db7baf com.google.android.tvlauncher/com.google.android.tvlauncher.MainActivity,reason=Waiting for window because NO_WINDOW]
02-01 05:16:34.305  1538  1538 I wm_on_stop_called: [167763937,com.google.android.tvlauncher.MainActivity,STOP_ACTIVITY_ITEM,5]
02-01 05:16:34.306   639   660 I power_screen_broadcast_done: [0,39,1]
02-01 05:16:34.309  1538  1538 I viewroot_draw_event: [VRI[MainActivity],Not drawing due to not visible. Reason=!mAppVisible && !mForceDecorViewVisibility]
02-01 05:16:34.310   639   668 I am_pss  : [1909,10058,com.google.android.youtube.tv,0,0,0,88334336,0,16,0]
02-01 05:16:34.708  1028  1095 I jank_cuj_events_end_request: [55,1769912194708035000,50990254883396,50990254883480]
02-01 05:16:36.579   639   731 I am_freeze: [4166,com.android.vending]
02-01 05:16:36.585   639   731 I am_freeze: [2528,com.android.vending:background]
02-01 05:16:36.648   639   731 I am_compact: [4166,com.android.vending,ANON,135528,81124,50564,30332,-23296,-384,-22912,22656,62,FULL,50913642,905,19,149496,-8064]
02-01 05:16:36.669   639   731 I am_compact: [2528,com.android.vending:background,ANON,99016,61260,36860,29552,-9216,0,-9216,8960,21,FULL,50913663,905,19,157560,-3704]
02-01 05:16:41.087   639   731 I am_freeze: [1460,com.android.keychain]
02-01 05:16:41.088   639   731 I am_freeze: [8184,system:ui]
02-01 05:16:41.089   639   731 I am_freeze: [1187,com.android.tv.settings]
02-01 05:16:41.089   639   731 I am_freeze: [2751,com.android.localtransport]
02-01 05:16:41.090   639   731 I am_freeze: [2119,com.android.dynsystem:dynsystem]
02-01 05:16:41.090   639   731 I am_freeze: [2096,com.android.dynsystem]
02-01 05:16:44.298   639   731 I am_freeze: [1909,com.google.android.youtube.tv]
02-01 05:17:09.193   639 28995 I am_crash: [639,0,com.google.android.bluetooth,550026821,Native crash,Aborted,unknown,0,0]
02-01 05:17:09.205   639 28995 I sysui_multi_action: [757,316,758,4,759,-1]
02-01 05:17:09.209   639  1898 I am_proc_died: [0,23103,com.google.android.bluetooth,-700,0]
02-01 05:17:09.210   639  1898 I am_schedule_service_restart: [0,com.google.android.bluetooth/com.android.bluetooth.btservice.AdapterService,1000]
02-01 05:17:09.210   639  1898 I am_uid_stopped: 1002
02-01 05:17:09.214   639   720 I commit_sys_config_file: [log-files,5]
02-01 05:17:09.218   639   720 I dropbox_file_copy: [/data/tombstones/tombstone_04,65536,SYSTEM_TOMBSTONE]
02-01 05:17:09.219   639   720 I commit_sys_config_file: [log-files,1]
02-01 05:17:09.222   639   731 I am_unfreeze: [1460,com.android.keychain,10]
02-01 05:17:09.227   639   731 I am_unfreeze: [8184,system:ui,10]
02-01 05:17:09.233   639   731 I am_unfreeze: [1187,com.android.tv.settings,10]
02-01 05:17:09.234   639   731 I am_unfreeze: [2751,com.android.localtransport,10]
02-01 05:17:09.234   639   731 I am_unfreeze: [2119,com.android.dynsystem:dynsystem,10]
02-01 05:17:09.234   639   731 I am_unfreeze: [2096,com.android.dynsystem,10]
02-01 05:17:09.244   639   660 I wm_task_created: 63
02-01 05:17:09.249   639   660 I wm_task_moved: [63,63,0,1,3]
02-01 05:17:09.249   639   660 I wm_task_to_front: [0,63,0]
02-01 05:17:09.249   639   660 I wm_create_task: [0,63,63,0]
02-01 05:17:09.249   639   660 I wm_create_activity: [0,202227865,63,com.android.systemui/.usb.UsbDebuggingActivity,NULL,NULL,NULL,276824064]
02-01 05:17:09.249   639   660 I wm_task_moved: [63,63,0,1,3]
02-01 05:17:09.250   639   660 I wm_restart_activity: [0,202227865,63,com.android.systemui/.usb.UsbDebuggingActivity]
02-01 05:17:09.251   639   660 I wm_set_resumed_activity: [0,com.android.systemui/.usb.UsbDebuggingActivity,realStartActivityLocked - onActivityStateChanged]
02-01 05:17:09.251   639   660 I wm_pause_activity: [0,202227865,com.android.systemui/.usb.UsbDebuggingActivity,userLeaving=true,sleep]
02-01 05:17:09.264  1028  1028 I wm_on_create_called: [202227865,com.android.systemui.usb.UsbDebuggingActivity,performCreate,9]
02-01 05:17:09.264  1028  1028 I wm_on_start_called: [202227865,com.android.systemui.usb.UsbDebuggingActivity,handleStartActivity,0]
02-01 05:17:09.264  1028  1028 I wm_on_resume_called: [202227865,com.android.systemui.usb.UsbDebuggingActivity,RESUME_ACTIVITY,0]
02-01 05:17:09.268  1028  1028 I wm_on_top_resumed_gained_called: [202227865,com.android.systemui.usb.UsbDebuggingActivity,topStateChangedWhenResumed]
02-01 05:17:09.268  1028  1028 I wm_on_top_resumed_lost_called: [202227865,com.android.systemui.usb.UsbDebuggingActivity,topStateChangedWhenResumed]
02-01 05:17:09.268  1028  1028 I wm_on_paused_called: [202227865,com.android.systemui.usb.UsbDebuggingActivity,performPause,0]
02-01 05:17:09.268   639  1825 I wm_add_to_stopping: [0,202227865,com.android.systemui/.usb.UsbDebuggingActivity,completePauseLocked]
02-01 05:17:09.269   639   663 I sysui_multi_action: [757,1144,758,8,806,com.android.systemui,871,com.android.systemui.usb.UsbDebuggingActivity]
02-01 05:17:09.270   639   660 I sysui_multi_action: [757,803,799,window_time_0,802,35]
02-01 05:17:09.352  1028  1028 I viewroot_draw_event: [VRI[UsbDebuggingActivity],reportDrawFinished seqId=0]
02-01 05:17:09.352  1028  1028 I viewroot_draw_event: [VRI[UsbDebuggingActivity],Not drawing due to screen off]
02-01 05:17:09.353   639  1825 I wm_stop_activity: [0,202227865,com.android.systemui/.usb.UsbDebuggingActivity]
02-01 05:17:09.619   639   741 I am_uid_running: 1002
02-01 05:17:09.624   639   670 I am_proc_start: [0,28999,1002,com.google.android.bluetooth,service,{com.google.android.bluetooth/com.android.bluetooth.btservice.AdapterService}]
02-01 05:17:09.651   639  3947 I am_proc_bound: [0,28999,com.google.android.bluetooth]
02-01 05:17:09.675  1028  1028 I wm_on_stop_called: [202227865,com.android.systemui.usb.UsbDebuggingActivity,STOP_ACTIVITY_ITEM,0]
02-01 05:17:09.677  1028  1028 I viewroot_draw_event: [VRI[UsbDebuggingActivity],Not drawing due to not visible. Reason=View.INVISIBLE]
02-01 05:17:09.682   639  1762 I am_uid_active: 1002
02-01 05:17:09.715   639   731 I am_unfreeze: [1527,com.google.android.gms,10]
02-01 05:17:09.722   639   731 I am_unfreeze: [2197,com.google.android.adservices.api,10]
02-01 05:17:09.722   639   731 I am_unfreeze: [2551,com.google.android.gms.unstable,10]
02-01 05:17:09.722   639   731 I am_unfreeze: [3948,com.google.android.gms.ui,10]
02-01 05:17:09.740   639   668 I am_pss  : [3948,10053,com.google.android.gms.ui,0,0,0,107614208,0,19,0]
02-01 05:17:09.849   639  1898 D TelephonyRegistry: listen oscl: mHasNotifySubscriptionInfoChangedOccurred==false no callback
02-01 05:17:09.886   639  1898 I am_uid_active: 10020
02-01 05:17:09.886   639   731 I am_unfreeze: [1625,android.process.acore,7]
02-01 05:17:17.576   639   669 I am_uid_idle: 10054
02-01 05:17:29.258   639   740 I sysui_multi_action: [757,804,799,power_consecutive_short_tap_count,801,1,802,1]
02-01 05:17:29.259   639   740 I sysui_multi_action: [757,804,799,power_double_tap_interval,801,55646,802,1]
02-01 05:17:29.259   639   740 I intercept_power: [ACTION_DOWN,0,1]
02-01 05:17:29.263   639   639 I screen_toggled: 1
02-01 05:17:29.266   639   689 I wm_set_resumed_activity: [0,com.android.systemui/.usb.UsbDebuggingActivity,resumeTopActivity - onActivityStateChanged]
02-01 05:17:29.267   639   639 I power_screen_broadcast_send: 1
02-01 05:17:29.269   639   689 I wm_resume_activity: [0,202227865,63,com.android.systemui/.usb.UsbDebuggingActivity]
02-01 05:17:29.270  1028  1028 I wm_on_restart_called: [202227865,com.android.systemui.usb.UsbDebuggingActivity,performRestart,0]
02-01 05:17:29.270  1028  1028 I wm_on_start_called: [202227865,com.android.systemui.usb.UsbDebuggingActivity,handleStartActivity,0]
02-01 05:17:29.270  1028  1028 I wm_on_resume_called: [202227865,com.android.systemui.usb.UsbDebuggingActivity,RESUME_ACTIVITY,0]
02-01 05:17:29.270  1538  1538 I wm_on_restart_called: [167763937,com.google.android.tvlauncher.MainActivity,performRestart,0]
02-01 05:17:29.270  1028  1028 I wm_on_top_resumed_gained_called: [202227865,com.android.systemui.usb.UsbDebuggingActivity,topWhenResuming]
02-01 05:17:29.274   639   689 I sysui_multi_action: [757,1696,758,6,759,3]
02-01 05:17:29.282   639   689 I sysui_latency: [5,20]
02-01 05:17:29.287   639   664 I input_focus: [Focus request ecccc0e com.android.systemui/com.android.systemui.usb.UsbDebuggingActivity,reason=UpdateInputWindows]
02-01 05:17:29.295  1028  1028 I viewroot_draw_event: [VRI[UsbDebuggingActivity],Start draw after previous draw not visible]
02-01 05:17:29.295  1028  1028 I viewroot_draw_event: [VRI[UsbDebuggingActivity],Resumed drawing after screen turned on]
02-01 05:17:29.297   639   639 I sysui_multi_action: [757,198,758,1,759,1,1359,23,1694,1]
02-01 05:17:29.297   639   639 I power_screen_state: [1,0,0,0,23]
02-01 05:17:29.306   639   731 I am_unfreeze: [1909,com.google.android.youtube.tv,3]
02-01 05:17:29.312   639   639 I battery_saving_stats: [0,0,0,55039,0,0,905604,0,0]
02-01 05:17:29.313   639   639 I device_idle: [0,screen]
02-01 05:17:29.313   639   639 I device_idle_light: [0,screen]
02-01 05:17:29.314   639   717 I device_idle_off_start: screen
02-01 05:17:29.316   639   717 I device_idle_off_complete: 
02-01 05:17:29.321  1028  1028 I viewroot_draw_event: [VRI[UsbDebuggingActivity],reportDrawFinished seqId=0]
02-01 05:17:29.324  1538  1538 I wm_on_start_called: [167763937,com.google.android.tvlauncher.MainActivity,handleStartActivity,54]
02-01 05:17:29.337  1538  1538 I viewroot_draw_event: [VRI[MainActivity],Start draw after previous draw not visible]
02-01 05:17:29.347   639   740 I intercept_power: [ACTION_UP,0,0]
02-01 05:17:29.352   639   660 I power_screen_broadcast_done: [1,85,1]
02-01 05:17:29.360   639   731 I am_unfreeze: [28085,com.google.android.katniss:search,3]
02-01 05:17:29.402  1538  1538 I viewroot_draw_event: [VRI[MainActivity],reportDrawFinished seqId=0]
02-01 05:17:29.418   639   664 I wm_dim_created: [Task=63,1308]
02-01 05:17:29.418   639   664 I wm_dim_cancel_anim: [1308,new target values]
02-01 05:17:29.418   639   664 I wm_dim_animate: [1308,0.600000,0.000000]
02-01 05:17:29.427   639   739 I input_focus: [Focus entering ecccc0e com.android.systemui/com.android.systemui.usb.UsbDebuggingActivity,reason=Window became focusable. Previous reason: NOT_VISIBLE]
02-01 05:17:29.567   639   664 I wm_dim_finish_anim: 1308
02-01 05:17:29.907   639   731 I am_freeze: [1460,com.android.keychain]
02-01 05:17:29.907   639   731 I am_freeze: [8184,system:ui]
02-01 05:17:29.908   639   731 I am_freeze: [1187,com.android.tv.settings]
02-01 05:17:29.909   639   731 I am_freeze: [2751,com.android.localtransport]
02-01 05:17:29.909   639   731 I am_freeze: [2119,com.android.dynsystem:dynsystem]
02-01 05:17:29.910   639   731 I am_freeze: [2096,com.android.dynsystem]
02-01 05:17:30.350   639   731 I am_freeze: [2551,com.google.android.gms.unstable]
02-01 05:17:30.351   639   731 I am_freeze: [3948,com.google.android.gms.ui]
02-01 05:17:30.379   639   731 I am_compact: [3948,com.google.android.gms.ui,ANON,110340,72776,36892,52956,-9728,0,-9728,9472,28,FULL,41799388,925,19,147420,-3324]
02-01 05:17:30.699   639   739 I input_interaction: Interaction with: ecccc0e com.android.systemui/com.android.systemui.usb.UsbDebuggingActivity, PointerEventDispatcher0, 
