2026-02-14 16:52:05.657   489-9693  IPCThreadState          audioserver                          W  Sending oneway calls to frozen process.
2026-02-14 16:52:05.658   443-29416 android.ha...mpl.ranchu android.hardware.audio.service       E  updateSinkMetadata:387 failure: Result::NOT_SUPPORTED
2026-02-14 16:52:05.657  9380-9408  DefaultLPManager        com.google.android.tts:search        I  #getInstalledPackages
2026-02-14 16:52:05.658  9380-9408  goj                     com.google.android.tts:search        I  #getInstalledPackages from MDD
2026-02-14 16:52:05.658  9380-9408  goj                     com.google.android.tts:search        I  #GetLanguagePackList
2026-02-14 16:52:05.658  9380-9408  goj                     com.google.android.tts:search        I  MDD.getFileGroupsByFilter(langpack-domain_xx-XX_ver_zipfile)
2026-02-14 16:52:05.660  9380-9416  SodaLPDirGenerator      com.google.android.tts:search        I  Found matching installed packs: 
2026-02-14 16:52:05.660  9380-9416  DefaultLPManager        com.google.android.tts:search        I  #getAvailablePackages
2026-02-14 16:52:05.660  9380-9416  goj                     com.google.android.tts:search        I  #getDownloadableLanguagePacks
2026-02-14 16:52:05.661  9380-9416  LanguagePackConfigImpl  com.google.android.tts:search        I  Loaded languagepack (LP) flag value from latest config asmd_zipfile_medium_default: [en-US3006, de-DE3002, es-ES3000, fr-FR3002, it-IT3000, ja-JP3003, en-AU3003, en-GB3002, en-IE3002, en-SG3001]
2026-02-14 16:52:05.661  9380-9416  SystemLPSourceImpl      com.google.android.tts:search        W  #getAvailablePackages: Note there is not reason to call this method, as getInstalledPackages() returns the same LanguagePacks for this impl.
2026-02-14 16:52:05.662  9380-9413  SodaLPDirGenerator      com.google.android.tts:search        W  Returning no LP, as MDD does not support locale: ru-RU.
2026-02-14 16:52:05.662  9380-9416  SodaSpeechRecognizer    com.google.android.tts:search        E  Failed to get language pack of required locale: error 12
2026-02-14 16:52:05.665   489-580   IPCThreadState          audioserver                          W  Sending oneway calls to frozen process.
2026-02-14 16:52:05.665   489-580   IPCThreadState          audioserver                          W  Sending oneway calls to frozen process.
2026-02-14 16:52:05.682  9380-9690  ALT.AudioStreamReader   com.google.android.tts:search        I  #audio# start audio buffering
2026-02-14 16:52:05.682  9380-9416  fub                     com.google.android.tts:search        I  #audio# starting listening client(TNG_TRANSCRIPTION) route(AudioRouteType[name=BUILTIN_AUDIO_ROUTE]) took 65(ms)
2026-02-14 16:52:05.684  9380-9416  ALT.AudioEventsHolder   com.google.android.tts:search        I  #audio# audio request client(token(379150507)) session(token(1834880055)) start listening status(OPENED)
2026-02-14 16:52:05.685  9380-9413  fub                     com.google.android.tts:search        I  #audio# AudioRequestListeningSession start listening status: OPENED
2026-02-14 16:52:05.685  9380-9413  TranscriptionDataServic com.google.android.tts:search        I  updated TranscriptionState: TranscriptionState{language=Russian (Russia), liveTranscription=null, finalRecognitionResults=null, hasStartOfSpeech=false, isMicOpen=true, appflowErrorStatus=null, speechLevel=0, audioUri=, lastAudioRationaleToastTimestampLoaded=false} for request-id f19e3a88-9e64-4dc6-809b-68116351872b
2026-02-14 16:52:05.685  9380-9416  MicUpdateReporter       com.google.android.tts:search        I  #audio# reportMicUpdate
2026-02-14 16:52:05.691   489-4754  NativePerm...Controller audioserver                          D  checkPermission: missing 1 for 10062
2026-02-14 16:52:05.692   489-4754  NativePerm...Controller audioserver                          D  checkPermission: missing 3 for 10062
2026-02-14 16:52:05.692   489-4754  NativePerm...Controller audioserver                          D  checkPermission: missing 5 for 10062
2026-02-14 16:52:05.694   489-4754  AudioFlinger            audioserver                          D  Client defaulted notificationFrames to 2156 for frameCount 4313
2026-02-14 16:52:05.694   489-4754  AF::PthrPatchRecord     audioserver                          I  creating track with enforcement level 0
2026-02-14 16:52:05.696   443-9684  android.ha...mpl.ranchu android.hardware.audio.service       W  pcmWrite:259 pcm_writei failed with 'cannot read/write stream data: I/O error' (-1)
2026-02-14 16:52:05.696   443-9684  android.ha...mpl.ranchu android.hardware.audio.service       E  pcmWrite:260 failure: -1
2026-02-14 16:52:05.702   443-9698  android.ha...mpl.ranchu android.hardware.audio.service       E  pcmOpen:181 pcm_prepare failed for nChannels=1 sampleRateHz=16000 period_count=4 period_size=128 isOut=0 with cannot prepare channel: I/O error (-1)
2026-02-14 16:52:05.702   443-9698  android.ha...mpl.ranchu android.hardware.audio.service       E  pcmOpen:184 failure: nullptr
2026-02-14 16:52:05.702   443-9698  android.ha...mpl.ranchu android.hardware.audio.service       E  create:216 failure: nullptr
2026-02-14 16:52:05.702   443-9698  android.ha...mpl.ranchu android.hardware.audio.service       D  ~TinyalsaSource: joining producerThread
2026-02-14 16:52:05.703   443-9698  android.ha...mpl.ranchu android.hardware.audio.service       W  create:453 failed to create alsa source for 'AUDIO_DEVICE_IN_BUILTIN_MIC'; creating a tone source instead.
2026-02-14 16:52:05.706  9380-9690  AudioPlayer             com.google.android.tts:search        I  Playing beep com.google.android.tts:raw/open (size 8626 bytes)
2026-02-14 16:52:05.708   639-1002  AppOps                  system_server                        E  attributionTag  not declared in manifest of com.google.android.tts
2026-02-14 16:52:05.708   639-5169  AppOps                  system_server                        E  attributionTag  not declared in manifest of com.google.android.tts
2026-02-14 16:52:05.723   489-4754  NativePerm...Controller audioserver                          D  checkPermission: missing 13 for 10062
2026-02-14 16:52:05.724   489-2224  NativePerm...Controller audioserver                          D  checkPermission: missing 13 for 10062
2026-02-14 16:52:05.724   489-489   NativePerm...Controller audioserver                          D  checkPermission: missing 13 for 10062
2026-02-14 16:52:05.724   489-2224  NativePerm...Controller audioserver                          D  checkPermission: missing 13 for 10062
2026-02-14 16:52:05.728  1028-1523  WindowManagerShell      com.android.systemui                 V  onTransitionReady(transaction=2744484110162)
2026-02-14 16:52:05.732  9380-9689  ALT.ProcFirstByteTime   com.google.android.tts:search        I  #audio# mark first byte read result as non-empty, actual(20ms ago)
2026-02-14 16:52:05.732  9380-9416  ALT.StopAwareStartRslt  com.google.android.tts:search        I  #audio# result(fsc@a5556c5) synced first-byte-read
2026-02-14 16:52:05.733  1028-1074  WindowManagerShell      com.android.systemui                 V  onTransitionReady (#223) android.os.BinderProxy@a772251: {id=223 t=OPEN f=0x0 trk=0 r=[0@Point(0, 0)] c=[
                                                                                                            {m=OPEN f=TRANSLUCENT|FILLS_TASK leash=Surface(name=ActivityRecord{3484139 u0 com.google.android.tts/com.google.android.apps.speech.tts.googletts.service.GoogleTTSActivity)/@0x2a5c784 sb=Rect(0, 0 - 0, 0) eb=Rect(0, 0 - 3840, 2160) epz=Point(3840, 2160) d=-1->0 r=-1->0:-1 bc=ff424242 component=com.google.android.tts/com.google.android.libraries.speech.transcription.ui.TranscriptionActivity opt={t=FROM_STYLE mUserId=0}},
                                                                                                            {m=CLOSE f=TRANSLUCENT|FILLS_TASK leash=Surface(name=ActivityRecord{257580605 u0 android/com.android.internal.app.ResolverActivity)/@0x7785b6d sb=Rect(0, 0 - 3840, 2160) eb=Rect(0, 0 - 3840, 2160) epz=Point(3840, 2160) d=0 bc=ff424242 component=android/com.android.internal.app.ResolverActivity opt={t=FROM_STYLE mUserId=0}}
                                                                                                        ]}
2026-02-14 16:52:05.733  9380-9687  TranscriptionDataServic com.google.android.tts:search        I  updated TranscriptionState: TranscriptionState{language=Russian (Russia), liveTranscription=null, finalRecognitionResults=null, hasStartOfSpeech=false, isMicOpen=true, appflowErrorStatus=null, speechLevel=100, audioUri=, lastAudioRationaleToastTimestampLoaded=false} for request-id f19e3a88-9e64-4dc6-809b-68116351872b
2026-02-14 16:52:05.735  1028-1074  WindowManagerShell      com.android.systemui                 V  Playing animation for (#223) android.os.BinderProxy@a772251@0
2026-02-14 16:52:05.735  1028-1074  WindowManagerShell      com.android.systemui                 V  Transition doesn't have explicit remote, search filters for match for {id=223 t=OPEN f=0x0 trk=0 r=[0@Point(0, 0)] c=[{m=OPEN f=TRANSLUCENT|FILLS_TASK leash=Surface(name=ActivityRecord{3484139 u0 com.google.android.tts/com.google.android.apps.speech.tts.googletts.service.GoogleTTSActivity)/@0x2a5c784 sb=Rect(0, 0 - 0, 0) eb=Rect(0, 0 - 3840, 2160) epz=Point(3840, 2160) d=-1->0 r=-1->0:-1 bc=ff424242 component=com.google.android.tts/com.google.android.libraries.speech.transcription.ui.TranscriptionActivity opt={t=FROM_STYLE mUserId=0}},{m=CLOSE f=TRANSLUCENT|FILLS_TASK leash=Surface(name=ActivityRecord{257580605 u0 android/com.android.internal.app.ResolverActivity)/@0x7785b6d sb=Rect(0, 0 - 3840, 2160) eb=Rect(0, 0 - 3840, 2160) epz=Point(3840, 2160) d=0 bc=ff424242 component=android/com.android.internal.app.ResolverActivity opt={t=FROM_STYLE mUserId=0}}]}
2026-02-14 16:52:05.735  1028-1074  WindowManagerShell      com.android.systemui                 V   Delegate animation for (#223) to null
2026-02-14 16:52:05.735  1028-1074  WindowManagerShell      com.android.systemui                 V  start default transition animation, info = {id=223 t=OPEN f=0x0 trk=0 r=[0@Point(0, 0)] c=[{m=OPEN f=TRANSLUCENT|FILLS_TASK leash=Surface(name=ActivityRecord{3484139 u0 com.google.android.tts/com.google.android.apps.speech.tts.googletts.service.GoogleTTSActivity)/@0x2a5c784 sb=Rect(0, 0 - 0, 0) eb=Rect(0, 0 - 3840, 2160) epz=Point(3840, 2160) d=-1->0 r=-1->0:-1 bc=ff424242 component=com.google.android.tts/com.google.android.libraries.speech.transcription.ui.TranscriptionActivity opt={t=FROM_STYLE mUserId=0}},{m=CLOSE f=TRANSLUCENT|FILLS_TASK leash=Surface(name=ActivityRecord{257580605 u0 android/com.android.internal.app.ResolverActivity)/@0x7785b6d sb=Rect(0, 0 - 3840, 2160) eb=Rect(0, 0 - 3840, 2160) epz=Point(3840, 2160) d=0 bc=ff424242 component=android/com.android.internal.app.ResolverActivity opt={t=FROM_STYLE mUserId=0}}]}
2026-02-14 16:52:05.735  1028-1074  WindowManagerShell      com.android.systemui                 V  loadAnimation: anim=null animAttr=0x5 type=OPEN isEntrance=false
2026-02-14 16:52:05.735  1028-1074  WindowManagerShell      com.android.systemui                 V  loadAnimation: anim=null animAttr=0x4 type=OPEN isEntrance=true
2026-02-14 16:52:05.736  1028-1074  WindowManagerShell      com.android.systemui                 V  Transition animation finished (aborted=false), notifying core (#223) android.os.BinderProxy@a772251@0
2026-02-14 16:52:05.740  1028-1074  WindowManagerShell      com.android.systemui                 V  Track 0 became idle
2026-02-14 16:52:05.741  1028-1074  WindowManagerShell      com.android.systemui                 V  All active transition animations finished
2026-02-14 16:52:05.741  1028-1074  WindowManagerShell      com.android.systemui                 V   animated by com.android.wm.shell.transition.DefaultTransitionHandler@2338fc6
2026-02-14 16:52:05.741  1028-1074  WindowManagerShell      com.android.systemui                 V  Track 0 became idle
2026-02-14 16:52:05.741  1028-1074  WindowManagerShell      com.android.systemui                 V  All active transition animations finished
2026-02-14 16:52:05.741  8184-8184  VRI[ResolverActivity]   system:ui                            D  visibilityChanged oldVisibility=true newVisibility=false
2026-02-14 16:52:05.741   639-660   ActivityTaskManager     system_server                        I  Displayed com.google.android.tts/com.google.android.apps.speech.tts.googletts.service.GoogleTTSActivity for user 0: +254ms
2026-02-14 16:52:05.741   639-660   WindowManager           system_server                        V  Sent Transition (#223) createdAt=02-14 16:52:05.470 via request=TransitionRequestInfo { type = OPEN, triggerTask = TaskInfo{userId=0 taskId=82 effectiveUid=10094 displayId=0 isRunning=true baseIntent=Intent { act=android.intent.action.MAIN cat=[android.intent.category.LEANBACK_LAUNCHER] flg=0x10000000 pkg=com.torserve.pwa cmp=com.torserve.pwa/.MainActivity } baseActivity=ComponentInfo{com.torserve.pwa/com.torserve.pwa.MainActivity} topActivity=ComponentInfo{com.google.android.tts/com.google.android.libraries.speech.transcription.ui.TranscriptionActivity} origActivity=null realActivity=ComponentInfo{com.torserve.pwa/com.torserve.pwa.MainActivity} numActivities=3 lastActiveTime=68285121 supportsMultiWindow=false resizeMode=1 isResizeable=true minWidth=-1 minHeight=-1 defaultMinSize=220 token=WCT{RemoteToken{5fd4340 Task{d0287fa #82 type=standard A=10094:com.torserve.pwa}}} topActivityType=1 pictureInPictureParams=null shouldDockBigOverlays=true launchIntoPipHostTaskId=-1 lastParentTaskIdBeforePip=-1 displayCutoutSafeInsets=Rect(0, 0 - 0, 0) topActivityInfo=ActivityInfo{7370ffd com.google.android.apps.speech.tts.googletts.service.GoogleTTSActivity} launchCookies=[] positionInParent=Point(0, 0) parentTaskId=-1 isFocused=true isVisible=true isVisibleRequested=true isTopActivityNoDisplay=false isSleeping=false locusId=null displayAreaFeatureId=1 isTopActivityTransparent=true isActivityStackTransparent=false lastNonFullscreenBounds=Rect(1374, 108 - 2467, 2052) capturedLink=null capturedLinkTimestamp=0 requestedVisibleTypes=-9 topActivityRequestOpenInBrowserEducationTimestamp=0 appCompatTaskInfo=AppCompatTaskInfo { topActivityInSizeCompat=false eligibleForLetterboxEducation= false isLetterboxEducationEnabled= false isLetterboxDoubleTapEnabled= false eligibleForUserAspectRatioButton= false topActivityBoundsLetterboxed= false isFromLetterboxDoubleTap= false topActivityLetterboxVerticalPosition= -1 topActivityLetterboxHorizontalPosition= -1 topActivityLetterboxWidth=-1 topActivityLetterboxHeight=-1 topActivityAppBounds=Rect(0, 0 - 3840, 2160) isUserFullscreenOverrideEnabled=false isSystemFullscreenOverrideEnabled=false hasMinAspectRatioOverride=false topActivityLetterboxBounds=null cameraCompatTaskInfo=CameraCompatTaskInfo { freeformCameraCompatMode=inactive}} topActivityMainWindowFrame=null}, pipChange = null, remoteTransition = null, displayChange = null, flags = 0, debugId = 223 }
2026-02-14 16:52:05.741   639-660   WindowManager           system_server                        V      startWCT=WindowContainerTransaction { changes= {} hops= [] errorCallbackToken=null taskFragmentOrganizer=null }
2026-02-14 16:52:05.741   639-660   WindowManager           system_server                        V      info={id=223 t=OPEN f=0x0 trk=0 r=[0@Point(0, 0)] c=[
                                                                                                            {m=OPEN f=TRANSLUCENT|FILLS_TASK leash=Surface(name=ActivityRecord{3484139 u0 com.google.android.tts/com.google.android.apps.speech.tts.googletts.service.GoogleTTSActivity)/@0x8fdd866 sb=Rect(0, 0 - 0, 0) eb=Rect(0, 0 - 3840, 2160) epz=Point(3840, 2160) d=-1->0 r=-1->0:-1 bc=ff424242 component=com.google.android.tts/com.google.android.libraries.speech.transcription.ui.TranscriptionActivity opt={t=FROM_STYLE mUserId=0}},
                                                                                                            {m=CLOSE f=TRANSLUCENT|FILLS_TASK leash=Surface(name=ActivityRecord{257580605 u0 android/com.android.internal.app.ResolverActivity)/@0x9cb3e71 sb=Rect(0, 0 - 3840, 2160) eb=Rect(0, 0 - 3840, 2160) epz=Point(3840, 2160) d=0 bc=ff424242 component=android/com.android.internal.app.ResolverActivity opt={t=FROM_STYLE mUserId=0}}
                                                                                                        ]}
2026-02-14 16:52:05.741   639-660   WindowManager           system_server                        V  Finish Transition (#223): created at 02-14 16:52:05.470 collect-started=0.038ms request-sent=3.562ms started=3.882ms ready=28.169ms sent=257.225ms finished=269.771ms
2026-02-14 16:52:05.744  9380-9413  ALT.ProcStartTime       com.google.android.tts:search        I  #audio# processor(flm@ebd9bae) is being completed(REASON_REALTIME_GAP)
2026-02-14 16:52:05.745   489-582   AudioFlinger            audioserver                          D  mixer(0xb400007b040b0770) throttle end: throttle time(31)
2026-02-14 16:52:05.747  9380-9413  ALT.ProcStartTime       com.google.android.tts:search        I  #audio# processor(flm@ebd9bae) done, processed(20000000ns), spent(14613708ns), deviation(-20000000ns)
2026-02-14 16:52:05.747  9380-9416  ALT.StopAwareStartRslt  com.google.android.tts:search        I  #audio# result(fsc@a5556c5) synced audio-start-time
2026-02-14 16:52:05.749  9380-9404  EGL_emulation           com.google.android.tts:search        I  Opening libGLESv1_CM_emulation.so
2026-02-14 16:52:05.749  9380-9404  EGL_emulation           com.google.android.tts:search        I  Opening libGLESv2_emulation.so
2026-02-14 16:52:05.770  9380-9404  HWUI                    com.google.android.tts:search        W  Failed to choose config with EGL_SWAP_BEHAVIOR_PRESERVED, retrying without...
2026-02-14 16:52:05.771  9380-9404  HWUI                    com.google.android.tts:search        W  Failed to initialize 101010-2 format, error = EGL_SUCCESS
2026-02-14 16:52:05.784  8184-8188  system:ui               system:ui                            W  Cleared Reference was only reachable from finalizer (only reported once)
2026-02-14 16:52:05.786  8184-8188  system:ui               system:ui                            W  Reducing the number of considered missed Gc histogram windows from 560 to 100
2026-02-14 16:52:05.804   443-9684  android.ha...mpl.ranchu android.hardware.audio.service       W  pcmWrite:259 pcm_writei failed with 'cannot read/write stream data: I/O error' (-1)
2026-02-14 16:52:05.804   443-9684  android.ha...mpl.ranchu android.hardware.audio.service       E  pcmWrite:260 failure: -1
2026-02-14 16:52:05.805  8184-8184  WindowOnBackDispatcher  system:ui                            W  sendCancelIfRunning: isInProgress=false callback=android.app.Activity$$ExternalSyntheticLambda0@8a0bb9
2026-02-14 16:52:05.806  9380-9380  DrawSoundLevelsView     com.google.android.tts:search        I  #setSpeechLevel 100
2026-02-14 16:52:05.807  8184-8184  ViewRootImpl            system:ui                            D  Skipping stats log for color mode
2026-02-14 16:52:05.812   639-4973  ImeTracker              system_server                        I  system_server:2dd77b37: onRequestHide at ORIGIN_SERVER reason IME_REQUESTED_CHANGED_LISTENER fromUser false
2026-02-14 16:52:05.817   639-5169  WindowManager           system_server                        W  Failed looking up window session=Session{3bef859 8184:1000} callers=com.android.server.wm.WindowManagerService.windowForClientLocked:6410 com.android.server.wm.Session.setOnBackInvokedCallbackInfo:1002 android.view.IWindowSession$Stub.onTransact:1156 
2026-02-14 16:52:05.817   639-5169  WindowManager           system_server                        I  setOnBackInvokedCallback(): No window state for package:android
2026-02-14 16:52:05.818   639-745   ImeTracker              system_server                        I  com.google.android.tts:648cd8cd: onRequestHide at ORIGIN_SERVER reason HIDE_UNSPECIFIED_WINDOW fromUser false
2026-02-14 16:52:05.820  1333-1333  GoogleInpu...hodService com...gle.android.inputmethod.latin  I  GoogleInputMethodService.onFinishInput():2084 
2026-02-14 16:52:05.821  1333-1333  Module                  com...gle.android.inputmethod.latin  I  DeviceLockedStatusModuleProvider$Module.updateDeviceLockedStatus():101 repeatCheckTimes = 0, locked = false
2026-02-14 16:52:05.821   639-1002  ImeTracker              system_server                        I  system_server:ef0c15bf: onRequestHide at ORIGIN_SERVER reason IME_REQUESTED_CHANGED_LISTENER fromUser false
2026-02-14 16:52:05.821  1333-1333  GoogleInpu...hodService com...gle.android.inputmethod.latin  I  GoogleInputMethodService.onStartInput():1345 onStartInput(EditorInfo{EditorInfo{packageName=com.google.android.tts, inputType=0, inputTypeString=NULL, enableLearning=false, autoCorrection=false, autoComplete=false, imeOptions=0, privateImeOptions=null, actionName=UNSPECIFIED, actionLabel=null, initialSelStart=-1, initialSelEnd=-1, initialCapsMode=0, label=null, fieldId=0, fieldName=null, extras=null, hintText=null, hintLocales=[]}}, false)
2026-02-14 16:52:05.821   639-663   ImeTracker              system_server                        I  system_server:2dd77b37: onCancelled at PHASE_SERVER_SHOULD_HIDE
2026-02-14 16:52:05.822  1333-1333  Module                  com...gle.android.inputmethod.latin  I  DeviceLockedStatusModuleProvider$Module.updateDeviceLockedStatus():101 repeatCheckTimes = 1, locked = false
2026-02-14 16:52:05.822   639-663   ImeTracker              system_server                        I  system_server:ef0c15bf: onCancelled at PHASE_SERVER_SHOULD_HIDE
2026-02-14 16:52:05.823   639-987   Background...rolService system_server                        D  Package event received: 0
2026-02-14 16:52:05.823   639-3837  PackageConfigPersister  system_server                        W  App-specific configuration not found for packageName: com.google.android.tts and userId: 0
2026-02-14 16:52:05.876  9380-9380  InsetsController        com.google.android.tts:search        D  hide(ime(), fromIme=false)
2026-02-14 16:52:05.876  9380-9380  ImeTracker              com.google.android.tts:search        I  com.google.android.tts:648cd8cd: onCancelled at PHASE_CLIENT_ALREADY_HIDDEN
2026-02-14 16:52:05.909   443-9684  android.ha...mpl.ranchu android.hardware.audio.service       W  pcmWrite:259 pcm_writei failed with 'cannot read/write stream data: I/O error' (-1)
2026-02-14 16:52:05.909   443-9684  android.ha...mpl.ranchu android.hardware.audio.service       E  pcmWrite:260 failure: -1
2026-02-14 16:52:05.947   639-1002  WindowManager           system_server                        W  App com.android.systemui has a system alert window (type = 2006) with FLAG_NOT_TOUCHABLE and LayoutParams.alpha = 1.00 > 0.80, setting alpha to 0.80 to let touches pass through (if this is isn't desirable, remove flag FLAG_NOT_TOUCHABLE).
2026-02-14 16:52:05.956   639-4973  WindowManager           system_server                        W  App com.android.systemui has a system alert window (type = 2006) with FLAG_NOT_TOUCHABLE and LayoutParams.alpha = 1.00 > 0.80, setting alpha to 0.80 to let touches pass through (if this is isn't desirable, remove flag FLAG_NOT_TOUCHABLE).
2026-02-14 16:52:06.004  9380-9380  AudioPlayer             com.google.android.tts:search        I  Audio track end of file reached
2026-02-14 16:52:06.004  9380-9380  AudioTrack              com.google.android.tts:search        D  stop(27): called with 4313 frames delivered
2026-02-14 16:52:06.006   639-1002  AppOps                  system_server                        E  attributionTag  not declared in manifest of com.google.android.tts
2026-02-14 16:52:06.006   639-1002  AppOps                  system_server                        E  attributionTag  not declared in manifest of com.google.android.tts
2026-02-14 16:52:06.012   443-9684  android.ha...mpl.ranchu android.hardware.audio.service       W  pcmWrite:259 pcm_writei failed with 'cannot read/write stream data: I/O error' (-1)
2026-02-14 16:52:06.012   443-9684  android.ha...mpl.ranchu android.hardware.audio.service       E  pcmWrite:260 failure: -1
2026-02-14 16:52:06.120   443-9684  android.ha...mpl.ranchu android.hardware.audio.service       W  pcmWrite:259 pcm_writei failed with 'cannot read/write stream data: I/O error' (-1)
2026-02-14 16:52:06.120   443-9684  android.ha...mpl.ranchu android.hardware.audio.service       E  pcmWrite:260 failure: -1
2026-02-14 16:52:06.224   443-9684  android.ha...mpl.ranchu android.hardware.audio.service       W  pcmWrite:259 pcm_writei failed with 'cannot read/write stream data: I/O error' (-1)
2026-02-14 16:52:06.224   443-9684  android.ha...mpl.ranchu android.hardware.audio.service       E  pcmWrite:260 failure: -1
2026-02-14 16:52:06.295  9256-9256  Capacitor/Console       com.torserve.pwa                     I  File: https://localhost/assets/index-CE_Y42og.js - Line 9 - Msg: [Cascade] ⏰ Race timeout (3000ms)
2026-02-14 16:52:06.329   443-9684  android.ha...mpl.ranchu android.hardware.audio.service       W  pcmWrite:259 pcm_writei failed with 'cannot read/write stream data: I/O error' (-1)
2026-02-14 16:52:06.329   443-9684  android.ha...mpl.ranchu android.hardware.audio.service       E  pcmWrite:260 failure: -1
2026-02-14 16:52:06.436   443-9684  android.ha...mpl.ranchu android.hardware.audio.service       W  pcmWrite:259 pcm_writei failed with 'cannot read/write stream data: I/O error' (-1)
2026-02-14 16:52:06.436   443-9684  android.ha...mpl.ranchu android.hardware.audio.service       E  pcmWrite:260 failure: -1
2026-02-14 16:52:06.540   443-9684  android.ha...mpl.ranchu android.hardware.audio.service       W  pcmWrite:259 pcm_writei failed with 'cannot read/write stream data: I/O error' (-1)
2026-02-14 16:52:06.540   443-9684  android.ha...mpl.ranchu android.hardware.audio.service       E  pcmWrite:260 failure: -1
2026-02-14 16:52:06.644   443-9684  android.ha...mpl.ranchu android.hardware.audio.service       W  pcmWrite:259 pcm_writei failed with 'cannot read/write stream data: I/O error' (-1)
2026-02-14 16:52:06.644   443-9684  android.ha...mpl.ranchu android.hardware.audio.service       E  pcmWrite:260 failure: -1
2026-02-14 16:52:06.748   443-9684  android.ha...mpl.ranchu android.hardware.audio.service       W  pcmWrite:259 pcm_writei failed with 'cannot read/write stream data: I/O error' (-1)
2026-02-14 16:52:06.748   443-9684  android.ha...mpl.ranchu android.hardware.audio.service       E  pcmWrite:260 failure: -1
2026-02-14 16:52:06.852   443-9684  android.ha...mpl.ranchu android.hardware.audio.service       W  pcmWrite:259 pcm_writei failed with 'cannot read/write stream data: I/O error' (-1)
2026-02-14 16:52:06.852   443-9684  android.ha...mpl.ranchu android.hardware.audio.service       E  pcmWrite:260 failure: -1
2026-02-14 16:52:06.956   443-9684  android.ha...mpl.ranchu android.hardware.audio.service       W  pcmWrite:259 pcm_writei failed with 'cannot read/write stream data: I/O error' (-1)
2026-02-14 16:52:06.956   443-9684  android.ha...mpl.ranchu android.hardware.audio.service       E  pcmWrite:260 failure: -1
2026-02-14 16:52:07.060   443-9684  android.ha...mpl.ranchu android.hardware.audio.service       W  pcmWrite:259 pcm_writei failed with 'cannot read/write stream data: I/O error' (-1)
2026-02-14 16:52:07.060   443-9684  android.ha...mpl.ranchu android.hardware.audio.service       E  pcmWrite:260 failure: -1
2026-02-14 16:52:07.164   443-9684  android.ha...mpl.ranchu android.hardware.audio.service       W  pcmWrite:259 pcm_writei failed with 'cannot read/write stream data: I/O error' (-1)
2026-02-14 16:52:07.164   443-9684  android.ha...mpl.ranchu android.hardware.audio.service       E  pcmWrite:260 failure: -1
2026-02-14 16:52:07.268   443-9684  android.ha...mpl.ranchu android.hardware.audio.service       W  pcmWrite:259 pcm_writei failed with 'cannot read/write stream data: I/O error' (-1)
2026-02-14 16:52:07.268   443-9684  android.ha...mpl.ranchu android.hardware.audio.service       E  pcmWrite:260 failure: -1
2026-02-14 16:52:07.372   443-9684  android.ha...mpl.ranchu android.hardware.audio.service       W  pcmWrite:259 pcm_writei failed with 'cannot read/write stream data: I/O error' (-1)
2026-02-14 16:52:07.372   443-9684  android.ha...mpl.ranchu android.hardware.audio.service       E  pcmWrite:260 failure: -1
2026-02-14 16:52:07.476   443-9684  android.ha...mpl.ranchu android.hardware.audio.service       W  pcmWrite:259 pcm_writei failed with 'cannot read/write stream data: I/O error' (-1)
2026-02-14 16:52:07.476   443-9684  android.ha...mpl.ranchu android.hardware.audio.service       E  pcmWrite:260 failure: -1
2026-02-14 16:52:07.580   443-9684  android.ha...mpl.ranchu android.hardware.audio.service       W  pcmWrite:259 pcm_writei failed with 'cannot read/write stream data: I/O error' (-1)
2026-02-14 16:52:07.580   443-9684  android.ha...mpl.ranchu android.hardware.audio.service       E  pcmWrite:260 failure: -1
2026-02-14 16:52:07.684   443-9684  android.ha...mpl.ranchu android.hardware.audio.service       W  pcmWrite:259 pcm_writei failed with 'cannot read/write stream data: I/O error' (-1)
2026-02-14 16:52:07.684   443-9684  android.ha...mpl.ranchu android.hardware.audio.service       E  pcmWrite:260 failure: -1
2026-02-14 16:52:07.747  9380-9687  TranscriptionDataServic com.google.android.tts:search        I  updated TranscriptionState: TranscriptionState{language=Russian (Russia), liveTranscription=null, finalRecognitionResults=null, hasStartOfSpeech=false, isMicOpen=true, appflowErrorStatus=null, speechLevel=99, audioUri=, lastAudioRationaleToastTimestampLoaded=false} for request-id f19e3a88-9e64-4dc6-809b-68116351872b
2026-02-14 16:52:07.748  9380-9380  DrawSoundLevelsView     com.google.android.tts:search        I  #setSpeechLevel 99
2026-02-14 16:52:07.776  9380-9413  RecognitionClient       com.google.android.tts:search        I  #onStartOfSpeech
2026-02-14 16:52:07.776  9380-9413  TranscriptionDataServic com.google.android.tts:search        I  updated TranscriptionState: TranscriptionState{language=Russian (Russia), liveTranscription=null, finalRecognitionResults=null, hasStartOfSpeech=true, isMicOpen=true, appflowErrorStatus=null, speechLevel=99, audioUri=, lastAudioRationaleToastTimestampLoaded=false} for request-id f19e3a88-9e64-4dc6-809b-68116351872b
2026-02-14 16:52:07.778  9380-9413  RecognitionClient       com.google.android.tts:search        I  #onEndOfSpeech
2026-02-14 16:52:07.778  9380-9413  ALT.ARCSession          com.google.android.tts:search        I  #audio# stop listening audio request client(token(379150507)) session(token(1834880055))
2026-02-14 16:52:07.779  9380-9413  ALT.AudioSessionsRegy   com.google.android.tts:search        I  #audio# stopping(CLIENT_REQUESTED) audio session(1834880055) for client(token(379150507), TNG_TRANSCRIPTION)
2026-02-14 16:52:07.779  9380-9413  ALT.TimeoutTracker      com.google.android.tts:search        I  #audio# cancel timeout(token(audio_session_timeout:1834880055))
2026-02-14 16:52:07.780  9380-9413  ALT.AudioSrcDataRegy    com.google.android.tts:search        I  #audio# stopping(CLIENT_REQUESTED) audio source session(1834880055)
2026-02-14 16:52:07.781  9380-9416  ALT.RefManager          com.google.android.tts:search        I  #audio# de-referencing(ref-source@0024A40003BCA070) from(ref-source@0024A40003BCA070), (RefOpResult(existing=true, count=0))
2026-02-14 16:52:07.782  9380-9413  ALT.AFCSession          com.google.android.tts:search        I  #audio# release audio focus session(token(2))
2026-02-14 16:52:07.782  9380-9690  ALT.SrcAccessor         com.google.android.tts:search        I  #audio# closing audio source(fng@55d01e5)
2026-02-14 16:52:07.783   639-4973  MediaFocusControl       system_server                        I  abandonAudioFocus() from uid/pid 10062/9380 clientId=android.media.AudioManager@f9e702eflw@a6502f2 callingPack=com.google.android.tts
2026-02-14 16:52:07.783  9380-9690  ALT.AudioRecordSource   com.google.android.tts:search        I  #audio# close audio source(identity(fmx@f639cdc), recordId(153))
2026-02-14 16:52:07.784  9380-9416  ALT.AudioEventsHolder   com.google.android.tts:search        I  #audio# audio focus session(token(2)) release status(RELEASED)
2026-02-14 16:52:07.785  9380-9416  AudioLibraryAudioContro com.google.android.tts:search        I  Audio focus releasing status: RELEASED
2026-02-14 16:52:07.789   443-443   android.ha...mpl.ranchu android.hardware.audio.service       E  updateSinkMetadata:387 failure: Result::NOT_SUPPORTED
2026-02-14 16:52:07.789   443-9684  android.ha...mpl.ranchu android.hardware.audio.service       W  pcmWrite:259 pcm_writei failed with 'cannot read/write stream data: I/O error' (-1)
2026-02-14 16:52:07.789   443-9684  android.ha...mpl.ranchu android.hardware.audio.service       E  pcmWrite:260 failure: -1
2026-02-14 16:52:07.790  9380-9403  AppFlowLoggerTransport  com.google.android.tts:search        I  AppFlow AUDIO_FOCUS_RELEASE is about to be transmitted
2026-02-14 16:52:07.790   443-9698  android.ha...mpl.ranchu android.hardware.audio.service       D  threadLoop: entering standby
2026-02-14 16:52:07.795   489-580   IPCThreadState          audioserver                          W  Sending oneway calls to frozen process.
2026-02-14 16:52:07.795   489-580   IPCThreadState          audioserver                          W  Sending oneway calls to frozen process.
2026-02-14 16:52:07.795  9380-9416  RecognitionClient       com.google.android.tts:search        I  #onStartOfSpeech
2026-02-14 16:52:07.796  9380-9689  ALT.ProcFirstByteTime   com.google.android.tts:search        I  #audio# close processor (flq@feccc29)
2026-02-14 16:52:07.797  9380-9689  ALT.BytesAccessorBuffer com.google.android.tts:search        I  #audio# mark buffer(fkj@2be7d4f) closed, available bytes(66694)
2026-02-14 16:52:07.798  9380-9413  ALT.ProcStartTime       com.google.android.tts:search        I  #audio# close processor(flm@ebd9bae)
2026-02-14 16:52:07.799   489-2224  IPCThreadState          audioserver                          W  Sending oneway calls to frozen process.
2026-02-14 16:52:07.801  9380-9687  TranscriptionDataServic com.google.android.tts:search        I  updated TranscriptionState: TranscriptionState{language=Russian (Russia), liveTranscription=null, finalRecognitionResults=null, hasStartOfSpeech=true, isMicOpen=true, appflowErrorStatus=null, speechLevel=100, audioUri=, lastAudioRationaleToastTimestampLoaded=false} for request-id f19e3a88-9e64-4dc6-809b-68116351872b
2026-02-14 16:52:07.801  9380-9687  AudioInputStreamProduce com.google.android.tts:search        W  #audio# read failed: read EOF from AudioAccessor.
2026-02-14 16:52:07.801  9380-9687  TranscriptionDataServic com.google.android.tts:search        I  updated TranscriptionState: TranscriptionState{language=Russian (Russia), liveTranscription=null, finalRecognitionResults=null, hasStartOfSpeech=true, isMicOpen=true, appflowErrorStatus=null, speechLevel=0, audioUri=, lastAudioRationaleToastTimestampLoaded=false} for request-id f19e3a88-9e64-4dc6-809b-68116351872b
2026-02-14 16:52:07.802  9380-9697  AudioInputStreamProduce com.google.android.tts:search        W  #audio# read failed: read EOF from AudioAccessor.
2026-02-14 16:52:07.802  9380-9413  ALT.AudioEventsHolder   com.google.android.tts:search        I  #audio# audio request client(token(379150507)) session(token(1834880055)) stop listening status(CLOSED)
2026-02-14 16:52:07.803  9380-9416  fub                     com.google.android.tts:search        I  #audio# AudioRequestListeningSession stop listening status: CLOSED
2026-02-14 16:52:07.803  9380-9416  ALT.StopAwareStartRslt  com.google.android.tts:search        I  #audio# result(fsc@a5556c5) stop signal completed
2026-02-14 16:52:07.803  9380-9416  ALT.StopAwareStartRslt  com.google.android.tts:search        I  #audio# result(fsc@a5556c5) stopped, processed 66694 bytes
2026-02-14 16:52:07.803  9380-9416  ALT.StopAwareStartRslt  com.google.android.tts:search        I  #audio# result(fsc@a5556c5) removing 0 receivers
2026-02-14 16:52:07.803  9380-9413  TranscriptionDataServic com.google.android.tts:search        I  updated TranscriptionState: TranscriptionState{language=Russian (Russia), liveTranscription=null, finalRecognitionResults=null, hasStartOfSpeech=true, isMicOpen=false, appflowErrorStatus=null, speechLevel=0, audioUri=, lastAudioRationaleToastTimestampLoaded=false} for request-id f19e3a88-9e64-4dc6-809b-68116351872b
2026-02-14 16:52:07.804  9380-9413  AudioLibraryAudioContro com.google.android.tts:search        I  Mic closing result: # fid@7bca4
2026-02-14 16:52:07.804  9380-9380  DrawSoundLevelsView     com.google.android.tts:search        I  #setSpeechLevel 0
2026-02-14 16:52:07.807  9380-9416  MicUpdateReporter       com.google.android.tts:search        I  #audio# reportMicUpdate
2026-02-14 16:52:07.807  9380-9403  AppFlowLoggerTransport  com.google.android.tts:search        I  AppFlow AUDIO_LISTENING is about to be transmitted
2026-02-14 16:52:07.809   489-580   IPCThreadState          audioserver                          W  Sending oneway calls to frozen process.
2026-02-14 16:52:07.809   489-580   IPCThreadState          audioserver                          W  Sending oneway calls to frozen process.
2026-02-14 16:52:07.893   443-9684  android.ha...mpl.ranchu android.hardware.audio.service       W  pcmWrite:259 pcm_writei failed with 'cannot read/write stream data: I/O error' (-1)
2026-02-14 16:52:07.893   443-9684  android.ha...mpl.ranchu android.hardware.audio.service       E  pcmWrite:260 failure: -1
2026-02-14 16:52:07.996   443-9684  android.ha...mpl.ranchu android.hardware.audio.service       W  pcmWrite:259 pcm_writei failed with 'cannot read/write stream data: I/O error' (-1)
2026-02-14 16:52:07.996   443-9684  android.ha...mpl.ranchu android.hardware.audio.service       E  pcmWrite:260 failure: -1
2026-02-14 16:52:08.034  9380-9413  FinalS3RespProcessor    com.google.android.tts:search        I  Received a final result for a segment, 0 hypothesis
2026-02-14 16:52:08.035  9380-9413  FinalS3RespProcessor    com.google.android.tts:search        I  Received the final result for the recognition
2026-02-14 16:52:08.035  9380-9416  RecognitionClient       com.google.android.tts:search        I  #onResults empty final recognition results
2026-02-14 16:52:08.035  9380-9416  RecognitionClient       com.google.android.tts:search        I  #onRecognitionFinished
2026-02-14 16:52:08.035  9380-9416  RecognitionClient       com.google.android.tts:search        W  #onRecognitionFinished no speech - erroring
2026-02-14 16:52:08.035  9380-9416  RecognitionClient       com.google.android.tts:search        W  #onError space agsa_transcription_NO_SPEECH_DETECTED code -1!
2026-02-14 16:52:08.035  9380-9416  TranscriptionDataServic com.google.android.tts:search        I  updated TranscriptionState: TranscriptionState{language=Russian (Russia), liveTranscription=null, finalRecognitionResults=null, hasStartOfSpeech=true, isMicOpen=false, appflowErrorStatus=AppflowStatus{errorType=7, errorCode=-1}, speechLevel=0, audioUri=, lastAudioRationaleToastTimestampLoaded=false} for request-id f19e3a88-9e64-4dc6-809b-68116351872b
2026-02-14 16:52:08.037   489-2224  NativePerm...Controller audioserver                          D  checkPermission: missing 1 for 10062
2026-02-14 16:52:08.037   489-2224  NativePerm...Controller audioserver                          D  checkPermission: missing 3 for 10062
2026-02-14 16:52:08.037   489-2224  NativePerm...Controller audioserver                          D  checkPermission: missing 5 for 10062
2026-02-14 16:52:08.038  9380-9441  cn_CronetU...estContext com.google.android.tts:search        I  destroyNativeStreamLocked org.chromium.net.impl.CronetBidirectionalStream@649b093
2026-02-14 16:52:08.039   489-2224  AudioFlinger            audioserver                          D  Client defaulted notificationFrames to 3500 for frameCount 7000
2026-02-14 16:52:08.040   489-2224  AF::PthrPatchRecord     audioserver                          I  creating track with enforcement level 0
2026-02-14 16:52:08.046  9380-9697  AudioPlayer             com.google.android.tts:search        I  Playing beep com.google.android.tts:raw/failure (size 14000 bytes)
2026-02-14 16:52:08.047   639-5169  AppOps                  system_server                        E  attributionTag  not declared in manifest of com.google.android.tts
2026-02-14 16:52:08.048   639-5169  AppOps                  system_server                        E  attributionTag  not declared in manifest of com.google.android.tts
2026-02-14 16:52:08.058   489-2224  NativePerm...Controller audioserver                          D  checkPermission: missing 13 for 10062
2026-02-14 16:52:08.058   489-2224  NativePerm...Controller audioserver                          D  checkPermission: missing 13 for 10062
2026-02-14 16:52:08.061   489-2224  NativePerm...Controller audioserver                          D  checkPermission: missing 13 for 10062
2026-02-14 16:52:08.061   489-2224  NativePerm...Controller audioserver                          D  checkPermission: missing 13 for 10062
2026-02-14 16:52:08.100   443-9684  android.ha...mpl.ranchu android.hardware.audio.service       W  pcmWrite:259 pcm_writei failed with 'cannot read/write stream data: I/O error' (-1)
2026-02-14 16:52:08.100   443-9684  android.ha...mpl.ranchu android.hardware.audio.service       E  pcmWrite:260 failure: -1
2026-02-14 16:52:08.208   443-9684  android.ha...mpl.ranchu android.hardware.audio.service       W  pcmWrite:259 pcm_writei failed with 'cannot read/write stream data: I/O error' (-1)
2026-02-14 16:52:08.208   443-9684  android.ha...mpl.ranchu android.hardware.audio.service       E  pcmWrite:260 failure: -1
2026-02-14 16:52:08.312   443-9684  android.ha...mpl.ranchu android.hardware.audio.service       W  pcmWrite:259 pcm_writei failed with 'cannot read/write stream data: I/O error' (-1)
2026-02-14 16:52:08.312   443-9684  android.ha...mpl.ranchu android.hardware.audio.service       E  pcmWrite:260 failure: -1
2026-02-14 16:52:08.417   443-9684  android.ha...mpl.ranchu android.hardware.audio.service       W  pcmWrite:259 pcm_writei failed with 'cannot read/write stream data: I/O error' (-1)
2026-02-14 16:52:08.417   443-9684  android.ha...mpl.ranchu android.hardware.audio.service       E  pcmWrite:260 failure: -1
2026-02-14 16:52:08.518  9380-9380  AudioPlayer             com.google.android.tts:search        I  Audio track end of file reached
2026-02-14 16:52:08.518  9380-9380  AudioTrack              com.google.android.tts:search        D  stop(28): called with 7000 frames delivered
2026-02-14 16:52:08.519   639-4973  AppOps                  system_server                        E  attributionTag  not declared in manifest of com.google.android.tts
2026-02-14 16:52:08.519   639-4973  AppOps                  system_server                        E  attributionTag  not declared in manifest of com.google.android.tts
2026-02-14 16:52:08.520   443-9684  android.ha...mpl.ranchu android.hardware.audio.service       W  pcmWrite:259 pcm_writei failed with 'cannot read/write stream data: I/O error' (-1)
2026-02-14 16:52:08.520   443-9684  android.ha...mpl.ranchu android.hardware.audio.service       E  pcmWrite:260 failure: -1
2026-02-14 16:52:08.628   443-9684  android.ha...mpl.ranchu android.hardware.audio.service       W  pcmWrite:259 pcm_writei failed with 'cannot read/write stream data: I/O error' (-1)
2026-02-14 16:52:08.628   443-9684  android.ha...mpl.ranchu android.hardware.audio.service       E  pcmWrite:260 failure: -1
2026-02-14 16:52:08.729   443-9684  android.ha...mpl.ranchu android.hardware.audio.service       W  pcmWrite:259 pcm_writei failed with 'cannot read/write stream data: I/O error' (-1)
2026-02-14 16:52:08.729   443-9684  android.ha...mpl.ranchu android.hardware.audio.service       E  pcmWrite:260 failure: -1
2026-02-14 16:52:08.832   443-9684  android.ha...mpl.ranchu android.hardware.audio.service       W  pcmWrite:259 pcm_writei failed with 'cannot read/write stream data: I/O error' (-1)
2026-02-14 16:52:08.832   443-9684  android.ha...mpl.ranchu android.hardware.audio.service       E  pcmWrite:260 failure: -1
2026-02-14 16:52:08.940   443-9684  android.ha...mpl.ranchu android.hardware.audio.service       W  pcmWrite:259 pcm_writei failed with 'cannot read/write stream data: I/O error' (-1)
2026-02-14 16:52:08.940   443-9684  android.ha...mpl.ranchu android.hardware.audio.service       E  pcmWrite:260 failure: -1
2026-02-14 16:52:08.981  9256-9315  Capacitor/Plugin        com.torserve.pwa                     V  To native (Capacitor plugin): callbackId: 31504085, pluginId: CapacitorHttp, methodName: request
2026-02-14 16:52:08.981  9256-9315  Capacitor               com.torserve.pwa                     V  callback: 31504085, pluginId: CapacitorHttp, methodName: request, methodData: {"method":"POST","url":"http:\/\/192.168.1.70:3000\/api\/quality-badges","headers":{"Content-Type":"application\/json"},"data":{"titles":["The Housemaid","Опасный дуэт","The Wrecking Crew"]}}
2026-02-14 16:52:08.981  9256-9675  CapacitorCookies        com.torserve.pwa                     I  Getting cookies at: 'http://192.168.1.70:3000/api/quality-badges'
2026-02-14 16:52:09.030  9380-9416  RecognitionClient       com.google.android.tts:search        I  #stopListening
2026-02-14 16:52:09.030  9380-9416  TranscriptionDataServic com.google.android.tts:search        I  Future [stop listening] SUCCESS for request-id f19e3a88-9e64-4dc6-809b-68116351872b
2026-02-14 16:52:09.030  9380-9416  RecognitionClient       com.google.android.tts:search        I  #cancel
2026-02-14 16:52:09.030  9380-9416  NetworkSpeechRecognizer com.google.android.tts:search        I  #cancel
2026-02-14 16:52:09.030  9380-9416  NetworkSpeechRecognizer com.google.android.tts:search        I  #failWithException
2026-02-14 16:52:09.030  9380-9416  NetworkSpeechRecognizer com.google.android.tts:search        I  User cancelled, closing S3 stream
2026-02-14 16:52:09.030   639-4973  AS.PlaybackActivityMon  system_server                        W  No piid assigned for invalid/internal port id 18
2026-02-14 16:52:09.031  9380-9413  RecognitionClient       com.google.android.tts:search        W  #onError space agsa_transcription_CANCELLED code -1!
2026-02-14 16:52:09.031  9380-9413  RecognitionClient       com.google.android.tts:search        W  #onError already finished - ignoring
2026-02-14 16:52:09.031  9380-9416  S3ConnectionUtil        com.google.android.tts:search        W  Calling onNext failed. (Ask Gemini)
                                                                                                    java.lang.IllegalStateException: Stream is already completed, no further calls are allowed
                                                                                                    	at hrz.D(PG:10)
                                                                                                    	at mhx.e(PG:16)
                                                                                                    	at gut.e(PG:5)
                                                                                                    	at gwa.e(PG:82)
                                                                                                    	at gwa.d(PG:33)
                                                                                                    	at gwa.a(PG:33)
                                                                                                    	at gvs.a(PG:3)
                                                                                                    	at gwh.a(PG:35)
                                                                                                    	at guz.call(PG:887)
                                                                                                    	at ipf.call(PG:49)
                                                                                                    	at jph.a(PG:3)
                                                                                                    	at jqh.run(PG:19)
                                                                                                    	at dsr.run(PG:7)
                                                                                                    	at jjq.run(PG:44)
                                                                                                    	at ah.run(PG:146)
                                                                                                    	at java.lang.Thread.run(Thread.java:1119)
                                                                                                    	at dub.run(PG:61)
2026-02-14 16:52:09.031  9380-9413  TranscriptionDataServic com.google.android.tts:search        I  Future [remove state] SUCCESS for request-id f19e3a88-9e64-4dc6-809b-68116351872b
2026-02-14 16:52:09.031  9380-9403  SodaSpeechRecognizer    com.google.android.tts:search        I  Offline recognizer - stop detection
2026-02-14 16:52:09.036  9380-9380  IntentParsingUtil       com.google.android.tts:search        I  #getRequestedLanguageOrSystemDefault
2026-02-14 16:52:09.036  9380-9380  IntentParsingUtil       com.google.android.tts:search        I  Using language specified in RecognizerIntent: ru-RU
