2026-02-14 16:52:20.505  9380-9411  SodaSpeechRecognizer    com.google.android.tts:search        I  Offline recognizer - stop detection
2026-02-14 16:52:20.505   639-4973  ActivityTaskManager     system_server                        W  Duplicate finish request for r=ActivityRecord{3484139 u0 com.google.android.tts/com.google.android.apps.speech.tts.googletts.service.GoogleTTSActivity t82 f}}
2026-02-14 16:52:20.507  9380-9380  WindowOnBackDispatcher  com.google.android.tts:search        W  sendCancelIfRunning: isInProgress=false callback=android.app.Activity$$ExternalSyntheticLambda0@65e90e3
2026-02-14 16:52:20.507   639-1113  CoreBackPreview         system_server                        D  Window{568bd62 u0 com.torserve.pwa/com.torserve.pwa.MainActivity}: Setting back callback OnBackInvokedCallbackInfo{mCallback=android.window.IOnBackInvokedCallback$Stub$Proxy@e000629, mPriority=0, mIsAnimationCallback=false, mOverrideBehavior=0}
2026-02-14 16:52:20.509   639-1825  CoreBackPreview         system_server                        D  Window{58afa24 u0 com.google.android.tts/com.google.android.apps.speech.tts.googletts.service.GoogleTTSActivity}: Setting back callback null
2026-02-14 16:52:20.509  9380-9380  ViewRootImpl            com.google.android.tts:search        D  Skipping stats log for color mode
2026-02-14 16:52:20.510   639-3837  ImeTracker              system_server                        I  system_server:f84a3cb8: onRequestHide at ORIGIN_SERVER reason IME_REQUESTED_CHANGED_LISTENER fromUser false
2026-02-14 16:52:20.510   639-663   ImeTracker              system_server                        I  system_server:f84a3cb8: onCancelled at PHASE_SERVER_SHOULD_HIDE
2026-02-14 16:52:20.512   443-9684  android.ha...mpl.ranchu android.hardware.audio.service       W  pcmWrite:259 pcm_writei failed with 'cannot read/write stream data: I/O error' (-1)
2026-02-14 16:52:20.512   443-9684  android.ha...mpl.ranchu android.hardware.audio.service       E  pcmWrite:260 failure: -1
2026-02-14 16:52:20.513   639-987   Background...rolService system_server                        D  Package event received: 0
2026-02-14 16:52:20.513   639-4973  FileUtils               system_server                        D  Rounded bytes from 2070470656 to 4000000000
2026-02-14 16:52:20.550  9380-9416  TraceManagerImpl        com.google.android.tts:search        E  Trace Intenting into TranscriptionActivity timed out after 5607084 ms. Complete trace: # ipk@cab5d29a (Ask Gemini)
                                                                                                    ipp: 
                                                                                                    	at tk_trace.SubscriptionCallbacks.onNewData(Started After:1)
                                                                                                    	at tk_trace.gRPC:speech.s3.S3StubbyClientConnectorService/S3Bidi(Started After:0)
                                                                                                    	at tk_trace.onStart TranscriptionActivity(Started After:0)
                                                                                                    	at tk_trace.Intenting into TranscriptionActivity(Started After:0)
2026-02-14 16:52:20.557  1028-1074  WindowManagerShell      com.android.systemui                 D  TvPipController: onTaskStackChanged()
2026-02-14 16:52:20.566   639-663   IPCThreadState          system_server                        W  Sending oneway calls to frozen process.
2026-02-14 16:52:20.568   639-663   IPCThreadState          system_server                        W  Sending oneway calls to frozen process.
2026-02-14 16:52:20.568   639-663   IPCThreadState          system_server                        W  Sending oneway calls to frozen process.
2026-02-14 16:52:20.568   639-663   IPCThreadState          system_server                        W  Sending oneway calls to frozen process.
2026-02-14 16:52:20.568   639-663   IPCThreadState          system_server                        W  Sending oneway calls to frozen process.
2026-02-14 16:52:20.568   639-663   IPCThreadState          system_server                        W  Sending oneway calls to frozen process.
2026-02-14 16:52:20.568   639-663   IPCThreadState          system_server                        W  Sending oneway calls to frozen process.
2026-02-14 16:52:20.568   639-663   IPCThreadState          system_server                        W  Sending oneway calls to frozen process.
2026-02-14 16:52:20.568   639-663   IPCThreadState          system_server                        W  Sending oneway calls to frozen process.
2026-02-14 16:52:20.568   639-663   IPCThreadState          system_server                        W  Sending oneway calls to frozen process.
2026-02-14 16:52:20.568   639-663   IPCThreadState          system_server                        W  Sending oneway calls to frozen process.
2026-02-14 16:52:20.568   639-663   IPCThreadState          system_server                        W  Sending oneway calls to frozen process.
2026-02-14 16:52:20.568   639-663   IPCThreadState          system_server                        W  Sending oneway calls to frozen process.
2026-02-14 16:52:20.568   639-663   IPCThreadState          system_server                        W  Sending oneway calls to frozen process.
2026-02-14 16:52:20.569   639-663   IPCThreadState          system_server                        W  Sending oneway calls to frozen process.
2026-02-14 16:52:20.569   639-663   IPCThreadState          system_server                        W  Sending oneway calls to frozen process.
2026-02-14 16:52:20.569   639-663   IPCThreadState          system_server                        W  Sending oneway calls to frozen process.
2026-02-14 16:52:20.569   639-663   IPCThreadState          system_server                        W  Sending oneway calls to frozen process.
2026-02-14 16:52:20.569   639-663   IPCThreadState          system_server                        W  Sending oneway calls to frozen process.
2026-02-14 16:52:20.569   639-663   IPCThreadState          system_server                        W  Sending oneway calls to frozen process.
2026-02-14 16:52:20.569   639-663   IPCThreadState          system_server                        W  Sending oneway calls to frozen process.
2026-02-14 16:52:20.569   639-663   IPCThreadState          system_server                        W  Sending oneway calls to frozen process.
2026-02-14 16:52:20.570   639-663   IPCThreadState          system_server                        W  Sending oneway calls to frozen process.
2026-02-14 16:52:20.571   639-663   IPCThreadState          system_server                        W  Sending oneway calls to frozen process.
2026-02-14 16:52:20.571   639-663   IPCThreadState          system_server                        W  Sending oneway calls to frozen process.
2026-02-14 16:52:20.571   639-663   IPCThreadState          system_server                        W  Sending oneway calls to frozen process.
2026-02-14 16:52:20.571   639-663   IPCThreadState          system_server                        W  Sending oneway calls to frozen process.
2026-02-14 16:52:20.571   639-663   IPCThreadState          system_server                        W  Sending oneway calls to frozen process.
2026-02-14 16:52:20.571   639-663   IPCThreadState          system_server                        W  Sending oneway calls to frozen process.
2026-02-14 16:52:20.571   639-663   IPCThreadState          system_server                        W  Sending oneway calls to frozen process.
2026-02-14 16:52:20.571   639-663   IPCThreadState          system_server                        W  Sending oneway calls to frozen process.
2026-02-14 16:52:20.571   639-663   IPCThreadState          system_server                        W  Sending oneway calls to frozen process.
2026-02-14 16:52:20.571   639-663   IPCThreadState          system_server                        W  Sending oneway calls to frozen process.
2026-02-14 16:52:20.571   639-663   IPCThreadState          system_server                        W  Sending oneway calls to frozen process.
2026-02-14 16:52:20.571   639-663   IPCThreadState          system_server                        W  Sending oneway calls to frozen process.
2026-02-14 16:52:20.571   639-663   IPCThreadState          system_server                        W  Sending oneway calls to frozen process.
2026-02-14 16:52:20.572   639-663   IPCThreadState          system_server                        W  Sending oneway calls to frozen process.
2026-02-14 16:52:20.619   639-745   ImeTracker              system_server                        I  com.torserve.pwa:17ef2ad: onRequestShow at ORIGIN_SERVER reason SHOW_AUTO_EDITOR_FORWARD_NAV fromUser false
2026-02-14 16:52:20.620   443-9684  android.ha...mpl.ranchu android.hardware.audio.service       W  pcmWrite:259 pcm_writei failed with 'cannot read/write stream data: I/O error' (-1)
2026-02-14 16:52:20.620   443-9684  android.ha...mpl.ranchu android.hardware.audio.service       E  pcmWrite:260 failure: -1
2026-02-14 16:52:20.622  1333-1333  GoogleInpu...hodService com...gle.android.inputmethod.latin  I  GoogleInputMethodService.onFinishInput():2084 
2026-02-14 16:52:20.623   639-4973  ImeTracker              system_server                        I  system_server:8c4779b9: onRequestHide at ORIGIN_SERVER reason IME_REQUESTED_CHANGED_LISTENER fromUser false
2026-02-14 16:52:20.624  1333-1333  Module                  com...gle.android.inputmethod.latin  I  DeviceLockedStatusModuleProvider$Module.updateDeviceLockedStatus():101 repeatCheckTimes = 0, locked = false
2026-02-14 16:52:20.624   639-663   ImeTracker              system_server                        I  system_server:8c4779b9: onCancelled at PHASE_SERVER_SHOULD_HIDE
2026-02-14 16:52:20.624  1333-1333  GoogleInpu...hodService com...gle.android.inputmethod.latin  I  GoogleInputMethodService.onStartInput():1345 onStartInput(EditorInfo{EditorInfo{packageName=com.torserve.pwa, inputType=20001, inputTypeString=Normal[MultiLine], enableLearning=true, autoCorrection=true, autoComplete=true, imeOptions=40000006, privateImeOptions=null, actionName=DONE, actionLabel=null, initialSelStart=0, initialSelEnd=0, initialCapsMode=0, label=null, fieldId=-1, fieldName=null, extras=Bundle[mParcelledData.dataSize=168], hintText=null, hintLocales=[]}}, false)
2026-02-14 16:52:20.625  1333-1333  Module                  com...gle.android.inputmethod.latin  I  DeviceLockedStatusModuleProvider$Module.updateDeviceLockedStatus():101 repeatCheckTimes = 1, locked = false
2026-02-14 16:52:20.626   639-4973  PackageConfigPersister  system_server                        W  App-specific configuration not found for packageName: com.torserve.pwa and userId: 0
2026-02-14 16:52:20.636  9256-9256  InsetsController        com.torserve.pwa                     D  show(ime(), fromIme=false)
2026-02-14 16:52:20.637  9256-9256  InsetsController        com.torserve.pwa                     D  Setting requestedVisibleTypes to -1 (was -9)
2026-02-14 16:52:20.638   639-987   Background...rolService system_server                        D  Package event received: 0
2026-02-14 16:52:20.642  1333-1333  GoogleInpu...hodService com...gle.android.inputmethod.latin  I  GoogleInputMethodService.onStartInputView():1438 onStartInputView(EditorInfo{EditorInfo{packageName=com.torserve.pwa, inputType=20001, inputTypeString=Normal[MultiLine], enableLearning=true, autoCorrection=true, autoComplete=true, imeOptions=40000006, privateImeOptions=null, actionName=DONE, actionLabel=null, initialSelStart=0, initialSelEnd=0, initialCapsMode=0, label=null, fieldId=-1, fieldName=null, extras=Bundle[mParcelledData.dataSize=168], hintText=null, hintLocales=[]}}, false)
2026-02-14 16:52:20.644  1333-1454  DeviceModeNotification  com...gle.android.inputmethod.latin  I  DeviceModeNotification.getCurrentDeviceMode():75 device mode is unknown before initializing the notification.
2026-02-14 16:52:20.647  1333-1333  NoticeManager           com...gle.android.inputmethod.latin  I  NoticeManager.post():160 Posting notice [import_user_contacts] to default priority queue
2026-02-14 16:52:20.662  1333-1333  AndroidIME              com...gle.android.inputmethod.latin  I  InputBundleManager.loadActiveInputBundleId():528 loadActiveInputBundleId: en-US, ime_english_united_states
2026-02-14 16:52:20.663  1333-1333  AndroidIME              com...gle.android.inputmethod.latin  I  AbstractIme.onActivate():96 LatinTVIme.onActivate() : EditorInfo = EditorInfo{packageName=com.torserve.pwa, inputType=20001, inputTypeString=Normal[MultiLine], enableLearning=true, autoCorrection=true, autoComplete=true, imeOptions=40000006, privateImeOptions=null, actionName=DONE, actionLabel=null, initialSelStart=0, initialSelEnd=0, initialCapsMode=0, label=null, fieldId=-1, fieldName=null, extras=Bundle[mParcelledData.dataSize=168], hintText=null, hintLocales=[]}, IncognitoMode = false, DeviceLocked = false
2026-02-14 16:52:20.663  1333-1333  InputBundle             com...gle.android.inputmethod.latin  I  InputBundle.consumeEvent():1032 Skip consuming an event as keyboard status is INACTIVE
2026-02-14 16:52:20.664  1333-1333  Delight5Facilitator     com...gle.android.inputmethod.latin  I  Delight5Facilitator.initializeForIme():739 initializeForIme() : Locale = [en_US], layout = qwerty
2026-02-14 16:52:20.665  1333-1333  LatinIme                com...gle.android.inputmethod.latin  I  LatinIme.updateEnableInlineSuggestionsOnDecoderSideFlags():1247 inline flag updated to:false
2026-02-14 16:52:20.666  1333-1333  LatinIme                com...gle.android.inputmethod.latin  I  LatinIme.updateEnableInlineSuggestionsOnDecoderSideFlags():1247 inline flag updated to:false
2026-02-14 16:52:20.667  1333-1333  InputBundle             com...gle.android.inputmethod.latin  I  InputBundle.consumeEvent():1032 Skip consuming an event as keyboard status is INACTIVE
2026-02-14 16:52:20.668  1333-1333  LatinIme                com...gle.android.inputmethod.latin  I  LatinIme.resetInputContext():2251 resetInputContext(): reason=1, externalEditsInfo=ExternalEditsInfo{action=0, offset=-1, text=null, originalText=null, edits=null}
2026-02-14 16:52:20.668  1333-1333  InputBundle             com...gle.android.inputmethod.latin  I  InputBundle.consumeEvent():1032 Skip consuming an event as keyboard status is INACTIVE
2026-02-14 16:52:20.668  1333-1333  KeyboardWrapper         com...gle.android.inputmethod.latin  I  KeyboardWrapper.activateKeyboard():581 activateKeyboard(): type=prime, status=INACTIVE, imeDef=eip{stringId=ime_english_united_states, language=en-US, languageTag=en-US, processedConditions={}, className=com.google.android.apps.inputmethod.tv.LatinTVIme, label=0, keyEventInterpreter=null, inlineComposing=true, autoCapital=true, announceAutoSelectedCandidate=false, statusIcon=0, indicatorIcon=0, indicatorLabel=null, displayAppCompletions=true, extraValues=eii{}, processors=ekf@82f1576, unacceptableMetaKeys=4098, languageSpecificSettings=0, asciiCapable=true, alwaysShowSuggestions=false, useAsciiPasswordKeyboard=false, keyboardGroupDef=ejo@750331e, phenotypeFlagId=0, localizationLanguageTag=null, supportsInlineSuggestion=false}
2026-02-14 16:52:20.669  1333-1333  KeyboardManager         com...gle.android.inputmethod.latin  I  KeyboardManager.requestKeyboard():248 Creating keyboard prime, imeId=ime_english_united_states, cacheKey=theme
2026-02-14 16:52:20.669  1333-1333  KeyboardWrapper         com...gle.android.inputmethod.latin  I  KeyboardWrapper.onKeyboardReady():224 onKeyboardReady(): type=prime(prime), kb=com.google.android.apps.inputmethod.tv.keyboard.LatinTVKeyboard@77d19cc
2026-02-14 16:52:20.670  1333-1333  KeyboardWrapper         com...gle.android.inputmethod.latin  I  KeyboardWrapper.doActivateKeyboard():611 doActivateKeyboard(): prime
2026-02-14 16:52:20.670  1333-1333  KeyboardHeightUtil      com...gle.android.inputmethod.latin  I  KeyboardHeightUtil.calculateMaxKeyboardBodyHeight():50 leave 428 height for app when ime window height:2160, header height:0 and isFullscreenMode:false, so the max keyboard body height is:1732
2026-02-14 16:52:20.672  1333-1333  GlobeKeyExtension       com...gle.android.inputmethod.latin  I  GlobeKeyExtension.getKeyboardInitialStates():175 
2026-02-14 16:52:20.673  1333-1333  Keyboard                com...gle.android.inputmethod.latin  W  Keyboard.getKeyboardViewHelper():602 null helper is returned: keyboardDef=eji{processedConditions={enable_number_row=false, language=en-US, enable_secondary_symbols=false}, globalConditions={global_theme_key=theme, global_locale=en_US, global_density_dpi=640, global_orientation=2}, className=.tv.keyboard.LatinTVKeyboard, resourceIds=[tv_keyboard_fragment_en_m2, keyboard_latin_qwerty_m2], initialStates=0, keyboardViewDefs=[ejw{direction=null, id=default_keyboard_view, isScalable=true, layoutId=keyboard_body_4x10_m2, type=BODY, touchable=true, defaultShow=true}], persistentStates=0, persistentStatesPrefKey=null, popupBubbleLayoutId=PopupBubbleLayout, recentKeyLayoutId=0, recentKeyPopupLayoutId=0, recentKeyType=null, rememberRecentKey=NONE, sessionStates=0}, type=FLOATING_CANDIDATES, helpersCreated={BODY=ecf@346e9a2}, context.getResources().getConfiguration(): {1.0 ?mcc0mnc [en_US] ldltr sw540dp w960dp h540dp 640dpi lrg long land television night finger qwerty/v/v dpad/v winConfig={ mBounds=Rect(0, 0 - 3840, 2160) mAppBounds=Rect(0, 0 - 3840, 2160) mMaxBounds=Rect(0, 0 - 3840, 2160) mDisplayRotation=ROTATION_0 mWindowingMode=fullscreen mActivityType=undefined mAlwaysOnTop=undefined mRotation=ROTATION_0} s.6 fontWeightAdjustment=0}
2026-02-14 16:52:20.673  1333-1333  Keyboard                com...gle.android.inputmethod.latin  W  Keyboard.getKeyboardViewHelper():602 null helper is returned: keyboardDef=eji{processedConditions={enable_number_row=false, language=en-US, enable_secondary_symbols=false}, globalConditions={global_theme_key=theme, global_locale=en_US, global_density_dpi=640, global_orientation=2}, className=.tv.keyboard.LatinTVKeyboard, resourceIds=[tv_keyboard_fragment_en_m2, keyboard_latin_qwerty_m2], initialStates=0, keyboardViewDefs=[ejw{direction=null, id=default_keyboard_view, isScalable=true, layoutId=keyboard_body_4x10_m2, type=BODY, touchable=true, defaultShow=true}], persistentStates=0, persistentStatesPrefKey=null, popupBubbleLayoutId=PopupBubbleLayout, recentKeyLayoutId=0, recentKeyPopupLayoutId=0, recentKeyType=null, rememberRecentKey=NONE, sessionStates=0}, type=WIDGET, helpersCreated={BODY=ecf@346e9a2}, context.getResources().getConfiguration(): {1.0 ?mcc0mnc [en_US] ldltr sw540dp w960dp h540dp 640dpi lrg long land television night finger qwerty/v/v dpad/v winConfig={ mBounds=Rect(0, 0 - 3840, 2160) mAppBounds=Rect(0, 0 - 3840, 2160) mMaxBounds=Rect(0, 0 - 3840, 2160) mDisplayRotation=ROTATION_0 mWindowingMode=fullscreen mActivityType=undefined mAlwaysOnTop=undefined mRotation=ROTATION_0} s.6 fontWeightAdjustment=0}
2026-02-14 16:52:20.679  1333-1333  HWUI                    com...gle.android.inputmethod.latin  W  Image decoding logging dropped!
2026-02-14 16:52:20.679  1333-1333  AndroidIME              com...gle.android.inputmethod.latin  I  InputBundleManager.startInput():358 startInput() with ejs[keyboardType=prime, payload=null]
2026-02-14 16:52:20.681  1333-1333  GlobeKeyExtension       com...gle.android.inputmethod.latin  I  GlobeKeyExtension.onActivate():120 
2026-02-14 16:52:20.720  1333-1333  Module                  com...gle.android.inputmethod.latin  I  DeviceLockedStatusModuleProvider$Module.updateDeviceLockedStatus():101 repeatCheckTimes = 1, locked = false
2026-02-14 16:52:20.720  1333-1333  VoiceImeExtension       com...gle.android.inputmethod.latin  I  VoiceImeExtension.shouldStartVoiceInputAutomaticallyInCurrentInputBox():378 No private IME option set to start voice input.
2026-02-14 16:52:20.724   443-9684  android.ha...mpl.ranchu android.hardware.audio.service       W  pcmWrite:259 pcm_writei failed with 'cannot read/write stream data: I/O error' (-1)
2026-02-14 16:52:20.724   443-9684  android.ha...mpl.ranchu android.hardware.audio.service       E  pcmWrite:260 failure: -1
2026-02-14 16:52:20.746   639-4973  CoreBackPreview         system_server                        D  Window{568bd62 u0 com.torserve.pwa/com.torserve.pwa.MainActivity}: Setting back callback OnBackInvokedCallbackInfo{mCallback=android.window.IOnBackInvokedCallback$Stub$Proxy@c4df7f8, mPriority=0, mIsAnimationCallback=true, mOverrideBehavior=0}
2026-02-14 16:52:20.766  1333-1333  InputContextProxy       com...gle.android.inputmethod.latin  W  InputContextProxy.applyClientDiffInternal():933 Ignore [FetchSuggestions] diff due to stale request: 579<580, inputStateId=466, lastInputStateId=465
2026-02-14 16:52:20.766  1333-1333  GoogleInpu...hodService com...gle.android.inputmethod.latin  I  GoogleInputMethodService$1.onKeyboardViewShown():324 onKeyboardViewShown: keyboardType=prime, keyboardViewType=HEADER keyboardView=null
2026-02-14 16:52:20.767  1333-1333  KeyboardHeightUtil      com...gle.android.inputmethod.latin  I  KeyboardHeightUtil.calculateMaxKeyboardBodyHeight():50 leave 428 height for app when ime window height:2160, header height:0 and isFullscreenMode:false, so the max keyboard body height is:1732
2026-02-14 16:52:20.768  1333-1333  GoogleInpu...hodService com...gle.android.inputmethod.latin  I  GoogleInputMethodService$1.onKeyboardViewShown():324 onKeyboardViewShown: keyboardType=prime, keyboardViewType=BODY keyboardView=com.google.android.libraries.inputmethod.widgets.SoftKeyboardView{1cc342c VFE...... ........ 1080,0-2760,960}
2026-02-14 16:52:20.769  1333-1333  KeyboardHeightUtil      com...gle.android.inputmethod.latin  I  KeyboardHeightUtil.calculateMaxKeyboardBodyHeight():50 leave 428 height for app when ime window height:2160, header height:0 and isFullscreenMode:false, so the max keyboard body height is:1732
2026-02-14 16:52:20.771  1333-1333  GlobeKeyExtension       com...gle.android.inputmethod.latin  I  GlobeKeyExtension$1.onKeyboardViewShown():72 maybeDisableLanguageSwitchKeyPref when the keyboard is shown
2026-02-14 16:52:20.772  1333-1333  GlobeKeyExtension       com...gle.android.inputmethod.latin  I  GlobeKeyExtension.maybeDisableLanguageSwitchKeyPref():200 maybeDisableLanguageSwitchKeyPref hasGlobeKeyBeenDisabled: false, shouldDisableLanguageSwitchKey: false
2026-02-14 16:52:20.774  1333-1333  DynamicLayoutHandler    com...gle.android.inputmethod.latin  I  DynamicLayoutHandler.loadDynamicKeys():83 This isn't a dynamic layout.
2026-02-14 16:52:20.776  1333-1507  Delight5Decoder         com...gle.android.inputmethod.latin  I  Delight5DecoderWrapper.setKeyboardLayout():536 setKeyboardLayout()
2026-02-14 16:52:20.828   443-9684  android.ha...mpl.ranchu android.hardware.audio.service       W  pcmWrite:259 pcm_writei failed with 'cannot read/write stream data: I/O error' (-1)
2026-02-14 16:52:20.828   443-9684  android.ha...mpl.ranchu android.hardware.audio.service       E  pcmWrite:260 failure: -1
2026-02-14 16:52:20.932   443-9684  android.ha...mpl.ranchu android.hardware.audio.service       W  pcmWrite:259 pcm_writei failed with 'cannot read/write stream data: I/O error' (-1)
2026-02-14 16:52:20.932   443-9684  android.ha...mpl.ranchu android.hardware.audio.service       E  pcmWrite:260 failure: -1
2026-02-14 16:52:21.036   443-9684  android.ha...mpl.ranchu android.hardware.audio.service       W  pcmWrite:259 pcm_writei failed with 'cannot read/write stream data: I/O error' (-1)
2026-02-14 16:52:21.036   443-9684  android.ha...mpl.ranchu android.hardware.audio.service       E  pcmWrite:260 failure: -1
2026-02-14 16:52:21.068  9256-9256  ImeTracker              com.torserve.pwa                     I  com.torserve.pwa:17ef2ad: onShown
2026-02-14 16:52:21.140   443-9684  android.ha...mpl.ranchu android.hardware.audio.service       W  pcmWrite:259 pcm_writei failed with 'cannot read/write stream data: I/O error' (-1)
2026-02-14 16:52:21.140   443-9684  android.ha...mpl.ranchu android.hardware.audio.service       E  pcmWrite:260 failure: -1
2026-02-14 16:52:21.244   443-9684  android.ha...mpl.ranchu android.hardware.audio.service       W  pcmWrite:259 pcm_writei failed with 'cannot read/write stream data: I/O error' (-1)
2026-02-14 16:52:21.244   443-9684  android.ha...mpl.ranchu android.hardware.audio.service       E  pcmWrite:260 failure: -1
2026-02-14 16:52:21.330   443-3721  android.ha...mpl.ranchu android.hardware.audio.service       D  threadLoop: entering standby, frames: 21007104
2026-02-14 16:52:21.330   443-3721  android.ha...mpl.ranchu android.hardware.audio.service       D  ~TinyalsaSink: joining consumeThread
2026-02-14 16:52:21.352   443-9684  android.ha...mpl.ranchu android.hardware.audio.service       W  pcmWrite:259 pcm_writei failed with 'cannot read/write stream data: I/O error' (-1)
2026-02-14 16:52:21.352   443-9684  android.ha...mpl.ranchu android.hardware.audio.service       E  pcmWrite:260 failure: -1
2026-02-14 16:52:21.352   443-9684  android.ha...mpl.ranchu android.hardware.audio.service       D  consumeThread: exiting
2026-02-14 16:52:21.352   443-3721  android.ha...mpl.ranchu android.hardware.audio.service       D  ~TinyalsaSink: stopping PCM stream
2026-02-14 16:52:21.950   639-1898  AS.PlaybackActivityMon  system_server                        W  No piid assigned for invalid/internal port id 18
2026-02-14 16:52:21.963  9256-9256  WindowOnBackDispatcher  com.torserve.pwa                     W  sendCancelIfRunning: isInProgress=false callback=ImeCallback=ImeOnBackInvokedCallback@33856872 Callback=android.window.IOnBackInvokedCallback$Stub$Proxy@b84df4f
2026-02-14 16:52:21.964  9256-9256  WindowOnBackDispatcher  com.torserve.pwa                     W  sendCancelIfRunning: isInProgress=false callback=android.view.ViewRootImpl$$ExternalSyntheticLambda13@e7cea7c
2026-02-14 16:52:21.964   639-1898  CoreBackPreview         system_server                        D  Window{568bd62 u0 com.torserve.pwa/com.torserve.pwa.MainActivity}: Setting back callback OnBackInvokedCallbackInfo{mCallback=android.window.IOnBackInvokedCallback$Stub$Proxy@107cd09, mPriority=0, mIsAnimationCallback=false, mOverrideBehavior=0}
2026-02-14 16:52:21.965   639-1898  CoreBackPreview         system_server                        D  Window{568bd62 u0 com.torserve.pwa/com.torserve.pwa.MainActivity}: Setting back callback null
2026-02-14 16:52:21.977  9256-9271  HWUI                    com.torserve.pwa                     D  endAllActiveAnimators on 0xb400007c40130be0 (RippleDrawable) with handle 0xb400007b2018f420
2026-02-14 16:52:22.069   639-663   WindowManager           system_server                        V  Unknown focus tokens, dropping reportFocusChanged
2026-02-14 16:52:22.097  9256-9256  Capacitor/Console       com.torserve.pwa                     I  File: https://localhost/assets/index-CE_Y42og.js - Line 9 - Msg: [SpatialNav] Active Zone: main -> main
2026-02-14 16:52:22.105   639-745   ImeTracker              system_server                        I  com.torserve.pwa:49f7cf48: onRequestHide at ORIGIN_SERVER reason HIDE_UNSPECIFIED_WINDOW fromUser false
2026-02-14 16:52:22.106  9256-9256  InsetsController        com.torserve.pwa                     D  hide(ime(), fromIme=false)
2026-02-14 16:52:22.106  9256-9256  ImeTracker              com.torserve.pwa                     I  com.torserve.pwa:49f7cf48: onCancelled at PHASE_CLIENT_ALREADY_HIDDEN
2026-02-14 16:52:22.108  1333-1333  GoogleInpu...hodService com...gle.android.inputmethod.latin  I  GoogleInputMethodService.onFinishInputView():1570 onFinishInputView(true)
2026-02-14 16:52:22.109   639-1113  ImeTracker              system_server                        I  system_server:bcdec58f: onRequestHide at ORIGIN_SERVER reason IME_REQUESTED_CHANGED_LISTENER fromUser false
2026-02-14 16:52:22.110  1333-1333  GlobeKeyExtension       com...gle.android.inputmethod.latin  I  GlobeKeyExtension.onDeactivate():144 
2026-02-14 16:52:22.111  1333-1333  InputBundle             com...gle.android.inputmethod.latin  I  InputBundle.consumeEvent():1032 Skip consuming an event as keyboard status is INACTIVE
2026-02-14 16:52:22.111  1333-1333  AndroidIME              com...gle.android.inputmethod.latin  I  AbstractIme.onDeactivate():216 LatinTVIme.onDeactivate()
2026-02-14 16:52:22.112  1333-1333  GoogleInpu...hodService com...gle.android.inputmethod.latin  I  GoogleInputMethodService.onFinishInput():2084 
2026-02-14 16:52:22.113  1333-1333  Module                  com...gle.android.inputmethod.latin  I  DeviceLockedStatusModuleProvider$Module.updateDeviceLockedStatus():101 repeatCheckTimes = 0, locked = false
2026-02-14 16:52:22.113  1333-1333  GoogleInpu...hodService com...gle.android.inputmethod.latin  I  GoogleInputMethodService.onStartInput():1345 onStartInput(EditorInfo{EditorInfo{packageName=com.torserve.pwa, inputType=0, inputTypeString=NULL, enableLearning=false, autoCorrection=false, autoComplete=false, imeOptions=12000000, privateImeOptions=null, actionName=UNSPECIFIED, actionLabel=null, initialSelStart=-1, initialSelEnd=-1, initialCapsMode=0, label=null, fieldId=0, fieldName=null, extras=null, hintText=null, hintLocales=[]}}, false)
2026-02-14 16:52:22.113  9256-9256  ImeBackDispatcher       com.torserve.pwa                     E  Ime callback not found. Ignoring unregisterReceivedCallback. callbackId: 33856872
2026-02-14 16:52:22.114  1333-1333  Module                  com...gle.android.inputmethod.latin  I  DeviceLockedStatusModuleProvider$Module.updateDeviceLockedStatus():101 repeatCheckTimes = 1, locked = false
2026-02-14 16:52:22.114   639-3837  PackageConfigPersister  system_server                        W  App-specific configuration not found for packageName: com.torserve.pwa and userId: 0
2026-02-14 16:52:22.114  1333-1333  GoogleInpu...hodService com...gle.android.inputmethod.latin  I  GoogleInputMethodService.onStartInputView():1438 onStartInputView(EditorInfo{EditorInfo{packageName=com.torserve.pwa, inputType=0, inputTypeString=NULL, enableLearning=false, autoCorrection=false, autoComplete=false, imeOptions=12000000, privateImeOptions=null, actionName=UNSPECIFIED, actionLabel=null, initialSelStart=-1, initialSelEnd=-1, initialCapsMode=0, label=null, fieldId=0, fieldName=null, extras=null, hintText=null, hintLocales=[]}}, false)
2026-02-14 16:52:22.122  1333-1333  GoogleInpu...hodService com...gle.android.inputmethod.latin  I  GoogleInputMethodService.onFinishInputView():1570 onFinishInputView(false)
2026-02-14 16:52:22.126  1333-1333  ImeTracker              com...gle.android.inputmethod.latin  I  system_server:bcdec58f: onHidden
2026-02-14 16:52:22.134   639-664   ImeTracker              system_server                        I  system_server:7b63eb8: onRequestShow at ORIGIN_SERVER reason CONTROLS_CHANGED fromUser false
2026-02-14 16:52:22.180   639-3837  CoreBackPreview         system_server                        D  Window{283f8c5 u0 com.torserve.pwa/com.torserve.pwa.MainActivity}: Setting back callback OnBackInvokedCallbackInfo{mCallback=android.window.IOnBackInvokedCallback$Stub$Proxy@6c66b6c, mPriority=0, mIsAnimationCallback=true, mOverrideBehavior=0}
2026-02-14 16:52:22.194  9256-9256  WindowOnBackDispatcher  com.torserve.pwa                     W  sendCancelIfRunning: isInProgress=false callback=ImeCallback=ImeOnBackInvokedCallback@33856872 Callback=android.window.IOnBackInvokedCallback$Stub$Proxy@2da216b
2026-02-14 16:52:22.195   639-1898  CoreBackPreview         system_server                        D  Window{283f8c5 u0 com.torserve.pwa/com.torserve.pwa.MainActivity}: Setting back callback OnBackInvokedCallbackInfo{mCallback=android.window.IOnBackInvokedCallback$Stub$Proxy@8bed535, mPriority=0, mIsAnimationCallback=false, mOverrideBehavior=0}
2026-02-14 16:52:22.197   639-1898  ImeTracker              system_server                        I  system_server:7b63eb8: onCancelled at PHASE_WM_SET_REMOTE_TARGET_IME_VISIBILITY
2026-02-14 16:52:22.373   443-9733  android.ha...mpl.ranchu android.hardware.audio.service       W  pcmWrite:259 pcm_writei failed with 'cannot read/write stream data: I/O error' (-1)
2026-02-14 16:52:22.373   443-9733  android.ha...mpl.ranchu android.hardware.audio.service       E  pcmWrite:260 failure: -1
2026-02-14 16:52:22.422   639-4973  ImeTracker              system_server                        I  system_server:7b63eb8: setFinished on previously finished token at PHASE_WM_SET_REMOTE_TARGET_IME_VISIBILITY with STATUS_CANCEL
2026-02-14 16:52:22.422   639-4973  ImeTracker              system_server                        I  system_server:7b63eb8: onCancelled at PHASE_WM_SET_REMOTE_TARGET_IME_VISIBILITY
2026-02-14 16:52:22.477   443-9733  android.ha...mpl.ranchu android.hardware.audio.service       W  pcmWrite:259 pcm_writei failed with 'cannot read/write stream data: I/O error' (-1)
2026-02-14 16:52:22.477   443-9733  android.ha...mpl.ranchu android.hardware.audio.service       E  pcmWrite:260 failure: -1
2026-02-14 16:52:22.584   443-9733  android.ha...mpl.ranchu android.hardware.audio.service       W  pcmWrite:259 pcm_writei failed with 'cannot read/write stream data: I/O error' (-1)
2026-02-14 16:52:22.584   443-9733  android.ha...mpl.ranchu android.hardware.audio.service       E  pcmWrite:260 failure: -1
2026-02-14 16:52:22.635   639-4973  ImeTracker              system_server                        I  system_server:b2877433: onRequestHide at ORIGIN_SERVER reason IME_REQUESTED_CHANGED_LISTENER fromUser false
2026-02-14 16:52:22.635   639-663   ImeTracker              system_server                        I  system_server:b2877433: onCancelled at PHASE_SERVER_SHOULD_HIDE
2026-02-14 16:52:22.688   443-9733  android.ha...mpl.ranchu android.hardware.audio.service       W  pcmWrite:259 pcm_writei failed with 'cannot read/write stream data: I/O error' (-1)
2026-02-14 16:52:22.688   443-9733  android.ha...mpl.ranchu android.hardware.audio.service       E  pcmWrite:260 failure: -1
2026-02-14 16:52:22.797   443-9733  android.ha...mpl.ranchu android.hardware.audio.service       W  pcmWrite:259 pcm_writei failed with 'cannot read/write stream data: I/O error' (-1)
2026-02-14 16:52:22.797   443-9733  android.ha...mpl.ranchu android.hardware.audio.service       E  pcmWrite:260 failure: -1
2026-02-14 16:52:22.900   443-9733  android.ha...mpl.ranchu android.hardware.audio.service       W  pcmWrite:259 pcm_writei failed with 'cannot read/write stream data: I/O error' (-1)
2026-02-14 16:52:22.900   443-9733  android.ha...mpl.ranchu android.hardware.audio.service       E  pcmWrite:260 failure: -1
2026-02-14 16:52:23.005   443-9733  android.ha...mpl.ranchu android.hardware.audio.service       W  pcmWrite:259 pcm_writei failed with 'cannot read/write stream data: I/O error' (-1)
2026-02-14 16:52:23.005   443-9733  android.ha...mpl.ranchu android.hardware.audio.service       E  pcmWrite:260 failure: -1
2026-02-14 16:52:23.110   443-9733  android.ha...mpl.ranchu android.hardware.audio.service       W  pcmWrite:259 pcm_writei failed with 'cannot read/write stream data: I/O error' (-1)
2026-02-14 16:52:23.110   443-9733  android.ha...mpl.ranchu android.hardware.audio.service       E  pcmWrite:260 failure: -1
2026-02-14 16:52:23.213   443-9733  android.ha...mpl.ranchu android.hardware.audio.service       W  pcmWrite:259 pcm_writei failed with 'cannot read/write stream data: I/O error' (-1)
2026-02-14 16:52:23.213   443-9733  android.ha...mpl.ranchu android.hardware.audio.service       E  pcmWrite:260 failure: -1
2026-02-14 16:52:23.318   443-9733  android.ha...mpl.ranchu android.hardware.audio.service       W  pcmWrite:259 pcm_writei failed with 'cannot read/write stream data: I/O error' (-1)
2026-02-14 16:52:23.318   443-9733  android.ha...mpl.ranchu android.hardware.audio.service       E  pcmWrite:260 failure: -1
2026-02-14 16:52:23.423   443-9733  android.ha...mpl.ranchu android.hardware.audio.service       W  pcmWrite:259 pcm_writei failed with 'cannot read/write stream data: I/O error' (-1)
2026-02-14 16:52:23.423   443-9733  android.ha...mpl.ranchu android.hardware.audio.service       E  pcmWrite:260 failure: -1
2026-02-14 16:52:23.527   443-9733  android.ha...mpl.ranchu android.hardware.audio.service       W  pcmWrite:259 pcm_writei failed with 'cannot read/write stream data: I/O error' (-1)
2026-02-14 16:52:23.527   443-9733  android.ha...mpl.ranchu android.hardware.audio.service       E  pcmWrite:260 failure: -1
2026-02-14 16:52:23.628   443-9733  android.ha...mpl.ranchu android.hardware.audio.service       W  pcmWrite:259 pcm_writei failed with 'cannot read/write stream data: I/O error' (-1)
2026-02-14 16:52:23.628   443-9733  android.ha...mpl.ranchu android.hardware.audio.service       E  pcmWrite:260 failure: -1
2026-02-14 16:52:23.733   443-9733  android.ha...mpl.ranchu android.hardware.audio.service       W  pcmWrite:259 pcm_writei failed with 'cannot read/write stream data: I/O error' (-1)
2026-02-14 16:52:23.733   443-9733  android.ha...mpl.ranchu android.hardware.audio.service       E  pcmWrite:260 failure: -1
2026-02-14 16:52:23.837   443-9733  android.ha...mpl.ranchu android.hardware.audio.service       W  pcmWrite:259 pcm_writei failed with 'cannot read/write stream data: I/O error' (-1)
2026-02-14 16:52:23.837   443-9733  android.ha...mpl.ranchu android.hardware.audio.service       E  pcmWrite:260 failure: -1
2026-02-14 16:52:23.941   443-9733  android.ha...mpl.ranchu android.hardware.audio.service       W  pcmWrite:259 pcm_writei failed with 'cannot read/write stream data: I/O error' (-1)
2026-02-14 16:52:23.941   443-9733  android.ha...mpl.ranchu android.hardware.audio.service       E  pcmWrite:260 failure: -1
2026-02-14 16:52:24.045   443-9733  android.ha...mpl.ranchu android.hardware.audio.service       W  pcmWrite:259 pcm_writei failed with 'cannot read/write stream data: I/O error' (-1)
2026-02-14 16:52:24.045   443-9733  android.ha...mpl.ranchu android.hardware.audio.service       E  pcmWrite:260 failure: -1
2026-02-14 16:52:24.150   443-9733  android.ha...mpl.ranchu android.hardware.audio.service       W  pcmWrite:259 pcm_writei failed with 'cannot read/write stream data: I/O error' (-1)
2026-02-14 16:52:24.150   443-9733  android.ha...mpl.ranchu android.hardware.audio.service       E  pcmWrite:260 failure: -1
2026-02-14 16:52:24.252   443-9733  android.ha...mpl.ranchu android.hardware.audio.service       W  pcmWrite:259 pcm_writei failed with 'cannot read/write stream data: I/O error' (-1)
2026-02-14 16:52:24.252   443-9733  android.ha...mpl.ranchu android.hardware.audio.service       E  pcmWrite:260 failure: -1
2026-02-14 16:52:24.357   443-9733  android.ha...mpl.ranchu android.hardware.audio.service       W  pcmWrite:259 pcm_writei failed with 'cannot read/write stream data: I/O error' (-1)
2026-02-14 16:52:24.357   443-9733  android.ha...mpl.ranchu android.hardware.audio.service       E  pcmWrite:260 failure: -1
2026-02-14 16:52:24.461   443-9733  android.ha...mpl.ranchu android.hardware.audio.service       W  pcmWrite:259 pcm_writei failed with 'cannot read/write stream data: I/O error' (-1)
2026-02-14 16:52:24.461   443-9733  android.ha...mpl.ranchu android.hardware.audio.service       E  pcmWrite:260 failure: -1
2026-02-14 16:52:24.565   443-9733  android.ha...mpl.ranchu android.hardware.audio.service       W  pcmWrite:259 pcm_writei failed with 'cannot read/write stream data: I/O error' (-1)
2026-02-14 16:52:24.565   443-9733  android.ha...mpl.ranchu android.hardware.audio.service       E  pcmWrite:260 failure: -1
2026-02-14 16:52:24.668   443-9733  android.ha...mpl.ranchu android.hardware.audio.service       W  pcmWrite:259 pcm_writei failed with 'cannot read/write stream data: I/O error' (-1)
2026-02-14 16:52:24.668   443-9733  android.ha...mpl.ranchu android.hardware.audio.service       E  pcmWrite:260 failure: -1
2026-02-14 16:52:24.772   443-9733  android.ha...mpl.ranchu android.hardware.audio.service       W  pcmWrite:259 pcm_writei failed with 'cannot read/write stream data: I/O error' (-1)
2026-02-14 16:52:24.772   443-9733  android.ha...mpl.ranchu android.hardware.audio.service       E  pcmWrite:260 failure: -1
2026-02-14 16:52:24.877   443-9733  android.ha...mpl.ranchu android.hardware.audio.service       W  pcmWrite:259 pcm_writei failed with 'cannot read/write stream data: I/O error' (-1)
2026-02-14 16:52:24.877   443-9733  android.ha...mpl.ranchu android.hardware.audio.service       E  pcmWrite:260 failure: -1
2026-02-14 16:52:24.982   443-9733  android.ha...mpl.ranchu android.hardware.audio.service       W  pcmWrite:259 pcm_writei failed with 'cannot read/write stream data: I/O error' (-1)
2026-02-14 16:52:24.982   443-9733  android.ha...mpl.ranchu android.hardware.audio.service       E  pcmWrite:260 failure: -1
2026-02-14 16:52:24.990   443-3721  android.ha...mpl.ranchu android.hardware.audio.service       D  threadLoop: entering standby, frames: 21156160
2026-02-14 16:52:24.990   443-3721  android.ha...mpl.ranchu android.hardware.audio.service       D  ~TinyalsaSink: joining consumeThread
2026-02-14 16:52:25.089   443-9733  android.ha...mpl.ranchu android.hardware.audio.service       W  pcmWrite:259 pcm_writei failed with 'cannot read/write stream data: I/O error' (-1)
2026-02-14 16:52:25.089   443-9733  android.ha...mpl.ranchu android.hardware.audio.service       E  pcmWrite:260 failure: -1
2026-02-14 16:52:25.089   443-9733  android.ha...mpl.ranchu android.hardware.audio.service       D  consumeThread: exiting
2026-02-14 16:52:25.089   443-3721  android.ha...mpl.ranchu android.hardware.audio.service       D  ~TinyalsaSink: stopping PCM stream
2026-02-14 16:52:25.215  9256-9256  Capacitor/Console       com.torserve.pwa                     W  File: https://localhost/assets/index-CE_Y42og.js - Line 36 - Msg: Mixed Content: The page at 'https://localhost/' was loaded over HTTPS, but requested an insecure resource 'http://192.168.1.70:3000/api/status'. This content should also be served over HTTPS.
2026-02-14 16:52:25.231  9256-9256  Capacitor/Console       com.torserve.pwa                     I  File: https://localhost/assets/index-CE_Y42og.js - Line 9 - Msg: [SpatialNav] Active Zone: main -> main
2026-02-14 16:52:25.482   639-948   InetDiagMessage         system_server                        D  Destroyed 0 sockets, proto=IPPROTO_TCP, family=AF_INET, states=14
2026-02-14 16:52:25.483   639-948   InetDiagMessage         system_server                        D  Destroyed 1 sockets, proto=IPPROTO_TCP, family=AF_INET6, states=14
2026-02-14 16:52:25.483   639-948   InetDiagMessage         system_server                        D  Destroyed live tcp sockets for uids={10062} in 2ms
2026-02-14 16:52:25.485   639-948   InetDiagMessage         system_server                        D  Destroyed 0 sockets, proto=IPPROTO_TCP, family=AF_INET, states=14
2026-02-14 16:52:25.485   639-948   InetDiagMessage         system_server                        D  Destroyed 0 sockets, proto=IPPROTO_TCP, family=AF_INET6, states=14
2026-02-14 16:52:25.485   639-948   InetDiagMessage         system_server                        D  Destroyed live tcp sockets for uids={20062} in 2ms
2026-02-14 16:52:30.113  9256-9315  Capacitor/Plugin        com.torserve.pwa                     V  To native (Capacitor plugin): callbackId: 31504087, pluginId: CapacitorHttp, methodName: request
2026-02-14 16:52:30.113  9256-9315  Capacitor               com.torserve.pwa                     V  callback: 31504087, pluginId: CapacitorHttp, methodName: request, methodData: {"method":"POST","url":"http:\/\/192.168.1.70:3000\/api\/quality-badges","headers":{"Content-Type":"application\/json"},"data":{"titles":["Salve Geral: Irmandade","Охота за тенью","捕风追影"]}}
2026-02-14 16:52:30.114  9256-9675  CapacitorCookies        com.torserve.pwa                     I  Getting cookies at: 'http://192.168.1.70:3000/api/quality-badges'
2026-02-14 16:52:30.209  9256-9256  Capacitor/Console       com.torserve.pwa                     W  File: https://localhost/assets/index-CE_Y42og.js - Line 36 - Msg: Mixed Content: The page at 'https://localhost/' was loaded over HTTPS, but requested an insecure resource 'http://192.168.1.70:3000/api/status'. This content should also be served over HTTPS.
2026-02-14 16:52:30.219  9256-9256  Capacitor/Console       com.torserve.pwa                     I  File: https://localhost/assets/index-CE_Y42og.js - Line 9 - Msg: [SpatialNav] Active Zone: main -> main
2026-02-14 16:52:30.505   639-4973  FileUtils               system_server                        D  Rounded bytes from 2070470656 to 4000000000
2026-02-14 16:52:30.516   639-731   ActivityManager         system_server                        D  freezing 9380 com.google.android.tts:search
2026-02-14 16:52:30.519   639-948   InetDiagMessage         system_server                        D  Destroyed 0 sockets, proto=IPPROTO_TCP, family=AF_INET, states=14
2026-02-14 16:52:30.519   639-948   InetDiagMessage         system_server                        D  Destroyed 0 sockets, proto=IPPROTO_TCP, family=AF_INET6, states=14
2026-02-14 16:52:30.519   639-948   InetDiagMessage         system_server                        D  Destroyed live tcp sockets for uids={10062} in 1ms
