2026-02-14 16:51:56.916   639-1898  Grammatica...ctionUtils system_server                        V  AttributionSource: android.content.AttributionSource@be2ffe09 does not have READ_SYSTEM_GRAMMATICAL_GENDER permission.
2026-02-14 16:51:56.917   639-1763  AS.PlaybackActivityMon  system_server                        W  No piid assigned for invalid/internal port id 18
2026-02-14 16:51:56.917   639-1898  OptProp                 system_server                        W  Cannot read opt property android.window.PROPERTY_COMPAT_ALLOW_RESIZEABLE_ACTIVITY_OVERRIDES
2026-02-14 16:51:56.918   639-1898  OptProp                 system_server                        W  Cannot read opt property android.window.PROPERTY_COMPAT_ALLOW_MIN_ASPECT_RATIO_OVERRIDE
2026-02-14 16:51:56.922   639-1898  CellBroadcastUtils      system_server                        E  getDefaultCellBroadcastReceiverPackageName: no package found
2026-02-14 16:51:56.928   639-1898  AppsFilter              system_server                        I  interaction: PackageSetting{ae1b com.torserve.pwa/10094} -> PackageSetting{50d7495 com.google.android.tvlauncher/10052} BLOCKED
2026-02-14 16:51:56.932   639-1898  ActivityTaskManager     system_server                        I  START u0 {act=android.intent.action.MAIN cat=[android.intent.category.LEANBACK_LAUNCHER] flg=0x10000000 xflg=0x4 pkg=com.torserve.pwa cmp=com.torserve.pwa/.MainActivity} with LAUNCH_SINGLE_TASK from uid 10052 (sr=167763937) (BAL_ALLOW_VISIBLE_WINDOW) result code=2
2026-02-14 16:51:56.934  1028-1074  WindowManagerShell      com.android.systemui                 V  Transition requested (#221): android.os.BinderProxy@5fe5073 TransitionRequestInfo { type = OPEN, triggerTask = TaskInfo{userId=0 taskId=82 effectiveUid=10094 displayId=0 isRunning=true baseIntent=Intent { act=android.intent.action.MAIN cat=[android.intent.category.LEANBACK_LAUNCHER] flg=0x10000000 pkg=com.torserve.pwa cmp=com.torserve.pwa/.MainActivity } baseActivity=ComponentInfo{com.torserve.pwa/com.torserve.pwa.MainActivity} topActivity=ComponentInfo{com.torserve.pwa/com.torserve.pwa.MainActivity} origActivity=null realActivity=ComponentInfo{com.torserve.pwa/com.torserve.pwa.MainActivity} numActivities=1 lastActiveTime=67540970 supportsMultiWindow=false resizeMode=1 isResizeable=true minWidth=-1 minHeight=-1 defaultMinSize=220 token=WCT{android.window.IWindowContainerToken$Stub$Proxy@5bd7b30} topActivityType=1 pictureInPictureParams=null shouldDockBigOverlays=true launchIntoPipHostTaskId=-1 lastParentTaskIdBeforePip=-1 displayCutoutSafeInsets=Rect(0, 0 - 0, 0) topActivityInfo=ActivityInfo{45643a9 com.torserve.pwa.MainActivity} launchCookies=[] positionInParent=Point(0, 0) parentTaskId=-1 isFocused=false isVisible=false isVisibleRequested=false isTopActivityNoDisplay=false isSleeping=false locusId=null displayAreaFeatureId=1 isTopActivityTransparent=false isActivityStackTransparent=false lastNonFullscreenBounds=Rect(1374, 108 - 2467, 2052) capturedLink=null capturedLinkTimestamp=0 requestedVisibleTypes=-9 topActivityRequestOpenInBrowserEducationTimestamp=0 appCompatTaskInfo=AppCompatTaskInfo { topActivityInSizeCompat=false eligibleForLetterboxEducation= false isLetterboxEducationEnabled= false isLetterboxDoubleTapEnabled= false eligibleForUserAspectRatioButton= false topActivityBoundsLetterboxed= false isFromLetterboxDoubleTap= false topActivityLetterboxVerticalPosition= -1 topActivityLetterboxHorizontalPosition= -1 topActivityLetterboxWidth=-1 topActivityLetterboxHeight=-1 topActivityAppBounds=Rect(0, 0 - 3840, 2160) isUserFullscreenOverrideEnabled=false isSystemFullscreenOverrideEnabled=false hasMinAspectRatioOverride=false topActivityLetterboxBounds=null cameraCompatTaskInfo=CameraCompatTaskInfo { freeformCameraCompatMode=inactive}} topActivityMainWindowFrame=null}, pipChange = null, remoteTransition = null, displayChange = null, flags = 0, debugId = 221 }
2026-02-14 16:51:56.943   639-5169  ActivityManager         system_server                        D  quick sync unfreeze 9256 for 1
2026-02-14 16:51:56.943   639-987   Background...rolService system_server                        D  Package event received: 0
2026-02-14 16:51:56.949   498-498   BpBinder                surfaceflinger                       I  onLastStrongRef automatically unlinking death recipients: 
2026-02-14 16:51:56.952   639-663   ActivityManager         system_server                        D  sync unfroze 9256 com.torserve.pwa for 1
2026-02-14 16:51:56.953   639-663   ActivityManager         system_server                        D  sync unfroze 9280 com.google.android.webview:sandboxed_process0:org.chromium.content.app.SandboxedProcessService0:0 for 1
2026-02-14 16:51:56.964   639-663   IPCThreadState          system_server                        W  Sending oneway calls to frozen process.
2026-02-14 16:51:56.965   639-663   IPCThreadState          system_server                        W  Sending oneway calls to frozen process.
2026-02-14 16:51:56.965   639-663   IPCThreadState          system_server                        W  Sending oneway calls to frozen process.
2026-02-14 16:51:56.965   639-663   IPCThreadState          system_server                        W  Sending oneway calls to frozen process.
2026-02-14 16:51:56.965   639-663   IPCThreadState          system_server                        W  Sending oneway calls to frozen process.
2026-02-14 16:51:56.965   639-663   IPCThreadState          system_server                        W  Sending oneway calls to frozen process.
2026-02-14 16:51:56.965   639-663   IPCThreadState          system_server                        W  Sending oneway calls to frozen process.
2026-02-14 16:51:56.965   639-663   IPCThreadState          system_server                        W  Sending oneway calls to frozen process.
2026-02-14 16:51:56.966   639-663   IPCThreadState          system_server                        W  Sending oneway calls to frozen process.
2026-02-14 16:51:56.966   639-663   IPCThreadState          system_server                        W  Sending oneway calls to frozen process.
2026-02-14 16:51:56.966   639-663   IPCThreadState          system_server                        W  Sending oneway calls to frozen process.
2026-02-14 16:51:56.966   639-663   IPCThreadState          system_server                        W  Sending oneway calls to frozen process.
2026-02-14 16:51:56.967   509-570   IPCThreadState          cameraserver                         W  Sending oneway calls to frozen process.
2026-02-14 16:51:56.968   639-663   IPCThreadState          system_server                        W  Sending oneway calls to frozen process.
2026-02-14 16:51:56.969   639-663   IPCThreadState          system_server                        W  Sending oneway calls to frozen process.
2026-02-14 16:51:56.969   639-663   IPCThreadState          system_server                        W  Sending oneway calls to frozen process.
2026-02-14 16:51:56.969   639-663   IPCThreadState          system_server                        W  Sending oneway calls to frozen process.
2026-02-14 16:51:56.969   639-663   IPCThreadState          system_server                        W  Sending oneway calls to frozen process.
2026-02-14 16:51:56.970   639-663   IPCThreadState          system_server                        W  Sending oneway calls to frozen process.
2026-02-14 16:51:56.970   639-663   IPCThreadState          system_server                        W  Sending oneway calls to frozen process.
2026-02-14 16:51:56.970   639-663   IPCThreadState          system_server                        W  Sending oneway calls to frozen process.
2026-02-14 16:51:56.970   639-663   IPCThreadState          system_server                        W  Sending oneway calls to frozen process.
2026-02-14 16:51:56.970   639-663   IPCThreadState          system_server                        W  Sending oneway calls to frozen process.
2026-02-14 16:51:56.970   639-663   IPCThreadState          system_server                        W  Sending oneway calls to frozen process.
2026-02-14 16:51:56.970   639-663   IPCThreadState          system_server                        W  Sending oneway calls to frozen process.
2026-02-14 16:51:56.970   639-663   IPCThreadState          system_server                        W  Sending oneway calls to frozen process.
2026-02-14 16:51:56.970   639-663   IPCThreadState          system_server                        W  Sending oneway calls to frozen process.
2026-02-14 16:51:56.971   639-663   IPCThreadState          system_server                        W  Sending oneway calls to frozen process.
2026-02-14 16:51:56.971   639-663   IPCThreadState          system_server                        W  Sending oneway calls to frozen process.
2026-02-14 16:51:56.971   639-663   IPCThreadState          system_server                        W  Sending oneway calls to frozen process.
2026-02-14 16:51:56.971   639-663   IPCThreadState          system_server                        W  Sending oneway calls to frozen process.
2026-02-14 16:51:56.971   639-663   IPCThreadState          system_server                        W  Sending oneway calls to frozen process.
2026-02-14 16:51:56.971   639-663   IPCThreadState          system_server                        W  Sending oneway calls to frozen process.
2026-02-14 16:51:56.971   639-663   IPCThreadState          system_server                        W  Sending oneway calls to frozen process.
2026-02-14 16:51:56.971   639-663   IPCThreadState          system_server                        W  Sending oneway calls to frozen process.
2026-02-14 16:51:56.971   639-663   IPCThreadState          system_server                        W  Sending oneway calls to frozen process.
2026-02-14 16:51:56.971   639-663   IPCThreadState          system_server                        W  Sending oneway calls to frozen process.
2026-02-14 16:51:56.971   639-663   IPCThreadState          system_server                        W  Sending oneway calls to frozen process.
2026-02-14 16:51:56.971   639-663   IPCThreadState          system_server                        W  Sending oneway calls to frozen process.
2026-02-14 16:51:56.972   639-987   Background...rolService system_server                        D  Package event received: 0
2026-02-14 16:51:56.974   639-987   Background...rolService system_server                        D  Package event received: 0
2026-02-14 16:51:56.974   639-987   Background...rolService system_server                        D  Package event received: 0
2026-02-14 16:51:56.974   639-987   Background...rolService system_server                        D  Package event received: 0
2026-02-14 16:51:56.974   639-987   Background...rolService system_server                        D  Package event received: 0
2026-02-14 16:51:56.974   639-987   Background...rolService system_server                        D  Package event received: 0
2026-02-14 16:51:56.974   639-987   Background...rolService system_server                        D  Package event received: 0
2026-02-14 16:51:56.974   639-987   Background...rolService system_server                        D  Package event received: 0
2026-02-14 16:51:56.974   639-987   Background...rolService system_server                        D  Package event received: 0
2026-02-14 16:51:56.974   639-987   Background...rolService system_server                        D  Package event received: 0
2026-02-14 16:51:56.974   639-987   Background...rolService system_server                        D  Package event received: 0
2026-02-14 16:51:56.974   639-987   Background...rolService system_server                        D  Package event received: 0
2026-02-14 16:51:56.974   639-987   Background...rolService system_server                        D  Package event received: 0
2026-02-14 16:51:56.976   639-987   Background...rolService system_server                        D  Package event received: 0
2026-02-14 16:51:56.977   639-987   Background...rolService system_server                        D  Package event received: 0
2026-02-14 16:51:56.977   639-987   Background...rolService system_server                        D  Package event received: 0
2026-02-14 16:51:56.977   639-987   Background...rolService system_server                        D  Package event received: 0
2026-02-14 16:51:56.977   639-987   Background...rolService system_server                        D  Package event received: 0
2026-02-14 16:51:56.977   639-987   Background...rolService system_server                        D  Package event received: 0
2026-02-14 16:51:56.977   639-987   Background...rolService system_server                        D  Package event received: 0
2026-02-14 16:51:57.034  9256-9256  Capacitor               com.torserve.pwa                     D  App restarted
2026-02-14 16:51:57.041  9256-9256  Capacitor               com.torserve.pwa                     D  App started
2026-02-14 16:51:57.042  9256-9256  WindowOnBackDispatcher  com.torserve.pwa                     W  OnBackInvokedCallback is not enabled for the application.
                                                                                                    Set 'android:enableOnBackInvokedCallback="true"' in the application manifest.
2026-02-14 16:51:57.052  9256-9256  Capacitor/AppPlugin     com.torserve.pwa                     D  Firing change: true
2026-02-14 16:51:57.053  9256-9256  Capacitor/AppPlugin     com.torserve.pwa                     V  Notifying listeners for event appStateChange
2026-02-14 16:51:57.053  9256-9256  Capacitor/AppPlugin     com.torserve.pwa                     D  No listeners found for event appStateChange
2026-02-14 16:51:57.053  9256-9256  Capacitor/AppPlugin     com.torserve.pwa                     V  Notifying listeners for event resume
2026-02-14 16:51:57.053  9256-9256  Capacitor/AppPlugin     com.torserve.pwa                     D  No listeners found for event resume
2026-02-14 16:51:57.056  9256-9256  CustomTabsClient        com.torserve.pwa                     W  Unable to find any Custom Tabs packages, you may need to add a <queries> element to your manifest. See the docs for CustomTabsClient#getPackageName.
2026-02-14 16:51:57.058   639-5169  ActivityManager         system_server                        W  Unable to start service Intent { act=android.support.customtabs.action.CustomTabsService xflg=0x4 pkg=com.android.chrome } U=0: not found
2026-02-14 16:51:57.058  9256-9256  Capacitor/BrowserPlugin com.torserve.pwa                     E  Error binding to custom tabs service
2026-02-14 16:51:57.059  9256-9256  Capacitor               com.torserve.pwa                     D  App resumed
2026-02-14 16:51:57.061  1028-1074  WindowManagerShell      com.android.systemui                 D  TvPipController: onTaskStackChanged()
2026-02-14 16:51:57.091  9256-9271  HWUI                    com.torserve.pwa                     W  Failed to choose config with EGL_SWAP_BEHAVIOR_PRESERVED, retrying without...
2026-02-14 16:51:57.091  9256-9271  HWUI                    com.torserve.pwa                     W  Failed to initialize 101010-2 format, error = EGL_SUCCESS
2026-02-14 16:51:57.144  1028-1301  WindowManagerShell      com.android.systemui                 V  onTransitionReady(transaction=2744484110104)
2026-02-14 16:51:57.144  1028-1074  WindowManagerShell      com.android.systemui                 V  onTransitionReady (#221) android.os.BinderProxy@5fe5073: {id=221 t=OPEN f=0x0 trk=0 r=[0@Point(0, 0)] c=[
                                                                                                            {m=TO_FRONT f=MOVE_TO_TOP leash=Surface(name=Task=82)/@0xf0e7d2e sb=Rect(0, 0 - 3840, 2160) eb=Rect(0, 0 - 3840, 2160) epz=Point(3840, 2160) d=0 taskParent=-1},
                                                                                                            {m=TO_BACK f=NONE leash=Surface(name=Task=1)/@0x2e380cf sb=Rect(0, 0 - 3840, 2160) eb=Rect(0, 0 - 3840, 2160) epz=Point(3840, 2160) d=0 taskParent=-1}
                                                                                                        ]}
2026-02-14 16:51:57.146  1028-1074  WindowManagerShell      com.android.systemui                 V  Playing animation for (#221) android.os.BinderProxy@5fe5073@0
2026-02-14 16:51:57.147  1028-1074  WindowManagerShell      com.android.systemui                 V  Transition doesn't have explicit remote, search filters for match for {id=221 t=OPEN f=0x0 trk=0 r=[0@Point(0, 0)] c=[{m=TO_FRONT f=MOVE_TO_TOP leash=Surface(name=Task=82)/@0xf0e7d2e sb=Rect(0, 0 - 3840, 2160) eb=Rect(0, 0 - 3840, 2160) epz=Point(3840, 2160) d=0 taskParent=-1},{m=TO_BACK f=NONE leash=Surface(name=Task=1)/@0x2e380cf sb=Rect(0, 0 - 3840, 2160) eb=Rect(0, 0 - 3840, 2160) epz=Point(3840, 2160) d=0 taskParent=-1}]}
2026-02-14 16:51:57.147  1028-1074  WindowManagerShell      com.android.systemui                 V   Delegate animation for (#221) to null
2026-02-14 16:51:57.147  1028-1074  WindowManagerShell      com.android.systemui                 V  start default transition animation, info = {id=221 t=OPEN f=0x0 trk=0 r=[0@Point(0, 0)] c=[{m=TO_FRONT f=MOVE_TO_TOP leash=Surface(name=Task=82)/@0xf0e7d2e sb=Rect(0, 0 - 3840, 2160) eb=Rect(0, 0 - 3840, 2160) epz=Point(3840, 2160) d=0 taskParent=-1},{m=TO_BACK f=NONE leash=Surface(name=Task=1)/@0x2e380cf sb=Rect(0, 0 - 3840, 2160) eb=Rect(0, 0 - 3840, 2160) epz=Point(3840, 2160) d=0 taskParent=-1}]}
2026-02-14 16:51:57.148  1028-1074  WindowManagerShell      com.android.systemui                 V  loadAnimation: anim=android.view.animation.AlphaAnimation@fa67165 animAttr=0x9 type=OPEN isEntrance=false
2026-02-14 16:51:57.153  1028-1074  ndroid.systemui         com.android.systemui                 I  AssetManager2(0xb400007bb0130998) locale list changing from [] to [en-US]
2026-02-14 16:51:57.154  1028-1074  ndroid.systemui         com.android.systemui                 I  AssetManager2(0xb400007bb012be98) locale list changing from [] to [en-US]
2026-02-14 16:51:57.163  9256-9256  Capacitor/Console       com.torserve.pwa                     W  File: https://localhost/assets/index-CE_Y42og.js - Line 36 - Msg: Mixed Content: The page at 'https://localhost/' was loaded over HTTPS, but requested an insecure resource 'http://192.168.1.70:3000/api/status'. This content should also be served over HTTPS.
2026-02-14 16:51:57.164  1028-1074  WindowManagerShell      com.android.systemui                 V  loadAnimation: anim=android.view.animation.AlphaAnimation@d8a681d animAttr=0x8 type=OPEN isEntrance=true
2026-02-14 16:51:57.165  1028-1074  WindowManagerShell      com.android.systemui                 V   animated by com.android.wm.shell.transition.DefaultTransitionHandler@2338fc6
2026-02-14 16:51:57.166   639-660   WindowManager           system_server                        V  Sent Transition (#221) createdAt=02-14 16:51:56.919 via request=TransitionRequestInfo { type = OPEN, triggerTask = TaskInfo{userId=0 taskId=82 effectiveUid=10094 displayId=0 isRunning=true baseIntent=Intent { act=android.intent.action.MAIN cat=[android.intent.category.LEANBACK_LAUNCHER] flg=0x10000000 pkg=com.torserve.pwa cmp=com.torserve.pwa/.MainActivity } baseActivity=ComponentInfo{com.torserve.pwa/com.torserve.pwa.MainActivity} topActivity=ComponentInfo{com.torserve.pwa/com.torserve.pwa.MainActivity} origActivity=null realActivity=ComponentInfo{com.torserve.pwa/com.torserve.pwa.MainActivity} numActivities=1 lastActiveTime=67540970 supportsMultiWindow=false resizeMode=1 isResizeable=true minWidth=-1 minHeight=-1 defaultMinSize=220 token=WCT{RemoteToken{5fd4340 Task{d0287fa #82 type=standard A=10094:com.torserve.pwa}}} topActivityType=1 pictureInPictureParams=null shouldDockBigOverlays=true launchIntoPipHostTaskId=-1 lastParentTaskIdBeforePip=-1 displayCutoutSafeInsets=Rect(0, 0 - 0, 0) topActivityInfo=ActivityInfo{ad35279 com.torserve.pwa.MainActivity} launchCookies=[] positionInParent=Point(0, 0) parentTaskId=-1 isFocused=false isVisible=false isVisibleRequested=false isTopActivityNoDisplay=false isSleeping=false locusId=null displayAreaFeatureId=1 isTopActivityTransparent=false isActivityStackTransparent=false lastNonFullscreenBounds=Rect(1374, 108 - 2467, 2052) capturedLink=null capturedLinkTimestamp=0 requestedVisibleTypes=-9 topActivityRequestOpenInBrowserEducationTimestamp=0 appCompatTaskInfo=AppCompatTaskInfo { topActivityInSizeCompat=false eligibleForLetterboxEducation= false isLetterboxEducationEnabled= false isLetterboxDoubleTapEnabled= false eligibleForUserAspectRatioButton= false topActivityBoundsLetterboxed= false isFromLetterboxDoubleTap= false topActivityLetterboxVerticalPosition= -1 topActivityLetterboxHorizontalPosition= -1 topActivityLetterboxWidth=-1 topActivityLetterboxHeight=-1 topActivityAppBounds=Rect(0, 0 - 3840, 2160) isUserFullscreenOverrideEnabled=false isSystemFullscreenOverrideEnabled=false hasMinAspectRatioOverride=false topActivityLetterboxBounds=null cameraCompatTaskInfo=CameraCompatTaskInfo { freeformCameraCompatMode=inactive}} topActivityMainWindowFrame=null}, pipChange = null, remoteTransition = null, displayChange = null, flags = 0, debugId = 221 }
2026-02-14 16:51:57.166   639-660   WindowManager           system_server                        V      startWCT=WindowContainerTransaction { changes= {} hops= [] errorCallbackToken=null taskFragmentOrganizer=null }
2026-02-14 16:51:57.166   639-660   WindowManager           system_server                        V      info={id=221 t=OPEN f=0x0 trk=0 r=[0@Point(0, 0)] c=[
                                                                                                            {WCT{RemoteToken{5fd4340 Task{d0287fa #82 type=standard A=10094:com.torserve.pwa}}} m=TO_FRONT f=MOVE_TO_TOP leash=Surface(name=Task=82)/@0x2e57b7d sb=Rect(0, 0 - 3840, 2160) eb=Rect(0, 0 - 3840, 2160) epz=Point(3840, 2160) d=0 taskParent=-1},
                                                                                                            {WCT{RemoteToken{2fde3ec Task{d268991 #1 type=home}}} m=TO_BACK f=NONE leash=Surface(name=Task=1)/@0xb4bd0cc sb=Rect(0, 0 - 3840, 2160) eb=Rect(0, 0 - 3840, 2160) epz=Point(3840, 2160) d=0 taskParent=-1}
                                                                                                        ]}
2026-02-14 16:51:57.227   639-745   ImeTracker              system_server                        I  com.torserve.pwa:72911263: onRequestHide at ORIGIN_SERVER reason HIDE_UNSPECIFIED_WINDOW fromUser false
2026-02-14 16:51:57.231  9256-9256  InsetsController        com.torserve.pwa                     D  hide(ime(), fromIme=false)
2026-02-14 16:51:57.232  9256-9256  ImeTracker              com.torserve.pwa                     I  com.torserve.pwa:72911263: onCancelled at PHASE_CLIENT_ALREADY_HIDDEN
2026-02-14 16:51:57.237  9256-9256  Capacitor/Console       com.torserve.pwa                     I  File: https://localhost/assets/index-CE_Y42og.js - Line 9 - Msg: [SpatialNav] Active Zone: main -> main
2026-02-14 16:51:57.242  1333-1333  GoogleInpu...hodService com...gle.android.inputmethod.latin  I  GoogleInputMethodService.onFinishInput():2084 
2026-02-14 16:51:57.248   443-9661  android.ha...mpl.ranchu android.hardware.audio.service       W  pcmWrite:259 pcm_writei failed with 'cannot read/write stream data: I/O error' (-1)
2026-02-14 16:51:57.248   443-9661  android.ha...mpl.ranchu android.hardware.audio.service       E  pcmWrite:260 failure: -1
2026-02-14 16:51:57.253   639-5169  ImeTracker              system_server                        I  system_server:cb75162f: onRequestHide at ORIGIN_SERVER reason IME_REQUESTED_CHANGED_LISTENER fromUser false
2026-02-14 16:51:57.254  1333-1333  Module                  com...gle.android.inputmethod.latin  I  DeviceLockedStatusModuleProvider$Module.updateDeviceLockedStatus():101 repeatCheckTimes = 0, locked = false
2026-02-14 16:51:57.255   639-663   ImeTracker              system_server                        I  system_server:cb75162f: onCancelled at PHASE_SERVER_SHOULD_HIDE
2026-02-14 16:51:57.256  1333-1333  GoogleInpu...hodService com...gle.android.inputmethod.latin  I  GoogleInputMethodService.onStartInput():1345 onStartInput(EditorInfo{EditorInfo{packageName=com.torserve.pwa, inputType=0, inputTypeString=NULL, enableLearning=false, autoCorrection=false, autoComplete=false, imeOptions=12000000, privateImeOptions=null, actionName=UNSPECIFIED, actionLabel=null, initialSelStart=-1, initialSelEnd=-1, initialCapsMode=0, label=null, fieldId=0, fieldName=null, extras=null, hintText=null, hintLocales=[]}}, false)
2026-02-14 16:51:57.258  1333-1333  Module                  com...gle.android.inputmethod.latin  I  DeviceLockedStatusModuleProvider$Module.updateDeviceLockedStatus():101 repeatCheckTimes = 1, locked = false
2026-02-14 16:51:57.259   639-5169  PackageConfigPersister  system_server                        W  App-specific configuration not found for packageName: com.torserve.pwa and userId: 0
2026-02-14 16:51:57.261  9256-9256  Capacitor/Console       com.torserve.pwa                     I  File: https://localhost/assets/index-CE_Y42og.js - Line 9 - Msg: [TMDB] Trying Custom Worker...
2026-02-14 16:51:57.263  9256-9256  Capacitor/Console       com.torserve.pwa                     I  File: https://localhost/assets/index-CE_Y42og.js - Line 9 - Msg: [TMDB] Trying Lampa Proxy...
2026-02-14 16:51:57.267  9256-9256  Capacitor/Console       com.torserve.pwa                     I  File: https://localhost/assets/index-CE_Y42og.js - Line 9 - Msg: [TMDB] Trying Custom Worker...
2026-02-14 16:51:57.352   443-9661  android.ha...mpl.ranchu android.hardware.audio.service       W  pcmWrite:259 pcm_writei failed with 'cannot read/write stream data: I/O error' (-1)
2026-02-14 16:51:57.352   443-9661  android.ha...mpl.ranchu android.hardware.audio.service       E  pcmWrite:260 failure: -1
2026-02-14 16:51:57.374  9256-9256  Capacitor/Console       com.torserve.pwa                     I  File: https://localhost/assets/index-CE_Y42og.js - Line 9 - Msg: [TMDB] Trying Lampa Proxy...
2026-02-14 16:51:57.374  9256-9256  Capacitor/Console       com.torserve.pwa                     I  File: https://localhost/assets/index-CE_Y42og.js - Line 9 - Msg: [TMDB] Trying Custom Worker...
2026-02-14 16:51:57.374  9256-9256  Capacitor/Console       com.torserve.pwa                     I  File: https://localhost/assets/index-CE_Y42og.js - Line 9 - Msg: [TMDB] Trying Lampa Proxy...
2026-02-14 16:51:57.374  9256-9256  Capacitor/Console       com.torserve.pwa                     I  File: https://localhost/assets/index-CE_Y42og.js - Line 9 - Msg: [TMDB] Trying Custom Worker...
2026-02-14 16:51:57.374  9256-9256  Capacitor/Console       com.torserve.pwa                     I  File: https://localhost/assets/index-CE_Y42og.js - Line 9 - Msg: [TMDB] Trying Lampa Proxy...
2026-02-14 16:51:57.374  9256-9256  Capacitor/Console       com.torserve.pwa                     I  File: https://localhost/assets/index-CE_Y42og.js - Line 9 - Msg: [TMDB] Trying Custom Worker...
2026-02-14 16:51:57.374  9256-9256  Capacitor/Console       com.torserve.pwa                     I  File: https://localhost/assets/index-CE_Y42og.js - Line 9 - Msg: [TMDB] Trying Lampa Proxy...
2026-02-14 16:51:57.375  9256-9256  Capacitor/Console       com.torserve.pwa                     I  File: https://localhost/assets/index-CE_Y42og.js - Line 9 - Msg: [TMDB] Trying Custom Worker...
2026-02-14 16:51:57.375  9256-9256  Capacitor/Console       com.torserve.pwa                     I  File: https://localhost/assets/index-CE_Y42og.js - Line 9 - Msg: [TMDB] Trying Lampa Proxy...
2026-02-14 16:51:57.375  9256-9256  Capacitor/Console       com.torserve.pwa                     I  File: https://localhost/assets/index-CE_Y42og.js - Line 9 - Msg: [TMDB] Trying Custom Worker...
2026-02-14 16:51:57.375  9256-9256  Capacitor/Console       com.torserve.pwa                     I  File: https://localhost/assets/index-CE_Y42og.js - Line 9 - Msg: [TMDB] Trying Lampa Proxy...
2026-02-14 16:51:57.375  9256-9256  Capacitor/Console       com.torserve.pwa                     I  File: https://localhost/assets/index-CE_Y42og.js - Line 9 - Msg: [TMDB] Trying Custom Worker...
2026-02-14 16:51:57.375  9256-9256  Capacitor/Console       com.torserve.pwa                     I  File: https://localhost/assets/index-CE_Y42og.js - Line 9 - Msg: [TMDB] Trying Lampa Proxy...
2026-02-14 16:51:57.375  9256-9256  Capacitor/Console       com.torserve.pwa                     I  File: https://localhost/assets/index-CE_Y42og.js - Line 9 - Msg: [TMDB] Trying Custom Worker...
2026-02-14 16:51:57.375  9256-9256  Capacitor/Console       com.torserve.pwa                     I  File: https://localhost/assets/index-CE_Y42og.js - Line 9 - Msg: [TMDB] Trying Lampa Proxy...
2026-02-14 16:51:57.375  9256-9256  Capacitor/Console       com.torserve.pwa                     I  File: https://localhost/assets/index-CE_Y42og.js - Line 9 - Msg: [TMDB] Trying Custom Worker...
2026-02-14 16:51:57.375  9256-9256  Capacitor/Console       com.torserve.pwa                     I  File: https://localhost/assets/index-CE_Y42og.js - Line 9 - Msg: [TMDB] Trying Lampa Proxy...
2026-02-14 16:51:57.375  9256-9256  Capacitor/Console       com.torserve.pwa                     I  File: https://localhost/assets/index-CE_Y42og.js - Line 9 - Msg: [TMDB] Trying Custom Worker...
2026-02-14 16:51:57.375  9256-9256  Capacitor/Console       com.torserve.pwa                     I  File: https://localhost/assets/index-CE_Y42og.js - Line 9 - Msg: [TMDB] Trying Lampa Proxy...
2026-02-14 16:51:57.375  9256-9256  Capacitor/Console       com.torserve.pwa                     I  File: https://localhost/assets/index-CE_Y42og.js - Line 9 - Msg: [TMDB] Trying Custom Worker...
2026-02-14 16:51:57.375  9256-9256  Capacitor/Console       com.torserve.pwa                     I  File: https://localhost/assets/index-CE_Y42og.js - Line 9 - Msg: [TMDB] Trying Lampa Proxy...
2026-02-14 16:51:57.375  9256-9256  Capacitor/Console       com.torserve.pwa                     I  File: https://localhost/assets/index-CE_Y42og.js - Line 9 - Msg: [SpatialNav] Active Zone: main -> main
2026-02-14 16:51:57.376  9256-9256  Capacitor/Console       com.torserve.pwa                     I  File: https://localhost/assets/index-CE_Y42og.js - Line 9 - Msg: [SpatialNav] Active Zone: main -> main
2026-02-14 16:51:57.461   443-9661  android.ha...mpl.ranchu android.hardware.audio.service       W  pcmWrite:259 pcm_writei failed with 'cannot read/write stream data: I/O error' (-1)
2026-02-14 16:51:57.461   443-9661  android.ha...mpl.ranchu android.hardware.audio.service       E  pcmWrite:260 failure: -1
2026-02-14 16:51:57.566   443-9661  android.ha...mpl.ranchu android.hardware.audio.service       W  pcmWrite:259 pcm_writei failed with 'cannot read/write stream data: I/O error' (-1)
2026-02-14 16:51:57.566   443-9661  android.ha...mpl.ranchu android.hardware.audio.service       E  pcmWrite:260 failure: -1
2026-02-14 16:51:57.585  1028-1074  WindowManagerShell      com.android.systemui                 V  Transition animation finished (aborted=false), notifying core (#221) android.os.BinderProxy@5fe5073@0
2026-02-14 16:51:57.586   639-660   WindowManager           system_server                        V  Finish Transition (#221): created at 02-14 16:51:56.919 collect-started=0.179ms request-sent=11.926ms started=15.454ms ready=39.972ms sent=223.285ms commit=23.979ms finished=666.233ms
2026-02-14 16:51:57.587  1538-1538  VRI[MainActivity]       com.google.android.tvlauncher        D  visibilityChanged oldVisibility=true newVisibility=false
2026-02-14 16:51:57.589  1028-1074  WindowManagerShell      com.android.systemui                 V  Track 0 became idle
2026-02-14 16:51:57.589  1028-1074  WindowManagerShell      com.android.systemui                 V  All active transition animations finished
2026-02-14 16:51:57.619   639-987   Background...rolService system_server                        D  Package event received: 0
2026-02-14 16:51:57.672   443-9661  android.ha...mpl.ranchu android.hardware.audio.service       W  pcmWrite:259 pcm_writei failed with 'cannot read/write stream data: I/O error' (-1)
2026-02-14 16:51:57.672   443-9661  android.ha...mpl.ranchu android.hardware.audio.service       E  pcmWrite:260 failure: -1
2026-02-14 16:51:57.776   443-9661  android.ha...mpl.ranchu android.hardware.audio.service       W  pcmWrite:259 pcm_writei failed with 'cannot read/write stream data: I/O error' (-1)
2026-02-14 16:51:57.776   443-9661  android.ha...mpl.ranchu android.hardware.audio.service       E  pcmWrite:260 failure: -1
2026-02-14 16:51:57.881   443-9661  android.ha...mpl.ranchu android.hardware.audio.service       W  pcmWrite:259 pcm_writei failed with 'cannot read/write stream data: I/O error' (-1)
2026-02-14 16:51:57.881   443-9661  android.ha...mpl.ranchu android.hardware.audio.service       E  pcmWrite:260 failure: -1
2026-02-14 16:51:57.984   443-9661  android.ha...mpl.ranchu android.hardware.audio.service       W  pcmWrite:259 pcm_writei failed with 'cannot read/write stream data: I/O error' (-1)
2026-02-14 16:51:57.985   443-9661  android.ha...mpl.ranchu android.hardware.audio.service       E  pcmWrite:260 failure: -1
2026-02-14 16:51:58.088   443-9661  android.ha...mpl.ranchu android.hardware.audio.service       W  pcmWrite:259 pcm_writei failed with 'cannot read/write stream data: I/O error' (-1)
2026-02-14 16:51:58.088   443-9661  android.ha...mpl.ranchu android.hardware.audio.service       E  pcmWrite:260 failure: -1
2026-02-14 16:51:58.107  9256-9256  Capacitor/Console       com.torserve.pwa                     I  File: https://localhost/assets/index-CE_Y42og.js - Line 9 - Msg: [TMDB] ✅ Custom Worker success
2026-02-14 16:51:58.107  9256-9256  Capacitor/Console       com.torserve.pwa                     I  File: https://localhost/assets/index-CE_Y42og.js - Line 9 - Msg: [Cascade] ⏱️ worker: 820ms
2026-02-14 16:51:58.107  9256-9256  Capacitor/Console       com.torserve.pwa                     I  File: https://localhost/assets/index-CE_Y42og.js - Line 9 - Msg: [Cascade] 🏆 Race winner: worker
2026-02-14 16:51:58.130  9256-9256  Capacitor/Console       com.torserve.pwa                     I  File: https://localhost/assets/index-CE_Y42og.js - Line 9 - Msg: [TMDB] ✅ Custom Worker success
2026-02-14 16:51:58.130  9256-9256  Capacitor/Console       com.torserve.pwa                     I  File: https://localhost/assets/index-CE_Y42og.js - Line 9 - Msg: [Cascade] ⏱️ worker: 853ms
2026-02-14 16:51:58.130  9256-9256  Capacitor/Console       com.torserve.pwa                     I  File: https://localhost/assets/index-CE_Y42og.js - Line 9 - Msg: [Cascade] 🏆 Race winner: worker
2026-02-14 16:51:58.132  9256-9256  Capacitor/Console       com.torserve.pwa                     I  File: https://localhost/assets/index-CE_Y42og.js - Line 9 - Msg: [TMDB] ✅ Custom Worker success
2026-02-14 16:51:58.132  9256-9256  Capacitor/Console       com.torserve.pwa                     I  File: https://localhost/assets/index-CE_Y42og.js - Line 9 - Msg: [Cascade] ⏱️ worker: 841ms
2026-02-14 16:51:58.132  9256-9256  Capacitor/Console       com.torserve.pwa                     I  File: https://localhost/assets/index-CE_Y42og.js - Line 9 - Msg: [Cascade] 🏆 Race winner: worker
2026-02-14 16:51:58.154  9256-9256  Capacitor/Console       com.torserve.pwa                     I  File: https://localhost/assets/index-CE_Y42og.js - Line 9 - Msg: [TMDB] ✅ Custom Worker success
2026-02-14 16:51:58.155  9256-9256  Capacitor/Console       com.torserve.pwa                     I  File: https://localhost/assets/index-CE_Y42og.js - Line 9 - Msg: [Cascade] ⏱️ worker: 881ms
2026-02-14 16:51:58.155  9256-9256  Capacitor/Console       com.torserve.pwa                     I  File: https://localhost/assets/index-CE_Y42og.js - Line 9 - Msg: [Cascade] 🏆 Race winner: worker
2026-02-14 16:51:58.181  9256-9256  Capacitor/Console       com.torserve.pwa                     I  File: https://localhost/assets/index-CE_Y42og.js - Line 9 - Msg: [TMDB] ✅ Custom Worker success
2026-02-14 16:51:58.181  9256-9256  Capacitor/Console       com.torserve.pwa                     I  File: https://localhost/assets/index-CE_Y42og.js - Line 9 - Msg: [Cascade] ⏱️ worker: 907ms
2026-02-14 16:51:58.181  9256-9256  Capacitor/Console       com.torserve.pwa                     I  File: https://localhost/assets/index-CE_Y42og.js - Line 9 - Msg: [Cascade] 🏆 Race winner: worker
2026-02-14 16:51:58.182  9256-9256  Capacitor/Console       com.torserve.pwa                     I  File: https://localhost/assets/index-CE_Y42og.js - Line 9 - Msg: [TMDB] ✅ Custom Worker success
2026-02-14 16:51:58.182  9256-9256  Capacitor/Console       com.torserve.pwa                     I  File: https://localhost/assets/index-CE_Y42og.js - Line 9 - Msg: [Cascade] ⏱️ worker: 910ms
2026-02-14 16:51:58.182  9256-9256  Capacitor/Console       com.torserve.pwa                     I  File: https://localhost/assets/index-CE_Y42og.js - Line 9 - Msg: [Cascade] 🏆 Race winner: worker
2026-02-14 16:51:58.193   443-9661  android.ha...mpl.ranchu android.hardware.audio.service       W  pcmWrite:259 pcm_writei failed with 'cannot read/write stream data: I/O error' (-1)
2026-02-14 16:51:58.193   443-9661  android.ha...mpl.ranchu android.hardware.audio.service       E  pcmWrite:260 failure: -1
2026-02-14 16:51:58.206  9256-9256  Capacitor/Console       com.torserve.pwa                     I  File: https://localhost/assets/index-CE_Y42og.js - Line 9 - Msg: [TMDB] ✅ Custom Worker success
2026-02-14 16:51:58.206  9256-9256  Capacitor/Console       com.torserve.pwa                     I  File: https://localhost/assets/index-CE_Y42og.js - Line 9 - Msg: [Cascade] ⏱️ worker: 918ms
2026-02-14 16:51:58.206  9256-9256  Capacitor/Console       com.torserve.pwa                     I  File: https://localhost/assets/index-CE_Y42og.js - Line 9 - Msg: [Cascade] 🏆 Race winner: worker
2026-02-14 16:51:58.230  9256-9256  Capacitor/Console       com.torserve.pwa                     I  File: https://localhost/assets/index-CE_Y42og.js - Line 9 - Msg: [TMDB] ✅ Custom Worker success
2026-02-14 16:51:58.230  9256-9256  Capacitor/Console       com.torserve.pwa                     I  File: https://localhost/assets/index-CE_Y42og.js - Line 9 - Msg: [Cascade] ⏱️ worker: 963ms
2026-02-14 16:51:58.230  9256-9256  Capacitor/Console       com.torserve.pwa                     I  File: https://localhost/assets/index-CE_Y42og.js - Line 9 - Msg: [Cascade] 🏆 Race winner: worker
2026-02-14 16:51:58.230  9256-9256  Capacitor/Console       com.torserve.pwa                     I  File: https://localhost/assets/index-CE_Y42og.js - Line 9 - Msg: [TMDB] ✅ Custom Worker success
2026-02-14 16:51:58.230  9256-9256  Capacitor/Console       com.torserve.pwa                     I  File: https://localhost/assets/index-CE_Y42og.js - Line 9 - Msg: [Cascade] ⏱️ worker: 963ms
2026-02-14 16:51:58.231  9256-9256  Capacitor/Console       com.torserve.pwa                     I  File: https://localhost/assets/index-CE_Y42og.js - Line 9 - Msg: [Cascade] 🏆 Race winner: worker
2026-02-14 16:51:58.255  9256-9256  Capacitor/Console       com.torserve.pwa                     I  File: https://localhost/assets/index-CE_Y42og.js - Line 9 - Msg: [TMDB] ✅ Custom Worker success
2026-02-14 16:51:58.255  9256-9256  Capacitor/Console       com.torserve.pwa                     I  File: https://localhost/assets/index-CE_Y42og.js - Line 9 - Msg: [Cascade] ⏱️ worker: 994ms
2026-02-14 16:51:58.255  9256-9256  Capacitor/Console       com.torserve.pwa                     I  File: https://localhost/assets/index-CE_Y42og.js - Line 9 - Msg: [Cascade] 🏆 Race winner: worker
2026-02-14 16:51:58.281  9256-9256  Capacitor/Console       com.torserve.pwa                     I  File: https://localhost/assets/index-CE_Y42og.js - Line 9 - Msg: [TMDB] ✅ Custom Worker success
2026-02-14 16:51:58.281  9256-9256  Capacitor/Console       com.torserve.pwa                     I  File: https://localhost/assets/index-CE_Y42og.js - Line 9 - Msg: [Cascade] ⏱️ worker: 1014ms
2026-02-14 16:51:58.281  9256-9256  Capacitor/Console       com.torserve.pwa                     I  File: https://localhost/assets/index-CE_Y42og.js - Line 9 - Msg: [Cascade] 🏆 Race winner: worker
2026-02-14 16:51:58.281  9256-9256  Capacitor/Console       com.torserve.pwa                     I  File: https://localhost/assets/index-CE_Y42og.js - Line 9 - Msg: [TMDB] ✅ Custom Worker success
2026-02-14 16:51:58.281  9256-9256  Capacitor/Console       com.torserve.pwa                     I  File: https://localhost/assets/index-CE_Y42og.js - Line 9 - Msg: [Cascade] ⏱️ worker: 1016ms
2026-02-14 16:51:58.281  9256-9256  Capacitor/Console       com.torserve.pwa                     I  File: https://localhost/assets/index-CE_Y42og.js - Line 9 - Msg: [Cascade] 🏆 Race winner: worker
2026-02-14 16:51:58.296   443-9661  android.ha...mpl.ranchu android.hardware.audio.service       W  pcmWrite:259 pcm_writei failed with 'cannot read/write stream data: I/O error' (-1)
2026-02-14 16:51:58.296   443-9661  android.ha...mpl.ranchu android.hardware.audio.service       E  pcmWrite:260 failure: -1
2026-02-14 16:51:58.400   443-9661  android.ha...mpl.ranchu android.hardware.audio.service       W  pcmWrite:259 pcm_writei failed with 'cannot read/write stream data: I/O error' (-1)
2026-02-14 16:51:58.400   443-9661  android.ha...mpl.ranchu android.hardware.audio.service       E  pcmWrite:260 failure: -1
2026-02-14 16:51:58.504   443-9661  android.ha...mpl.ranchu android.hardware.audio.service       W  pcmWrite:259 pcm_writei failed with 'cannot read/write stream data: I/O error' (-1)
2026-02-14 16:51:58.504   443-9661  android.ha...mpl.ranchu android.hardware.audio.service       E  pcmWrite:260 failure: -1
2026-02-14 16:51:58.608   443-9661  android.ha...mpl.ranchu android.hardware.audio.service       W  pcmWrite:259 pcm_writei failed with 'cannot read/write stream data: I/O error' (-1)
2026-02-14 16:51:58.608   443-9661  android.ha...mpl.ranchu android.hardware.audio.service       E  pcmWrite:260 failure: -1
2026-02-14 16:51:58.713   443-9661  android.ha...mpl.ranchu android.hardware.audio.service       W  pcmWrite:259 pcm_writei failed with 'cannot read/write stream data: I/O error' (-1)
2026-02-14 16:51:58.713   443-9661  android.ha...mpl.ranchu android.hardware.audio.service       E  pcmWrite:260 failure: -1
2026-02-14 16:51:58.794  9256-9315  Capacitor/Plugin        com.torserve.pwa                     V  To native (Capacitor plugin): callbackId: 31504081, pluginId: CapacitorHttp, methodName: request
2026-02-14 16:51:58.794  9256-9315  Capacitor               com.torserve.pwa                     V  callback: 31504081, pluginId: CapacitorHttp, methodName: request, methodData: {"method":"POST","url":"http:\/\/192.168.1.70:3000\/api\/quality-badges","headers":{"Content-Type":"application\/json"},"data":{"titles":["Гренландия 2: Миграция","Greenland 2: Migration","Горничная"]}}
2026-02-14 16:51:58.796  9256-9675  CapacitorCookies        com.torserve.pwa                     I  Getting cookies at: 'http://192.168.1.70:3000/api/quality-badges'
2026-02-14 16:51:58.820   443-9661  android.ha...mpl.ranchu android.hardware.audio.service       W  pcmWrite:259 pcm_writei failed with 'cannot read/write stream data: I/O error' (-1)
2026-02-14 16:51:58.820   443-9661  android.ha...mpl.ranchu android.hardware.audio.service       E  pcmWrite:260 failure: -1
2026-02-14 16:51:58.924   443-9661  android.ha...mpl.ranchu android.hardware.audio.service       W  pcmWrite:259 pcm_writei failed with 'cannot read/write stream data: I/O error' (-1)
2026-02-14 16:51:58.924   443-9661  android.ha...mpl.ranchu android.hardware.audio.service       E  pcmWrite:260 failure: -1
2026-02-14 16:51:59.028   443-9661  android.ha...mpl.ranchu android.hardware.audio.service       W  pcmWrite:259 pcm_writei failed with 'cannot read/write stream data: I/O error' (-1)
2026-02-14 16:51:59.028   443-9661  android.ha...mpl.ranchu android.hardware.audio.service       E  pcmWrite:260 failure: -1
2026-02-14 16:51:59.134   443-9661  android.ha...mpl.ranchu android.hardware.audio.service       W  pcmWrite:259 pcm_writei failed with 'cannot read/write stream data: I/O error' (-1)
2026-02-14 16:51:59.134   443-9661  android.ha...mpl.ranchu android.hardware.audio.service       E  pcmWrite:260 failure: -1
2026-02-14 16:51:59.204  9256-9256  Capacitor/Console       com.torserve.pwa                     I  File: https://localhost/assets/index-CE_Y42og.js - Line 9 - Msg: [TMDB] ✅ Lampa Proxy success
2026-02-14 16:51:59.204  9256-9256  Capacitor/Console       com.torserve.pwa                     I  File: https://localhost/assets/index-CE_Y42og.js - Line 9 - Msg: [Cascade] ⏱️ lampa: 1928ms
2026-02-14 16:51:59.228  9256-9256  Capacitor/Console       com.torserve.pwa                     I  File: https://localhost/assets/index-CE_Y42og.js - Line 9 - Msg: [TMDB] ✅ Lampa Proxy success
2026-02-14 16:51:59.229  9256-9256  Capacitor/Console       com.torserve.pwa                     I  File: https://localhost/assets/index-CE_Y42og.js - Line 9 - Msg: [Cascade] ⏱️ lampa: 1962ms
2026-02-14 16:51:59.230  9256-9256  Capacitor/Console       com.torserve.pwa                     I  File: https://localhost/assets/index-CE_Y42og.js - Line 9 - Msg: [TMDB] ✅ Lampa Proxy success
2026-02-14 16:51:59.230  9256-9256  Capacitor/Console       com.torserve.pwa                     I  File: https://localhost/assets/index-CE_Y42og.js - Line 9 - Msg: [Cascade] ⏱️ lampa: 1956ms
2026-02-14 16:51:59.230  9256-9256  Capacitor/Console       com.torserve.pwa                     I  File: https://localhost/assets/index-CE_Y42og.js - Line 9 - Msg: [TMDB] ✅ Lampa Proxy success
2026-02-14 16:51:59.230  9256-9256  Capacitor/Console       com.torserve.pwa                     I  File: https://localhost/assets/index-CE_Y42og.js - Line 9 - Msg: [Cascade] ⏱️ lampa: 1946ms
2026-02-14 16:51:59.230  9256-9256  Capacitor/Console       com.torserve.pwa                     I  File: https://localhost/assets/index-CE_Y42og.js - Line 9 - Msg: [TMDB] ✅ Lampa Proxy success
2026-02-14 16:51:59.230  9256-9256  Capacitor/Console       com.torserve.pwa                     I  File: https://localhost/assets/index-CE_Y42og.js - Line 9 - Msg: [Cascade] ⏱️ lampa: 1939ms
2026-02-14 16:51:59.237   443-9661  android.ha...mpl.ranchu android.hardware.audio.service       W  pcmWrite:259 pcm_writei failed with 'cannot read/write stream data: I/O error' (-1)
2026-02-14 16:51:59.237   443-9661  android.ha...mpl.ranchu android.hardware.audio.service       E  pcmWrite:260 failure: -1
2026-02-14 16:51:59.253  9256-9256  Capacitor/Console       com.torserve.pwa                     I  File: https://localhost/assets/index-CE_Y42og.js - Line 9 - Msg: [TMDB] ✅ Lampa Proxy success
2026-02-14 16:51:59.253  9256-9256  Capacitor/Console       com.torserve.pwa                     I  File: https://localhost/assets/index-CE_Y42og.js - Line 9 - Msg: [Cascade] ⏱️ lampa: 1991ms
2026-02-14 16:51:59.278  9256-9256  Capacitor/Console       com.torserve.pwa                     I  File: https://localhost/assets/index-CE_Y42og.js - Line 9 - Msg: [TMDB] ✅ Lampa Proxy success
2026-02-14 16:51:59.278  9256-9256  Capacitor/Console       com.torserve.pwa                     I  File: https://localhost/assets/index-CE_Y42og.js - Line 9 - Msg: [Cascade] ⏱️ lampa: 2004ms
2026-02-14 16:51:59.279  9256-9256  Capacitor/Console       com.torserve.pwa                     I  File: https://localhost/assets/index-CE_Y42og.js - Line 9 - Msg: [TMDB] ✅ Lampa Proxy success
2026-02-14 16:51:59.279  9256-9256  Capacitor/Console       com.torserve.pwa                     I  File: https://localhost/assets/index-CE_Y42og.js - Line 9 - Msg: [Cascade] ⏱️ lampa: 1992ms
2026-02-14 16:51:59.302  9256-9256  Capacitor/Console       com.torserve.pwa                     I  File: https://localhost/assets/index-CE_Y42og.js - Line 9 - Msg: [TMDB] ✅ Lampa Proxy success
2026-02-14 16:51:59.302  9256-9256  Capacitor/Console       com.torserve.pwa                     I  File: https://localhost/assets/index-CE_Y42og.js - Line 9 - Msg: [Cascade] ⏱️ lampa: 2034ms
2026-02-14 16:51:59.341   443-9661  android.ha...mpl.ranchu android.hardware.audio.service       W  pcmWrite:259 pcm_writei failed with 'cannot read/write stream data: I/O error' (-1)
2026-02-14 16:51:59.341   443-9661  android.ha...mpl.ranchu android.hardware.audio.service       E  pcmWrite:260 failure: -1
2026-02-14 16:51:59.433  9256-9256  Capacitor/Console       com.torserve.pwa                     I  File: https://localhost/assets/index-CE_Y42og.js - Line 9 - Msg: [TMDB] ✅ Lampa Proxy success
2026-02-14 16:51:59.433  9256-9256  Capacitor/Console       com.torserve.pwa                     I  File: https://localhost/assets/index-CE_Y42og.js - Line 9 - Msg: [Cascade] ⏱️ lampa: 2143ms
2026-02-14 16:51:59.445   443-9661  android.ha...mpl.ranchu android.hardware.audio.service       W  pcmWrite:259 pcm_writei failed with 'cannot read/write stream data: I/O error' (-1)
2026-02-14 16:51:59.445   443-9661  android.ha...mpl.ranchu android.hardware.audio.service       E  pcmWrite:260 failure: -1
2026-02-14 16:51:59.456  9256-9256  Capacitor/Console       com.torserve.pwa                     I  File: https://localhost/assets/index-CE_Y42og.js - Line 9 - Msg: [TMDB] ✅ Lampa Proxy success
2026-02-14 16:51:59.456  9256-9256  Capacitor/Console       com.torserve.pwa                     I  File: https://localhost/assets/index-CE_Y42og.js - Line 9 - Msg: [Cascade] ⏱️ lampa: 2188ms
2026-02-14 16:51:59.479  9256-9256  Capacitor/Console       com.torserve.pwa                     I  File: https://localhost/assets/index-CE_Y42og.js - Line 9 - Msg: [TMDB] ✅ Lampa Proxy success
2026-02-14 16:51:59.479  9256-9256  Capacitor/Console       com.torserve.pwa                     I  File: https://localhost/assets/index-CE_Y42og.js - Line 9 - Msg: [Cascade] ⏱️ lampa: 2214ms
