2026-02-14 16:51:59.549   443-9661  android.ha...mpl.ranchu android.hardware.audio.service       W  pcmWrite:259 pcm_writei failed with 'cannot read/write stream data: I/O error' (-1)
2026-02-14 16:51:59.549   443-9661  android.ha...mpl.ranchu android.hardware.audio.service       E  pcmWrite:260 failure: -1
2026-02-14 16:51:59.652   443-9661  android.ha...mpl.ranchu android.hardware.audio.service       W  pcmWrite:259 pcm_writei failed with 'cannot read/write stream data: I/O error' (-1)
2026-02-14 16:51:59.653   443-9661  android.ha...mpl.ranchu android.hardware.audio.service       E  pcmWrite:260 failure: -1
2026-02-14 16:51:59.757   443-9661  android.ha...mpl.ranchu android.hardware.audio.service       W  pcmWrite:259 pcm_writei failed with 'cannot read/write stream data: I/O error' (-1)
2026-02-14 16:51:59.757   443-9661  android.ha...mpl.ranchu android.hardware.audio.service       E  pcmWrite:260 failure: -1
2026-02-14 16:51:59.860   443-9661  android.ha...mpl.ranchu android.hardware.audio.service       W  pcmWrite:259 pcm_writei failed with 'cannot read/write stream data: I/O error' (-1)
2026-02-14 16:51:59.860   443-9661  android.ha...mpl.ranchu android.hardware.audio.service       E  pcmWrite:260 failure: -1
2026-02-14 16:51:59.937   639-1977  TaskPersister           system_server                        E  File error accessing recents directory (directory doesn't exist?).
2026-02-14 16:51:59.965   443-9661  android.ha...mpl.ranchu android.hardware.audio.service       W  pcmWrite:259 pcm_writei failed with 'cannot read/write stream data: I/O error' (-1)
2026-02-14 16:51:59.965   443-9661  android.ha...mpl.ranchu android.hardware.audio.service       E  pcmWrite:260 failure: -1
2026-02-14 16:51:59.967   443-3721  android.ha...mpl.ranchu android.hardware.audio.service       D  threadLoop: entering standby, frames: 20243328
2026-02-14 16:51:59.967   443-3721  android.ha...mpl.ranchu android.hardware.audio.service       D  ~TinyalsaSink: joining consumeThread
2026-02-14 16:52:00.068   443-9661  android.ha...mpl.ranchu android.hardware.audio.service       W  pcmWrite:259 pcm_writei failed with 'cannot read/write stream data: I/O error' (-1)
2026-02-14 16:52:00.068   443-9661  android.ha...mpl.ranchu android.hardware.audio.service       E  pcmWrite:260 failure: -1
2026-02-14 16:52:00.068   443-9661  android.ha...mpl.ranchu android.hardware.audio.service       D  consumeThread: exiting
2026-02-14 16:52:00.069   443-3721  android.ha...mpl.ranchu android.hardware.audio.service       D  ~TinyalsaSink: stopping PCM stream
2026-02-14 16:52:00.209  9256-9256  Capacitor/Console       com.torserve.pwa                     W  File: https://localhost/assets/index-CE_Y42og.js - Line 36 - Msg: Mixed Content: The page at 'https://localhost/' was loaded over HTTPS, but requested an insecure resource 'http://192.168.1.70:3000/api/status'. This content should also be served over HTTPS.
2026-02-14 16:52:00.222  9256-9256  Capacitor/Console       com.torserve.pwa                     I  File: https://localhost/assets/index-CE_Y42og.js - Line 9 - Msg: [SpatialNav] Active Zone: main -> main
2026-02-14 16:52:02.354  9256-9315  Capacitor/Plugin        com.torserve.pwa                     V  To native (Capacitor plugin): callbackId: 31504082, pluginId: SpeechRecognition, methodName: available
2026-02-14 16:52:02.354  9256-9315  Capacitor               com.torserve.pwa                     V  callback: 31504082, pluginId: SpeechRecognition, methodName: available, methodData: {}
2026-02-14 16:52:02.355  9256-9312  Capacitor/...ecognition com.torserve.pwa                     I  Called for available(): true
2026-02-14 16:52:02.357  9256-9315  Capacitor/Plugin        com.torserve.pwa                     V  To native (Capacitor plugin): callbackId: 31504083, pluginId: SpeechRecognition, methodName: requestPermissions
2026-02-14 16:52:02.357  9256-9315  Capacitor               com.torserve.pwa                     V  callback: 31504083, pluginId: SpeechRecognition, methodName: requestPermissions, methodData: {}
2026-02-14 16:52:02.359  9256-9315  Capacitor/Plugin        com.torserve.pwa                     V  To native (Capacitor plugin): callbackId: 31504084, pluginId: SpeechRecognition, methodName: start
2026-02-14 16:52:02.359  9256-9315  Capacitor               com.torserve.pwa                     V  callback: 31504084, pluginId: SpeechRecognition, methodName: start, methodData: {"language":"ru-RU","maxResults":1,"prompt":"Что хотите посмотреть?","partialResults":false,"popup":true}
2026-02-14 16:52:02.359  9256-9312  Capacitor/...ecognition com.torserve.pwa                     I  Beginning to listen for audible speech
2026-02-14 16:52:02.361   639-5169  CellBroadcastUtils      system_server                        E  getDefaultCellBroadcastReceiverPackageName: no package found
2026-02-14 16:52:02.361   639-5169  OptProp                 system_server                        W  Cannot read opt property android.window.PROPERTY_COMPAT_ALLOW_MIN_ASPECT_RATIO_OVERRIDE
2026-02-14 16:52:02.361  9256-9256  Capacitor/Console       com.torserve.pwa                     I  File: https://localhost/assets/index-CE_Y42og.js - Line 9 - Msg: [SpatialNav] Active Zone: main -> main
2026-02-14 16:52:02.362   639-5169  OptProp                 system_server                        W  Cannot read opt property android.window.PROPERTY_COMPAT_ALLOW_ORIENTATION_OVERRIDE
2026-02-14 16:52:02.366   639-5169  ActivityTaskManager     system_server                        I  START u0 {act=android.speech.action.RECOGNIZE_SPEECH xflg=0x4 cmp=android/com.android.internal.app.ResolverActivity (has extras)} with LAUNCH_MULTIPLE from uid 10094 (rr=15976997) (BAL_ALLOW_VISIBLE_WINDOW) result code=0
2026-02-14 16:52:02.366  1028-1074  WindowManagerShell      com.android.systemui                 V  Transition requested (#222): android.os.BinderProxy@e2a8dde TransitionRequestInfo { type = OPEN, triggerTask = TaskInfo{userId=0 taskId=82 effectiveUid=10094 displayId=0 isRunning=true baseIntent=Intent { act=android.intent.action.MAIN cat=[android.intent.category.LEANBACK_LAUNCHER] flg=0x10000000 pkg=com.torserve.pwa cmp=com.torserve.pwa/.MainActivity } baseActivity=ComponentInfo{com.torserve.pwa/com.torserve.pwa.MainActivity} topActivity=ComponentInfo{android/com.android.internal.app.ResolverActivity} origActivity=null realActivity=ComponentInfo{com.torserve.pwa/com.torserve.pwa.MainActivity} numActivities=2 lastActiveTime=68282012 supportsMultiWindow=false resizeMode=1 isResizeable=true minWidth=-1 minHeight=-1 defaultMinSize=220 token=WCT{android.window.IWindowContainerToken$Stub$Proxy@70c3bbf} topActivityType=1 pictureInPictureParams=null shouldDockBigOverlays=true launchIntoPipHostTaskId=-1 lastParentTaskIdBeforePip=-1 displayCutoutSafeInsets=Rect(0, 0 - 0, 0) topActivityInfo=ActivityInfo{f23d28c com.android.internal.app.ResolverActivity} launchCookies=[] positionInParent=Point(0, 0) parentTaskId=-1 isFocused=true isVisible=true isVisibleRequested=true isTopActivityNoDisplay=false isSleeping=false locusId=null displayAreaFeatureId=1 isTopActivityTransparent=true isActivityStackTransparent=false lastNonFullscreenBounds=Rect(1374, 108 - 2467, 2052) capturedLink=null capturedLinkTimestamp=0 requestedVisibleTypes=-9 topActivityRequestOpenInBrowserEducationTimestamp=0 appCompatTaskInfo=AppCompatTaskInfo { topActivityInSizeCompat=false eligibleForLetterboxEducation= false isLetterboxEducationEnabled= false isLetterboxDoubleTapEnabled= false eligibleForUserAspectRatioButton= false topActivityBoundsLetterboxed= false isFromLetterboxDoubleTap= false topActivityLetterboxVerticalPosition= -1 topActivityLetterboxHorizontalPosition= -1 topActivityLetterboxWidth=-1 topActivityLetterboxHeight=-1 topActivityAppBounds=Rect(0, 0 - 3840, 2160) isUserFullscreenOverrideEnabled=false isSystemFullscreenOverrideEnabled=false hasMinAspectRatioOverride=false topActivityLetterboxBounds=null cameraCompatTaskInfo=CameraCompatTaskInfo { freeformCameraCompatMode=inactive}} topActivityMainWindowFrame=null}, pipChange = null, remoteTransition = null, displayChange = null, flags = 0, debugId = 222 }
2026-02-14 16:52:02.369  9256-9256  Capacitor/AppPlugin     com.torserve.pwa                     V  Notifying listeners for event pause
2026-02-14 16:52:02.369  9256-9256  Capacitor/AppPlugin     com.torserve.pwa                     D  No listeners found for event pause
2026-02-14 16:52:02.369   639-1113  ActivityManager         system_server                        W  Unbind failed: could not find connection for android.os.BinderProxy@2e69500
2026-02-14 16:52:02.369  9256-9256  Capacitor               com.torserve.pwa                     D  App paused
2026-02-14 16:52:02.373   639-2808  IPCThreadState          system_server                        W  Sending oneway calls to frozen process.
2026-02-14 16:52:02.373   639-987   Background...rolService system_server                        D  Package event received: 0
2026-02-14 16:52:02.374   639-2808  ActivityManager         system_server                        D  quick sync unfreeze 8184 for 1
2026-02-14 16:52:02.375   639-2808  OptProp                 system_server                        W  Cannot read opt property android.window.PROPERTY_COMPAT_ALLOW_RESIZEABLE_ACTIVITY_OVERRIDES
2026-02-14 16:52:02.375   639-663   ActivityManager         system_server                        D  sync unfroze 8184 system:ui for 1
2026-02-14 16:52:02.376   639-987   Background...rolService system_server                        D  Package event received: 0
2026-02-14 16:52:02.376   639-987   Background...rolService system_server                        D  Package event received: 0
2026-02-14 16:52:02.376   639-987   Background...rolService system_server                        D  Package event received: 0
2026-02-14 16:52:02.382  8184-8196  EGL_emulation           system:ui                            I  Opening libGLESv1_CM_emulation.so
2026-02-14 16:52:02.383   498-498   BpBinder                surfaceflinger                       I  onLastStrongRef automatically unlinking death recipients: 
2026-02-14 16:52:02.387  8184-8196  EGL_emulation           system:ui                            I  Opening libGLESv2_emulation.so
2026-02-14 16:52:02.395  8184-8196  HWUI                    system:ui                            W  Failed to choose config with EGL_SWAP_BEHAVIOR_PRESERVED, retrying without...
2026-02-14 16:52:02.395  8184-8196  HWUI                    system:ui                            W  Failed to initialize 101010-2 format, error = EGL_SUCCESS
2026-02-14 16:52:02.415  8184-9375  AbstractResolverComp    system:ui                            D  Setting watchdog timer for 500ms
2026-02-14 16:52:02.423   639-987   Background...rolService system_server                        D  Package event received: 0
2026-02-14 16:52:02.429  2133-2148  id.ext.services         com.google.android.ext.services      W  Reducing the number of considered missed Gc histogram windows from 587 to 100
2026-02-14 16:52:02.446   639-2808  CoreBackPreview         system_server                        D  Window{d09098a u0 android/com.android.internal.app.ResolverActivity}: Setting back callback OnBackInvokedCallbackInfo{mCallback=android.window.IOnBackInvokedCallback$Stub$Proxy@9a20418, mPriority=-1, mIsAnimationCallback=false, mOverrideBehavior=0}
2026-02-14 16:52:02.476  1028-1074  WindowManagerShell      com.android.systemui                 D  TvPipController: onTaskStackChanged()
2026-02-14 16:52:02.570  1028-1166  WindowManagerShell      com.android.systemui                 V  onTransitionReady(transaction=2744484110127)
2026-02-14 16:52:02.571   639-660   ActivityTaskManager     system_server                        I  Displayed android/com.android.internal.app.ResolverActivity for user 0: +206ms
2026-02-14 16:52:02.571   639-660   WindowManager           system_server                        V  Sent Transition (#222) createdAt=02-14 16:52:02.361 via request=TransitionRequestInfo { type = OPEN, triggerTask = TaskInfo{userId=0 taskId=82 effectiveUid=10094 displayId=0 isRunning=true baseIntent=Intent { act=android.intent.action.MAIN cat=[android.intent.category.LEANBACK_LAUNCHER] flg=0x10000000 pkg=com.torserve.pwa cmp=com.torserve.pwa/.MainActivity } baseActivity=ComponentInfo{com.torserve.pwa/com.torserve.pwa.MainActivity} topActivity=ComponentInfo{android/com.android.internal.app.ResolverActivity} origActivity=null realActivity=ComponentInfo{com.torserve.pwa/com.torserve.pwa.MainActivity} numActivities=2 lastActiveTime=68282012 supportsMultiWindow=false resizeMode=1 isResizeable=true minWidth=-1 minHeight=-1 defaultMinSize=220 token=WCT{RemoteToken{5fd4340 Task{d0287fa #82 type=standard A=10094:com.torserve.pwa}}} topActivityType=1 pictureInPictureParams=null shouldDockBigOverlays=true launchIntoPipHostTaskId=-1 lastParentTaskIdBeforePip=-1 displayCutoutSafeInsets=Rect(0, 0 - 0, 0) topActivityInfo=ActivityInfo{2bf49c4 com.android.internal.app.ResolverActivity} launchCookies=[] positionInParent=Point(0, 0) parentTaskId=-1 isFocused=true isVisible=true isVisibleRequested=true isTopActivityNoDisplay=false isSleeping=false locusId=null displayAreaFeatureId=1 isTopActivityTransparent=true isActivityStackTransparent=false lastNonFullscreenBounds=Rect(1374, 108 - 2467, 2052) capturedLink=null capturedLinkTimestamp=0 requestedVisibleTypes=-9 topActivityRequestOpenInBrowserEducationTimestamp=0 appCompatTaskInfo=AppCompatTaskInfo { topActivityInSizeCompat=false eligibleForLetterboxEducation= false isLetterboxEducationEnabled= false isLetterboxDoubleTapEnabled= false eligibleForUserAspectRatioButton= false topActivityBoundsLetterboxed= false isFromLetterboxDoubleTap= false topActivityLetterboxVerticalPosition= -1 topActivityLetterboxHorizontalPosition= -1 topActivityLetterboxWidth=-1 topActivityLetterboxHeight=-1 topActivityAppBounds=Rect(0, 0 - 3840, 2160) isUserFullscreenOverrideEnabled=false isSystemFullscreenOverrideEnabled=false hasMinAspectRatioOverride=false topActivityLetterboxBounds=null cameraCompatTaskInfo=CameraCompatTaskInfo { freeformCameraCompatMode=inactive}} topActivityMainWindowFrame=null}, pipChange = null, remoteTransition = null, displayChange = null, flags = 0, debugId = 222 }
2026-02-14 16:52:02.571   639-660   WindowManager           system_server                        V      startWCT=WindowContainerTransaction { changes= {} hops= [] errorCallbackToken=null taskFragmentOrganizer=null }
2026-02-14 16:52:02.571   639-660   WindowManager           system_server                        V      info={id=222 t=OPEN f=0x0 trk=0 r=[0@Point(0, 0)] c=[
                                                                                                            {m=OPEN f=TRANSLUCENT|FILLS_TASK leash=Surface(name=ActivityRecord{257580605 u0 android/com.android.internal.app.ResolverActivity)/@0x9cb3e71 sb=Rect(0, 0 - 0, 0) eb=Rect(0, 0 - 3840, 2160) epz=Point(3840, 2160) d=-1->0 r=-1->0:-1 bc=ff303030 component=android/com.android.internal.app.ResolverActivity opt={t=FROM_STYLE mUserId=0}}
                                                                                                        ]}
2026-02-14 16:52:02.573  1028-1074  WindowManagerShell      com.android.systemui                 V  onTransitionReady (#222) android.os.BinderProxy@e2a8dde: {id=222 t=OPEN f=0x0 trk=0 r=[0@Point(0, 0)] c=[
                                                                                                            {m=OPEN f=TRANSLUCENT|FILLS_TASK leash=Surface(name=ActivityRecord{257580605 u0 android/com.android.internal.app.ResolverActivity)/@0xaf7dd5 sb=Rect(0, 0 - 0, 0) eb=Rect(0, 0 - 3840, 2160) epz=Point(3840, 2160) d=-1->0 r=-1->0:-1 bc=ff303030 component=android/com.android.internal.app.ResolverActivity opt={t=FROM_STYLE mUserId=0}}
                                                                                                        ]}
2026-02-14 16:52:02.573  1028-1074  WindowManagerShell      com.android.systemui                 V  Playing animation for (#222) android.os.BinderProxy@e2a8dde@0
2026-02-14 16:52:02.573  1028-1074  WindowManagerShell      com.android.systemui                 V  Transition doesn't have explicit remote, search filters for match for {id=222 t=OPEN f=0x0 trk=0 r=[0@Point(0, 0)] c=[{m=OPEN f=TRANSLUCENT|FILLS_TASK leash=Surface(name=ActivityRecord{257580605 u0 android/com.android.internal.app.ResolverActivity)/@0xaf7dd5 sb=Rect(0, 0 - 0, 0) eb=Rect(0, 0 - 3840, 2160) epz=Point(3840, 2160) d=-1->0 r=-1->0:-1 bc=ff303030 component=android/com.android.internal.app.ResolverActivity opt={t=FROM_STYLE mUserId=0}}]}
2026-02-14 16:52:02.573  1028-1074  WindowManagerShell      com.android.systemui                 V   Delegate animation for (#222) to null
2026-02-14 16:52:02.573  1028-1074  WindowManagerShell      com.android.systemui                 V  start default transition animation, info = {id=222 t=OPEN f=0x0 trk=0 r=[0@Point(0, 0)] c=[{m=OPEN f=TRANSLUCENT|FILLS_TASK leash=Surface(name=ActivityRecord{257580605 u0 android/com.android.internal.app.ResolverActivity)/@0xaf7dd5 sb=Rect(0, 0 - 0, 0) eb=Rect(0, 0 - 3840, 2160) epz=Point(3840, 2160) d=-1->0 r=-1->0:-1 bc=ff303030 component=android/com.android.internal.app.ResolverActivity opt={t=FROM_STYLE mUserId=0}}]}
2026-02-14 16:52:02.575  1028-1074  WindowManagerShell      com.android.systemui                 V  loadAnimation: anim=android.view.animation.AlphaAnimation@852d4db animAttr=0x4 type=OPEN isEntrance=true
2026-02-14 16:52:02.576  8184-8196  EGL_emulation           system:ui                            I  Opening libGLESv1_CM_emulation.so
2026-02-14 16:52:02.577  8184-8196  EGL_emulation           system:ui                            I  Opening libGLESv2_emulation.so
2026-02-14 16:52:02.577  1028-1074  WindowManagerShell      com.android.systemui                 V   animated by com.android.wm.shell.transition.DefaultTransitionHandler@2338fc6
2026-02-14 16:52:02.585  8184-8196  HWUI                    system:ui                            W  Failed to choose config with EGL_SWAP_BEHAVIOR_PRESERVED, retrying without...
2026-02-14 16:52:02.585  8184-8196  HWUI                    system:ui                            W  Failed to initialize 101010-2 format, error = EGL_SUCCESS
2026-02-14 16:52:02.603   639-948   InetDiagMessage         system_server                        D  Destroyed 0 sockets, proto=IPPROTO_TCP, family=AF_INET, states=14
2026-02-14 16:52:02.603   639-948   InetDiagMessage         system_server                        D  Destroyed 0 sockets, proto=IPPROTO_TCP, family=AF_INET6, states=14
2026-02-14 16:52:02.604   639-948   InetDiagMessage         system_server                        D  Destroyed live tcp sockets for uids={10052} in 0ms
2026-02-14 16:52:02.604   639-948   InetDiagMessage         system_server                        D  Destroyed 0 sockets, proto=IPPROTO_TCP, family=AF_INET, states=14
2026-02-14 16:52:02.604   639-948   InetDiagMessage         system_server                        D  Destroyed 0 sockets, proto=IPPROTO_TCP, family=AF_INET6, states=14
2026-02-14 16:52:02.604   639-948   InetDiagMessage         system_server                        D  Destroyed live tcp sockets for uids={20052} in 1ms
2026-02-14 16:52:02.614  8184-8184  AbstractResolverComp    system:ui                            D  RANKER_SERVICE_RESULT
2026-02-14 16:52:02.617  8184-8184  ResolverListAdapter     system:ui                            I  Add DisplayResolveInfo component: ComponentInfo{com.google.android.tts/com.google.android.apps.speech.tts.googletts.service.GoogleTTSActivity}, intent component: ComponentInfo{com.google.android.tts/com.google.android.apps.speech.tts.googletts.service.GoogleTTSActivity}
2026-02-14 16:52:02.617  8184-8184  ResolverListAdapter     system:ui                            I  Add DisplayResolveInfo component: ComponentInfo{com.google.android.katniss/com.google.android.apps.tvsearch.voice.voiceinput.VoiceInputActivity}, intent component: ComponentInfo{com.google.android.katniss/com.google.android.apps.tvsearch.voice.voiceinput.VoiceInputActivity}
2026-02-14 16:52:02.631  8184-9375  system:ui               system:ui                            I  AssetManager2(0xb400007bb01231f8) locale list changing from [] to [en-US]
2026-02-14 16:52:02.634  8184-9375  HWUI                    system:ui                            W  Image decoding logging dropped!
2026-02-14 16:52:02.646  8184-9375  system:ui               system:ui                            I  AssetManager2(0xb400007bb01247d8) locale list changing from [] to [en-US]
2026-02-14 16:52:02.649  8184-9375  HWUI                    system:ui                            W  Image decoding logging dropped!
2026-02-14 16:52:02.691   639-745   ImeTracker              system_server                        I  android:8740df20: onRequestHide at ORIGIN_SERVER reason HIDE_UNSPECIFIED_WINDOW fromUser false
2026-02-14 16:52:02.701  1333-1333  GoogleInpu...hodService com...gle.android.inputmethod.latin  I  GoogleInputMethodService.onFinishInput():2084 
2026-02-14 16:52:02.702  1333-1333  Module                  com...gle.android.inputmethod.latin  I  DeviceLockedStatusModuleProvider$Module.updateDeviceLockedStatus():101 repeatCheckTimes = 0, locked = false
2026-02-14 16:52:02.703  1333-1333  GoogleInpu...hodService com...gle.android.inputmethod.latin  I  GoogleInputMethodService.onStartInput():1345 onStartInput(EditorInfo{EditorInfo{packageName=android, inputType=0, inputTypeString=NULL, enableLearning=false, autoCorrection=false, autoComplete=false, imeOptions=0, privateImeOptions=null, actionName=UNSPECIFIED, actionLabel=null, initialSelStart=-1, initialSelEnd=-1, initialCapsMode=0, label=null, fieldId=0, fieldName=null, extras=null, hintText=null, hintLocales=[]}}, false)
2026-02-14 16:52:02.706  1333-1333  Module                  com...gle.android.inputmethod.latin  I  DeviceLockedStatusModuleProvider$Module.updateDeviceLockedStatus():101 repeatCheckTimes = 1, locked = false
2026-02-14 16:52:02.709   639-2808  PackageConfigPersister  system_server                        W  App-specific configuration not found for packageName: android and userId: 0
2026-02-14 16:52:02.712   639-1113  ImeTracker              system_server                        I  system_server:4802a394: onRequestHide at ORIGIN_SERVER reason IME_REQUESTED_CHANGED_LISTENER fromUser false
2026-02-14 16:52:02.712   639-663   ImeTracker              system_server                        I  system_server:4802a394: onCancelled at PHASE_SERVER_SHOULD_HIDE
2026-02-14 16:52:02.720  8184-8184  InsetsController        system:ui                            D  hide(ime(), fromIme=false)
2026-02-14 16:52:02.720  8184-8184  ImeTracker              system:ui                            I  android:8740df20: onCancelled at PHASE_CLIENT_ALREADY_HIDDEN
2026-02-14 16:52:02.795  1333-1342  putmethod.latin         com...gle.android.inputmethod.latin  W  Reducing the number of considered missed Gc histogram windows from 556 to 100
2026-02-14 16:52:02.984  1028-1074  WindowManagerShell      com.android.systemui                 V  Transition animation finished (aborted=false), notifying core (#222) android.os.BinderProxy@e2a8dde@0
2026-02-14 16:52:02.985   639-660   WindowManager           system_server                        V  Finish Transition (#222): created at 02-14 16:52:02.361 collect-started=0.021ms request-sent=4.106ms started=6.481ms ready=14.048ms sent=208.434ms commit=14.144ms finished=624.17ms
2026-02-14 16:52:02.987  1028-1074  WindowManagerShell      com.android.systemui                 V  Track 0 became idle
2026-02-14 16:52:02.988  1028-1074  WindowManagerShell      com.android.systemui                 V  All active transition animations finished
2026-02-14 16:52:03.269  9256-9256  Capacitor/Console       com.torserve.pwa                     I  File: https://localhost/assets/index-CE_Y42og.js - Line 9 - Msg: [Cascade] ⏰ Race timeout (6000ms)
2026-02-14 16:52:03.269  9256-9256  Capacitor/Console       com.torserve.pwa                     I  File: https://localhost/assets/index-CE_Y42og.js - Line 9 - Msg: [Cascade] ⏰ Race timeout (6000ms)
2026-02-14 16:52:03.269  9256-9256  Capacitor/Console       com.torserve.pwa                     I  File: https://localhost/assets/index-CE_Y42og.js - Line 9 - Msg: [Cascade] ⏰ Race timeout (6000ms)
2026-02-14 16:52:03.269  9256-9256  Capacitor/Console       com.torserve.pwa                     I  File: https://localhost/assets/index-CE_Y42og.js - Line 9 - Msg: [Cascade] ⏰ Race timeout (6000ms)
2026-02-14 16:52:03.286  9256-9256  Capacitor/Console       com.torserve.pwa                     I  File: https://localhost/assets/index-CE_Y42og.js - Line 9 - Msg: [Cascade] ⏰ Race timeout (6000ms)
2026-02-14 16:52:03.286  9256-9256  Capacitor/Console       com.torserve.pwa                     I  File: https://localhost/assets/index-CE_Y42og.js - Line 9 - Msg: [Cascade] ⏰ Race timeout (6000ms)
2026-02-14 16:52:03.286  9256-9256  Capacitor/Console       com.torserve.pwa                     I  File: https://localhost/assets/index-CE_Y42og.js - Line 9 - Msg: [Cascade] ⏰ Race timeout (6000ms)
2026-02-14 16:52:03.286  9256-9256  Capacitor/Console       com.torserve.pwa                     I  File: https://localhost/assets/index-CE_Y42og.js - Line 9 - Msg: [Cascade] ⏰ Race timeout (6000ms)
2026-02-14 16:52:03.286  9256-9256  Capacitor/Console       com.torserve.pwa                     I  File: https://localhost/assets/index-CE_Y42og.js - Line 9 - Msg: [Cascade] ⏰ Race timeout (6000ms)
2026-02-14 16:52:03.302  9256-9256  Capacitor/Console       com.torserve.pwa                     I  File: https://localhost/assets/index-CE_Y42og.js - Line 9 - Msg: [Cascade] ⏰ Race timeout (6000ms)
2026-02-14 16:52:03.302  9256-9256  Capacitor/Console       com.torserve.pwa                     I  File: https://localhost/assets/index-CE_Y42og.js - Line 9 - Msg: [Cascade] ⏰ Race timeout (6000ms)
2026-02-14 16:52:03.302  9256-9256  Capacitor/Console       com.torserve.pwa                     I  File: https://localhost/assets/index-CE_Y42og.js - Line 28 - Msg: [HomePanel] 🔥 Prefetching popular discovery endpoints...
2026-02-14 16:52:03.302  9256-9256  Capacitor/Console       com.torserve.pwa                     I  File: https://localhost/assets/index-CE_Y42og.js - Line 9 - Msg: [TMDB] Trying Custom Worker...
2026-02-14 16:52:03.303  9256-9256  Capacitor/Console       com.torserve.pwa                     I  File: https://localhost/assets/index-CE_Y42og.js - Line 9 - Msg: [TMDB] Trying Lampa Proxy...
2026-02-14 16:52:03.303  9256-9256  Capacitor/Console       com.torserve.pwa                     I  File: https://localhost/assets/index-CE_Y42og.js - Line 9 - Msg: [TMDB] Cache hit for: /movie/top_rated?page=1
2026-02-14 16:52:03.303  9256-9256  Capacitor/Console       com.torserve.pwa                     I  File: https://localhost/assets/index-CE_Y42og.js - Line 9 - Msg: [Cascade] ⏰ Race timeout (6000ms)
2026-02-14 16:52:03.377 28541-28541 cast_shell              com.google.android.apps.mediashell   I  [0214/165203.377164:INFO:service_base.h(78)] Size of the map for type AuthTokenResponse is 0
2026-02-14 16:52:03.377 28541-28541 cast_shell              com.google.android.apps.mediashell   I  [0214/165203.377486:INFO:service_base.h(246)] Container sizes for type CloudSetting are (session_info_map: 0), (topic_info_map: 21), (pending_events: 0).
2026-02-14 16:52:03.377 28541-28541 cast_shell              com.google.android.apps.mediashell   I  [0214/165203.377545:INFO:metrics_stat_logger.cc(38)] Metrics stat for the past 60 secs : total=0
2026-02-14 16:52:03.468  9256-9256  Capacitor/Console       com.torserve.pwa                     I  File: https://localhost/assets/index-CE_Y42og.js - Line 9 - Msg: [TMDB] ✅ Custom Worker success
2026-02-14 16:52:03.468  9256-9256  Capacitor/Console       com.torserve.pwa                     I  File: https://localhost/assets/index-CE_Y42og.js - Line 9 - Msg: [Cascade] ⏱️ worker: 168ms
2026-02-14 16:52:03.468  9256-9256  Capacitor/Console       com.torserve.pwa                     I  File: https://localhost/assets/index-CE_Y42og.js - Line 9 - Msg: [Cascade] 🏆 Race winner: worker
2026-02-14 16:52:03.468  9256-9256  Capacitor/Console       com.torserve.pwa                     I  File: https://localhost/assets/index-CE_Y42og.js - Line 28 - Msg: [HomePanel] ✅ Prefetch complete
2026-02-14 16:52:03.761 28541-28595 cast_Clien...ovisioning com.google.android.apps.mediashell   I  Loading factory credentials for 1P device.
2026-02-14 16:52:03.762 28541-28595 ActivityThread          com.google.android.apps.mediashell   E  Failed to find provider info for com.google.android.tvsetup.app.machine.services.castsetup.castsetupinfo.CastInfoProvider
2026-02-14 16:52:03.762 28541-28595 cast_Clien...rovisioned com.google.android.apps.mediashell   E  Cannot get device credentials
2026-02-14 16:52:03.762 28541-28595 cast_Clien...ovisioning com.google.android.apps.mediashell   I  Retry loading factory credentials
2026-02-14 16:52:04.467  9256-9256  Capacitor/Console       com.torserve.pwa                     I  File: https://localhost/assets/index-CE_Y42og.js - Line 9 - Msg: [TMDB] ✅ Lampa Proxy success
2026-02-14 16:52:04.467  9256-9256  Capacitor/Console       com.torserve.pwa                     I  File: https://localhost/assets/index-CE_Y42og.js - Line 9 - Msg: [Cascade] ⏱️ lampa: 1162ms
2026-02-14 16:52:05.218  9256-9256  Capacitor/Console       com.torserve.pwa                     W  File: https://localhost/assets/index-CE_Y42og.js - Line 36 - Msg: Mixed Content: The page at 'https://localhost/' was loaded over HTTPS, but requested an insecure resource 'http://192.168.1.70:3000/api/status'. This content should also be served over HTTPS.
2026-02-14 16:52:05.234  9256-9256  Capacitor/Console       com.torserve.pwa                     I  File: https://localhost/assets/index-CE_Y42og.js - Line 9 - Msg: [SpatialNav] Active Zone: main -> main
2026-02-14 16:52:05.468   639-5169  AS.PlaybackActivityMon  system_server                        W  No piid assigned for invalid/internal port id 18
2026-02-14 16:52:05.469   639-3837  Grammatica...ctionUtils system_server                        V  AttributionSource: android.content.AttributionSource@8794ea29 does not have READ_SYSTEM_GRAMMATICAL_GENDER permission.
2026-02-14 16:52:05.469   639-3837  OptProp                 system_server                        W  Cannot read opt property android.window.PROPERTY_COMPAT_ALLOW_RESIZEABLE_ACTIVITY_OVERRIDES
2026-02-14 16:52:05.470   639-3837  OptProp                 system_server                        W  Cannot read opt property android.window.PROPERTY_COMPAT_ALLOW_MIN_ASPECT_RATIO_OVERRIDE
2026-02-14 16:52:05.470   489-582   AudioFlinger            audioserver                          D  mixer(0xb400007b040b0770) throttle end: throttle time(36)
2026-02-14 16:52:05.471   639-3837  CellBroadcastUtils      system_server                        E  getDefaultCellBroadcastReceiverPackageName: no package found
2026-02-14 16:52:05.471   639-3837  OptProp                 system_server                        W  Cannot read opt property android.window.PROPERTY_COMPAT_ALLOW_ORIENTATION_OVERRIDE
2026-02-14 16:52:05.474   639-3837  ActivityTaskManager     system_server                        I  START u0 {act=android.speech.action.RECOGNIZE_SPEECH flg=0x3000000 xflg=0x4 cmp=com.google.android.tts/com.google.android.apps.speech.tts.googletts.service.GoogleTTSActivity (has extras)} with LAUNCH_MULTIPLE from uid 10094 (realCallingUid=1000) (sr=257580605) (BAL_ALLOW_VISIBLE_WINDOW) result code=0
2026-02-14 16:52:05.474  1028-1074  WindowManagerShell      com.android.systemui                 V  Transition requested (#223): android.os.BinderProxy@a772251 TransitionRequestInfo { type = OPEN, triggerTask = TaskInfo{userId=0 taskId=82 effectiveUid=10094 displayId=0 isRunning=true baseIntent=Intent { act=android.intent.action.MAIN cat=[android.intent.category.LEANBACK_LAUNCHER] flg=0x10000000 pkg=com.torserve.pwa cmp=com.torserve.pwa/.MainActivity } baseActivity=ComponentInfo{com.torserve.pwa/com.torserve.pwa.MainActivity} topActivity=ComponentInfo{com.google.android.tts/com.google.android.libraries.speech.transcription.ui.TranscriptionActivity} origActivity=null realActivity=ComponentInfo{com.torserve.pwa/com.torserve.pwa.MainActivity} numActivities=3 lastActiveTime=68285121 supportsMultiWindow=false resizeMode=1 isResizeable=true minWidth=-1 minHeight=-1 defaultMinSize=220 token=WCT{android.window.IWindowContainerToken$Stub$Proxy@cd47ab6} topActivityType=1 pictureInPictureParams=null shouldDockBigOverlays=true launchIntoPipHostTaskId=-1 lastParentTaskIdBeforePip=-1 displayCutoutSafeInsets=Rect(0, 0 - 0, 0) topActivityInfo=ActivityInfo{29fe3b7 com.google.android.apps.speech.tts.googletts.service.GoogleTTSActivity} launchCookies=[] positionInParent=Point(0, 0) parentTaskId=-1 isFocused=true isVisible=true isVisibleRequested=true isTopActivityNoDisplay=false isSleeping=false locusId=null displayAreaFeatureId=1 isTopActivityTransparent=true isActivityStackTransparent=false lastNonFullscreenBounds=Rect(1374, 108 - 2467, 2052) capturedLink=null capturedLinkTimestamp=0 requestedVisibleTypes=-9 topActivityRequestOpenInBrowserEducationTimestamp=0 appCompatTaskInfo=AppCompatTaskInfo { topActivityInSizeCompat=false eligibleForLetterboxEducation= false isLetterboxEducationEnabled= false isLetterboxDoubleTapEnabled= false eligibleForUserAspectRatioButton= false topActivityBoundsLetterboxed= false isFromLetterboxDoubleTap= false topActivityLetterboxVerticalPosition= -1 topActivityLetterboxHorizontalPosition= -1 topActivityLetterboxWidth=-1 topActivityLetterboxHeight=-1 topActivityAppBounds=Rect(0, 0 - 3840, 2160) isUserFullscreenOverrideEnabled=false isSystemFullscreenOverrideEnabled=false hasMinAspectRatioOverride=false topActivityLetterboxBounds=null cameraCompatTaskInfo=CameraCompatTaskInfo { freeformCameraCompatMode=inactive}} topActivityMainWindowFrame=null}, pipChange = null, remoteTransition = null, displayChange = null, flags = 0, debugId = 223 }
2026-02-14 16:52:05.477   639-987   Background...rolService system_server                        D  Package event received: 0
2026-02-14 16:52:05.477   639-1002  IPCThreadState          system_server                        W  Sending oneway calls to frozen process.
2026-02-14 16:52:05.478   639-1002  ActivityManager         system_server                        D  quick sync unfreeze 9380 for 1
2026-02-14 16:52:05.482   498-498   BpBinder                surfaceflinger                       I  onLastStrongRef automatically unlinking death recipients: 
2026-02-14 16:52:05.500   639-663   ActivityManager         system_server                        D  sync unfroze 9380 com.google.android.tts:search for 1
2026-02-14 16:52:05.502   639-987   Background...rolService system_server                        D  Package event received: 0
2026-02-14 16:52:05.502   639-987   Background...rolService system_server                        D  Package event received: 0
2026-02-14 16:52:05.503   509-4153  IPCThreadState          cameraserver                         W  Sending oneway calls to frozen process.
2026-02-14 16:52:05.506   639-987   Background...rolService system_server                        D  Package event received: 0
2026-02-14 16:52:05.507  9380-9404  EGL_emulation           com.google.android.tts:search        I  Opening libGLESv1_CM_emulation.so
2026-02-14 16:52:05.507  9380-9404  EGL_emulation           com.google.android.tts:search        I  Opening libGLESv2_emulation.so
2026-02-14 16:52:05.523  9380-9404  HWUI                    com.google.android.tts:search        W  Failed to choose config with EGL_SWAP_BEHAVIOR_PRESERVED, retrying without...
2026-02-14 16:52:05.524  9380-9404  HWUI                    com.google.android.tts:search        W  Failed to initialize 101010-2 format, error = EGL_SUCCESS
2026-02-14 16:52:05.526   639-3837  FileUtils               system_server                        D  Rounded bytes from 2070470656 to 4000000000
2026-02-14 16:52:05.551  1028-1028  ndroid.systemui         com.android.systemui                 I  AssetManager2(0xb400007bb013ce78) locale list changing from [] to [en-US]
2026-02-14 16:52:05.556   639-679   BatteryExt...tatsWorker system_server                        W  error reading modem stats:ERROR_PHONE_NOT_AVAILABLE
2026-02-14 16:52:05.564  9380-9380  IntentParsingUtil       com.google.android.tts:search        I  #getRequestedLanguageOrSystemDefault
2026-02-14 16:52:05.564  9380-9380  IntentParsingUtil       com.google.android.tts:search        I  Using language specified in RecognizerIntent: ru-RU
2026-02-14 16:52:05.572  9380-9384  roid.tts:search         com.google.android.tts:search        W  Cleared Reference was only reachable from finalizer (only reported once)
2026-02-14 16:52:05.574  9380-9380  TranscriptionDataServic com.google.android.tts:search        I  updated TranscriptionState: TranscriptionState{language=Russian (Russia), liveTranscription=null, finalRecognitionResults=null, hasStartOfSpeech=false, isMicOpen=null, appflowErrorStatus=null, speechLevel=0, audioUri=null, lastAudioRationaleToastTimestampLoaded=false} for request-id f19e3a88-9e64-4dc6-809b-68116351872b
2026-02-14 16:52:05.574  1028-1237  EGL_emulation           com.android.systemui                 I  Opening libGLESv1_CM_emulation.so
2026-02-14 16:52:05.574  1028-1237  EGL_emulation           com.android.systemui                 I  Opening libGLESv2_emulation.so
2026-02-14 16:52:05.583  1028-1237  HWUI                    com.android.systemui                 W  Failed to choose config with EGL_SWAP_BEHAVIOR_PRESERVED, retrying without...
2026-02-14 16:52:05.584  1028-1237  HWUI                    com.android.systemui                 W  Failed to initialize 101010-2 format, error = EGL_SUCCESS
2026-02-14 16:52:05.587  9380-9384  roid.tts:search         com.google.android.tts:search        W  Reducing the number of considered missed Gc histogram windows from 559 to 100
2026-02-14 16:52:05.591  9380-9416  RecognitionClient       com.google.android.tts:search        I  #startListening
2026-02-14 16:52:05.591  9380-9416  ALT.AFClient            com.google.android.tts:search        I  #audio# acquire audio focus for client(TNG_TRANSCRIPTION)
2026-02-14 16:52:05.591  9380-9416  ALT.AFCSessionMgr       com.google.android.tts:search        I  #audio# acquire audio focus for client(TNG_TRANSCRIPTION) session(token(2))
2026-02-14 16:52:05.594  9380-9416  ALT.ARCProvider         com.google.android.tts:search        I  #audio# activating audio request client(TNG_TRANSCRIPTION)
2026-02-14 16:52:05.594  9380-9416  ALT.ClientsRegy         com.google.android.tts:search        I  #audio# activating audio client(token(379150507), TNG_TRANSCRIPTION)
2026-02-14 16:52:05.595  9380-9416  ALT.ClientsRegy         com.google.android.tts:search        I  #audio# enforcing concurrency state on a new client(TNG_TRANSCRIPTION, token(379150507))
2026-02-14 16:52:05.595  9380-9416  ALT.ClientsRegy         com.google.android.tts:search        I  #audio# deactivating(DEACTIVATED_NEW_CLIENT) client(token(503189927), TNG_TRANSCRIPTION)
2026-02-14 16:52:05.596  9380-9380  HWUI                    com.google.android.tts:search        W  Image decoding logging dropped!
2026-02-14 16:52:05.596   639-4973  FileUtils               system_server                        D  Rounded bytes from 2070470656 to 4000000000
2026-02-14 16:52:05.597  9380-9416  ALT.AudioRoutesRegy     com.google.android.tts:search        I  #audio# disconnecting(DISCONNECT_REASON_NEW_CLIENT_ACTIVATING) audio route(token(583852413), BUILTIN_AUDIO_ROUTE) for client(token(503189927), TNG_TRANSCRIPTION)
2026-02-14 16:52:05.599   639-4973  MediaFocusControl       system_server                        I  requestAudioFocus() from uid/pid 10062/9380 AA=USAGE_MEDIA/CONTENT_TYPE_UNKNOWN clientId=android.media.AudioManager@f9e702eflw@a6502f2 callingPack=com.google.android.tts req=4 flags=0x0 sdk=36
2026-02-14 16:52:05.599  9380-9416  ALT.AudioRoutesRegy     com.google.android.tts:search        I  #audio# initializing the default route(9526613) for client(token(379150507), TNG_TRANSCRIPTION)
2026-02-14 16:52:05.599  9380-9416  ALT.ARClient            com.google.android.tts:search        I  #audio# starting listening for audio request client(token(379150507))
2026-02-14 16:52:05.599   639-4973  AS.FadeOutManager       system_server                        I  unfadeOutUid() uid:10062
2026-02-14 16:52:05.600  9380-9416  ALT.AudioSessionsRegy   com.google.android.tts:search        I  #audio# starting audio session(1834880055) for client(token(379150507), TNG_TRANSCRIPTION)
2026-02-14 16:52:05.603  9380-9380  HWUI                    com.google.android.tts:search        W  Image decoding logging dropped!
2026-02-14 16:52:05.603  9380-9413  ALT.AudioEventsHolder   com.google.android.tts:search        I  #audio# audio focus session(token(2)) acquire status(ACQUIRED)
2026-02-14 16:52:05.605  9380-9380  HWUI                    com.google.android.tts:search        W  Image decoding logging dropped!
2026-02-14 16:52:05.605  9380-9413  AudioLibraryAudioContro com.google.android.tts:search        I  Audio focus acquiring status: ACQUIRED
2026-02-14 16:52:05.606  9380-9416  ALT.AudioSessionsRegy   com.google.android.tts:search        I  #audio# enforcing concurrency state on new audio session of client(token(379150507), TNG_TRANSCRIPTION)
2026-02-14 16:52:05.607  9380-9416  ALT.AudioSessionsRegy   com.google.android.tts:search        I  #audio# audio session(1834880055) OK to start
2026-02-14 16:52:05.608  1028-1074  WindowManagerShell      com.android.systemui                 D  TvPipController: onTaskStackChanged()
2026-02-14 16:52:05.610  9380-9416  ALT.AudioSrcDataRegy    com.google.android.tts:search        I  #audio# starting audio source session(1834880055) on route(token(9526613), BUILTIN_AUDIO_ROUTE) for client(token(379150507), TNG_TRANSCRIPTION)
2026-02-14 16:52:05.610  9380-9416  ALT.AudioSrcDataRegy    com.google.android.tts:search        I  #audio# enforcing concurrency state on a new audio source of client(token(379150507), TNG_TRANSCRIPTION)
2026-02-14 16:52:05.611  9380-9416  FirstByteReadProcessor  com.google.android.tts:search        I  #audio# loading processor(flq@feccc29)
2026-02-14 16:52:05.611  9380-9416  AudioStartTimeProcessor com.google.android.tts:search        I  #audio# loading processor(flm@ebd9bae)
2026-02-14 16:52:05.615  9380-9403  AppFlowLoggerTransport  com.google.android.tts:search        I  AppFlow AUDIO_ROUTE_DISCONNECT is about to be transmitted
2026-02-14 16:52:05.615  9380-9403  AppFlowLoggerTransport  com.google.android.tts:search        I  AppFlow AUDIO_FOCUS_ACQUIRE is about to be transmitted
2026-02-14 16:52:05.615  9380-9416  ALT.AudioRoutesRegy     com.google.android.tts:search        I  #audio# enforcing routes concurrency state on Event.PreStart(route=9526613, session=1834880055) of client(token(379150507), TNG_TRANSCRIPTION)
2026-02-14 16:52:05.617  9380-9416  ALT.SessionAudioStore   com.google.android.tts:search        I  #audio# skipping session(1834880055) storing process, not enabled
2026-02-14 16:52:05.618  9380-9416  ALT.AudioRoutesRegy     com.google.android.tts:search        I  #audio# update route state on Event.Started(route=9526613) of client(token(379150507), TNG_TRANSCRIPTION)
2026-02-14 16:52:05.618  9380-9416  ALT.TimeoutTracker      com.google.android.tts:search        I  #audio# schedule timeout(token(audio_session_timeout:1834880055), duration(PT5M))
2026-02-14 16:52:05.618  9380-9416  NetworkSpeechRecognizer com.google.android.tts:search        I  Online recognizer - start listening
2026-02-14 16:52:05.619   639-1002  CoreBackPreview         system_server                        D  Window{58afa24 u0 com.google.android.tts/com.google.android.apps.speech.tts.googletts.service.GoogleTTSActivity}: Setting back callback OnBackInvokedCallbackInfo{mCallback=android.window.IOnBackInvokedCallback$Stub$Proxy@71e5742, mPriority=-1, mIsAnimationCallback=false, mOverrideBehavior=0}
2026-02-14 16:52:05.622  9380-9416  NetworkSpeechRecognizer com.google.android.tts:search        I  #startSendingS3Requests, multi = false, entrypoint = INTENT_API
2026-02-14 16:52:05.623  9380-9416  TranscriptionDataServic com.google.android.tts:search        I  updated TranscriptionState: TranscriptionState{language=Russian (Russia), liveTranscription=null, finalRecognitionResults=null, hasStartOfSpeech=false, isMicOpen=null, appflowErrorStatus=null, speechLevel=0, audioUri=, lastAudioRationaleToastTimestampLoaded=false} for request-id f19e3a88-9e64-4dc6-809b-68116351872b
2026-02-14 16:52:05.624  9380-9416  TranscriptionDataServic com.google.android.tts:search        I  Future [start transcription] SUCCESS for request-id f19e3a88-9e64-4dc6-809b-68116351872b
2026-02-14 16:52:05.624  9380-9413  ALT.RefManager          com.google.android.tts:search        I  #audio# referencing(ref-source@0024A40003BCA070) to(ref-source@0024A40003BCA070), (RefOpResult(existing=false, count=1))
2026-02-14 16:52:05.626  9380-9690  ALT.SrcAccessor         com.google.android.tts:search        I  #audio# opening audio source(fng@55d01e5), offset(RelativeOffset(bytes=0))
2026-02-14 16:52:05.628  9380-9690  ALT.RouteAwareSource    com.google.android.tts:search        I  #audio# delegating source(fng@55d01e5) opening to(fmx@f639cdc)
2026-02-14 16:52:05.628  9380-9690  ALT.AudioRecordSource   com.google.android.tts:search        I  #audio# open audio source(fmx@f639cdc)
2026-02-14 16:52:05.628  9380-9690  ALT.AudioRecordFactory  com.google.android.tts:search        I  #audio# createAudioRecord
2026-02-14 16:52:05.629  9380-9690  ALT.AudioRecordAttrId   com.google.android.tts:search        I  #audio# no audio record attribution specified, continue without...
2026-02-14 16:52:05.634   489-2156  NativePerm...Controller audioserver                          D  checkPermission: missing 8 for 10062
2026-02-14 16:52:05.635   489-2156  IPCThreadState          audioserver                          W  Sending oneway calls to frozen process.
2026-02-14 16:52:05.635   489-9693  AudioFlinger            audioserver                          I  AudioFlinger's thread 0xb400007b03f79a88 tid=9693 ready to run
2026-02-14 16:52:05.640   489-580   IPCThreadState          audioserver                          W  Sending oneway calls to frozen process.
2026-02-14 16:52:05.640   489-580   IPCThreadState          audioserver                          W  Sending oneway calls to frozen process.
2026-02-14 16:52:05.648  9380-9408  SodaSpeechRecognizer    com.google.android.tts:search        I  Offline recognizer - start listening
2026-02-14 16:52:05.648  9380-9408  SodaSpeechRecognizer    com.google.android.tts:search        I  Initialize Soda [locale: ru-RU], [applicationDomain: AMBIENT_ONESHOT]
2026-02-14 16:52:05.648  9380-9689  OggOpusInputStream      com.google.android.tts:search        W  Beginning load of ogg_opus_encoder...
2026-02-14 16:52:05.649  9380-9689  OggOpusInputStream      com.google.android.tts:search        W  ogg_opus_encoder (null) was loaded normally!
2026-02-14 16:52:05.649  9380-9408  DefaultLPManager        com.google.android.tts:search        I  #getAvailablePackages
2026-02-14 16:52:05.652  9380-9690  ALT.AudioRecordSource   com.google.android.tts:search        I  #audio# create stream of audio record source(identity(fmx@f639cdc), recordId(153))
2026-02-14 16:52:05.653  9380-9408  goj                     com.google.android.tts:search        I  #getDownloadableLanguagePacks
2026-02-14 16:52:05.653  9380-9697  BaseS3HeaderProducer    com.google.android.tts:search        I  [RS][S3] triggerApplicationId: com.torserve.pwa
2026-02-14 16:52:05.653  9380-9408  LanguagePackConfigImpl  com.google.android.tts:search        I  Loaded languagepack (LP) flag value from latest config asmd_zipfile_medium_default: [en-US3006, de-DE3002, es-ES3000, fr-FR3002, it-IT3000, ja-JP3003, en-AU3003, en-GB3002, en-IE3002, en-SG3001]
2026-02-14 16:52:05.653  9380-9408  SystemLPSourceImpl      com.google.android.tts:search        W  #getAvailablePackages: Note there is not reason to call this method, as getInstalledPackages() returns the same LanguagePacks for this impl.
2026-02-14 16:52:05.654  9380-9697  BaseS3HeaderProducer    com.google.android.tts:search        I  S3Request:
                                                                                                    # kre@f8c5f32b
                                                                                                    [293000] {
                                                                                                    }
                                                                                                    [293100] {
                                                                                                    }
                                                                                                    [294000] {
                                                                                                    }
                                                                                                    [294500] {
                                                                                                    }
                                                                                                    [29735924] {
                                                                                                    }
                                                                                                    [77499489] {
                                                                                                    }
