2026-02-01 02:56:10.323 27844-27844 Capacitor/Console       com.torserve.pwa                     I  File: https://localhost/assets/index-DsqkLFnW.js - Line 9 - Msg: [Cascade] ⏰ Race timeout (4000ms)
2026-02-01 02:56:10.323 27844-27844 Capacitor/Console       com.torserve.pwa                     I  File: https://localhost/assets/index-DsqkLFnW.js - Line 9 - Msg: [Cascade] ⏰ Race timeout (4000ms)
2026-02-01 02:56:10.323 27844-27844 Capacitor/Console       com.torserve.pwa                     I  File: https://localhost/assets/index-DsqkLFnW.js - Line 9 - Msg: [Cascade] ⏰ Race timeout (4000ms)
2026-02-01 02:56:10.323 27844-27844 Capacitor/Console       com.torserve.pwa                     I  File: https://localhost/assets/index-DsqkLFnW.js - Line 9 - Msg: [Cascade] ⏰ Race timeout (4000ms)
2026-02-01 02:56:10.323 27844-27844 Capacitor/Console       com.torserve.pwa                     I  File: https://localhost/assets/index-DsqkLFnW.js - Line 9 - Msg: [Cascade] ⏰ Race timeout (4000ms)
2026-02-01 02:56:10.324 27844-27844 Capacitor/Console       com.torserve.pwa                     I  File: https://localhost/assets/index-DsqkLFnW.js - Line 9 - Msg: [Cascade] ⏰ Race timeout (4000ms)
2026-02-01 02:56:10.324 27844-27844 Capacitor/Console       com.torserve.pwa                     I  File: https://localhost/assets/index-DsqkLFnW.js - Line 9 - Msg: [Cascade] ⏰ Race timeout (4000ms)
2026-02-01 02:56:10.325 27844-27844 Capacitor/Console       com.torserve.pwa                     I  File: https://localhost/assets/index-DsqkLFnW.js - Line 9 - Msg: [Cascade] ⏰ Race timeout (4000ms)
2026-02-01 02:56:11.128   639-948   InetDiagMessage         system_server                        D  Destroyed 0 sockets, proto=IPPROTO_TCP, family=AF_INET, states=14
2026-02-01 02:56:11.129   639-948   InetDiagMessage         system_server                        D  Destroyed 0 sockets, proto=IPPROTO_TCP, family=AF_INET6, states=14
2026-02-01 02:56:11.129   639-948   InetDiagMessage         system_server                        D  Destroyed live tcp sockets for uids={10057} in 0ms
2026-02-01 02:56:11.129   639-948   InetDiagMessage         system_server                        D  Destroyed 0 sockets, proto=IPPROTO_TCP, family=AF_INET, states=14
2026-02-01 02:56:11.129   639-948   InetDiagMessage         system_server                        D  Destroyed 0 sockets, proto=IPPROTO_TCP, family=AF_INET6, states=14
2026-02-01 02:56:11.129   639-948   InetDiagMessage         system_server                        D  Destroyed live tcp sockets for uids={20057} in 0ms
2026-02-01 02:56:11.249 27844-27940 ProfileInstaller        com.torserve.pwa                     D  Installing profile for com.torserve.pwa
2026-02-01 02:56:11.327 27844-27844 Capacitor/Console       com.torserve.pwa                     W  File: https://localhost/assets/index-DsqkLFnW.js - Line 36 - Msg: Mixed Content: The page at 'https://localhost/' was loaded over HTTPS, but requested an insecure resource 'http://192.168.1.70:3000/api/status'. This content should also be served over HTTPS.
2026-02-01 02:56:11.340 27844-27844 Capacitor/Console       com.torserve.pwa                     I  File: https://localhost/assets/index-DsqkLFnW.js - Line 9 - Msg: [SpatialNav] Active Zone: main -> main
2026-02-01 02:56:11.517   639-948   InetDiagMessage         system_server                        D  Destroyed 0 sockets, proto=IPPROTO_TCP, family=AF_INET, states=14
2026-02-01 02:56:11.517   639-948   InetDiagMessage         system_server                        D  Destroyed 0 sockets, proto=IPPROTO_TCP, family=AF_INET6, states=14
2026-02-01 02:56:11.517   639-948   InetDiagMessage         system_server                        D  Destroyed live tcp sockets for uids={10052} in 1ms
2026-02-01 02:56:11.518   639-948   InetDiagMessage         system_server                        D  Destroyed 0 sockets, proto=IPPROTO_TCP, family=AF_INET, states=14
2026-02-01 02:56:11.518   639-948   InetDiagMessage         system_server                        D  Destroyed 0 sockets, proto=IPPROTO_TCP, family=AF_INET6, states=14
2026-02-01 02:56:11.518   639-948   InetDiagMessage         system_server                        D  Destroyed live tcp sockets for uids={20052} in 1ms
2026-02-01 02:56:15.131 27844-27844 Capacitor/Console       com.torserve.pwa                     W  File: https://localhost/assets/index-DsqkLFnW.js - Line 15 - Msg: Mixed Content: The page at 'https://localhost/' was loaded over HTTPS, but requested an insecure resource 'http://192.168.1.70:3000/api/status'. This content should also be served over HTTPS.
2026-02-01 02:56:15.132 27844-27844 Capacitor/Console       com.torserve.pwa                     W  File: https://localhost/assets/index-DsqkLFnW.js - Line 15 - Msg: Mixed Content: The page at 'https://localhost/' was loaded over HTTPS, but requested an insecure resource 'http://192.168.1.70:3000/api/lag-stats'. This content should also be served over HTTPS.
2026-02-01 02:56:15.132 27844-27844 Capacitor/Console       com.torserve.pwa                     I  File: https://localhost/assets/index-DsqkLFnW.js - Line 9 - Msg: [SpatialNav] Active Zone: main -> settings
2026-02-01 02:56:16.129   639-731   ActivityManager         system_server                        D  freezing 4006 com.google.android.webview:webview_service
2026-02-01 02:56:16.131   639-948   InetDiagMessage         system_server                        D  Destroyed 0 sockets, proto=IPPROTO_TCP, family=AF_INET, states=14
2026-02-01 02:56:16.131   639-948   InetDiagMessage         system_server                        D  Destroyed 0 sockets, proto=IPPROTO_TCP, family=AF_INET6, states=14
2026-02-01 02:56:16.131   639-948   InetDiagMessage         system_server                        D  Destroyed live tcp sockets for uids={10057} in 1ms
2026-02-01 02:56:16.332 27844-27844 Capacitor/Console       com.torserve.pwa                     W  File: https://localhost/assets/index-DsqkLFnW.js - Line 36 - Msg: Mixed Content: The page at 'https://localhost/' was loaded over HTTPS, but requested an insecure resource 'http://192.168.1.70:3000/api/status'. This content should also be served over HTTPS.
2026-02-01 02:56:16.348 27844-27844 Capacitor/Console       com.torserve.pwa                     I  File: https://localhost/assets/index-DsqkLFnW.js - Line 9 - Msg: [SpatialNav] Active Zone: settings -> settings
2026-02-01 02:56:19.100  2528-2528  Finsky:background       com.android.vending:background       I  [2] Memory trim requested to level 40
2026-02-01 02:56:19.101  4166-4166  Finsky                  com.android.vending                  I  [2] Memory trim requested to level 40
2026-02-01 02:56:19.101  4166-4166  Finsky                  com.android.vending                  I  [2] Flushing in-memory image cache
2026-02-01 02:56:19.102  3145-3145  Finsky:quick_launch     com.android.vending:quick_launch     I  [2] Memory trim requested to level 40
2026-02-01 02:56:19.106 27678-27746 native                  com...le.android.katniss:interactor  W  W0000 00:00:1769903779.106439   27746 publisher.cc:35] [FTL] No subscribers for event "assistant.api.events.MetricEvent" from publisher "UmaMetricsForwarder"
2026-02-01 02:56:19.248  1527-1527  BoundBrokerSvc          com.google.android.gms               D  onUnbind: Intent { act=com.google.android.gms.feedback.internal.IFeedbackService dat=chimera-action:/... xflg=0x4 cmp=com.google.android.gms/.chimera.GmsBoundBrokerService }
2026-02-01 02:56:21.169  1527-1527  BoundBrokerSvc          com.google.android.gms               D  onUnbind: Intent { act=com.google.android.gms.safetynet.service.START xflg=0x4 pkg=com.google.android.gms }
2026-02-01 02:56:21.170  1527-1527  BoundBrokerSvc          com.google.android.gms               D  onUnbind: Intent { act=com.google.android.gms.safebrowsing.SafeBrowsingService.START dat=chimera-action:/... xflg=0x4 cmp=com.google.android.gms/.chimera.GmsBoundBrokerService }
2026-02-01 02:56:21.173   509-4787  IPCThreadState          cameraserver                         W  Sending oneway calls to frozen process.
2026-02-01 02:56:21.327 27844-27844 Capacitor/Console       com.torserve.pwa                     W  File: https://localhost/assets/index-DsqkLFnW.js - Line 36 - Msg: Mixed Content: The page at 'https://localhost/' was loaded over HTTPS, but requested an insecure resource 'http://192.168.1.70:3000/api/status'. This content should also be served over HTTPS.
2026-02-01 02:56:21.337 27844-27844 Capacitor/Console       com.torserve.pwa                     I  File: https://localhost/assets/index-DsqkLFnW.js - Line 9 - Msg: [SpatialNav] Active Zone: settings -> settings
2026-02-01 02:56:23.909  2178-2381  cast_Clien...ovisioning com.google.android.apps.mediashell   I  Loading factory credentials for 1P device.
2026-02-01 02:56:23.911  2178-2381  ActivityThread          com.google.android.apps.mediashell   E  Failed to find provider info for com.google.android.tvsetup.app.machine.services.castsetup.castsetupinfo.CastInfoProvider
2026-02-01 02:56:23.911  2178-2381  cast_Clien...rovisioned com.google.android.apps.mediashell   E  Cannot get device credentials
2026-02-01 02:56:23.911  2178-2381  cast_Clien...ovisioning com.google.android.apps.mediashell   I  Retry loading factory credentials
2026-02-01 02:56:26.186   639-948   InetDiagMessage         system_server                        D  Destroyed 0 sockets, proto=IPPROTO_TCP, family=AF_INET, states=14
2026-02-01 02:56:26.186   639-948   InetDiagMessage         system_server                        D  Destroyed 0 sockets, proto=IPPROTO_TCP, family=AF_INET6, states=14
2026-02-01 02:56:26.186   639-948   InetDiagMessage         system_server                        D  Destroyed live tcp sockets for uids={10089} in 2ms
2026-02-01 02:56:26.186   639-948   InetDiagMessage         system_server                        D  Destroyed 0 sockets, proto=IPPROTO_TCP, family=AF_INET, states=14
2026-02-01 02:56:26.187   639-948   InetDiagMessage         system_server                        D  Destroyed 0 sockets, proto=IPPROTO_TCP, family=AF_INET6, states=14
2026-02-01 02:56:26.187   639-948   InetDiagMessage         system_server                        D  Destroyed live tcp sockets for uids={20089} in 1ms
2026-02-01 02:56:26.328 27844-27844 Capacitor/Console       com.torserve.pwa                     W  File: https://localhost/assets/index-DsqkLFnW.js - Line 36 - Msg: Mixed Content: The page at 'https://localhost/' was loaded over HTTPS, but requested an insecure resource 'http://192.168.1.70:3000/api/status'. This content should also be served over HTTPS.
2026-02-01 02:56:26.346 27844-27844 Capacitor/Console       com.torserve.pwa                     I  File: https://localhost/assets/index-DsqkLFnW.js - Line 9 - Msg: [SpatialNav] Active Zone: settings -> settings
2026-02-01 02:56:29.126   639-731   ActivityManager         system_server                        D  freezing 2528 com.android.vending:background
2026-02-01 02:56:29.127   639-731   ActivityManager         system_server                        D  freezing 4166 com.android.vending
2026-02-01 02:56:29.129   639-731   ActivityManager         system_server                        D  freezing 3145 com.android.vending:quick_launch
2026-02-01 02:56:29.131   639-731   ActivityManager         system_server                        D  freezing 2428 com.android.vending:instant_app_installer
2026-02-01 02:56:29.199   639-948   InetDiagMessage         system_server                        D  Destroyed 0 sockets, proto=IPPROTO_TCP, family=AF_INET, states=14
2026-02-01 02:56:29.199   639-948   InetDiagMessage         system_server                        D  Destroyed 2 sockets, proto=IPPROTO_TCP, family=AF_INET6, states=14
2026-02-01 02:56:29.199   639-948   InetDiagMessage         system_server                        D  Destroyed live tcp sockets for uids={10054} in 0ms
2026-02-01 02:56:29.405   639-717   ActivityManager         system_server                        D  sync unfroze 4166 com.android.vending for 6
2026-02-01 02:56:29.427   639-717   ActivityManager         system_server                        D  sync unfroze 2528 com.android.vending:background for 6
2026-02-01 02:56:29.430  1527-1527  BoundBrokerSvc          com.google.android.gms               D  onBind: Intent { act=com.google.android.gms.notifications.registration.service.NotificationsRegistrationTaskBoundService.ACTION_TASK_READY dat=chimera-action:/... xflg=0x4 cmp=com.google.android.gms/.chimera.GmsInternalBoundBrokerService }
2026-02-01 02:56:29.430  1527-1527  BoundBrokerSvc          com.google.android.gms               D  Loading bound service for intent: Intent { act=com.google.android.gms.notifications.registration.service.NotificationsRegistrationTaskBoundService.ACTION_TASK_READY dat=chimera-action:/... xflg=0x4 cmp=com.google.android.gms/.chimera.GmsInternalBoundBrokerService }
2026-02-01 02:56:29.431  1527-1527  GmsCoreXrpcWrapper      com.google.android.gms               I  (REDACTED) Returning a channel provider with trafficStatsTag=%d trafficStatsUid=%d
2026-02-01 02:56:29.435   639-1891  ProcessStats            system_server                        W  Tracking association SourceState{303d383 com.android.vending/10054 ImpBg #14239} whose proc state 6 is better than process ProcessState{4a0a86b com.android.vending:background/10054 pkg=com.android.vending} proc state 14 (15 skipped)
2026-02-01 02:56:29.436  4166-4166  Finsky                  com.android.vending                  I  [2] SCH: job service start with id 9253.
2026-02-01 02:56:29.436  1322-27841 NetworkScheduler.Stats  com.google.android.gms.persistent    I  (REDACTED) Task %s/%s started execution. cause:%s exec_start_elapsed_seconds: %s
2026-02-01 02:56:29.443  4166-27799 Finsky                  com.android.vending                  I  [884] SCH: Satisfied jobs for 9253 are: 12-1
2026-02-01 02:56:29.443  4166-27962 Finsky                  com.android.vending                  I  [888] SCH: Job 12-1 starting
2026-02-01 02:56:29.444  4166-4166  Finsky                  com.android.vending                  I  [2] WM::SCH: Logging work start for 12-1
2026-02-01 02:56:29.444  4166-4166  Finsky                  com.android.vending                  I  [2] [ContentSync] job started
2026-02-01 02:56:29.447  1527-1527  BoundBrokerSvc          com.google.android.gms               D  onBind: Intent { act=com.google.android.gms.auth.service.START xflg=0x4 pkg=com.google.android.gms }
2026-02-01 02:56:29.447  1527-1527  BoundBrokerSvc          com.google.android.gms               D  Loading bound service for intent: Intent { act=com.google.android.gms.auth.service.START xflg=0x4 pkg=com.google.android.gms }
2026-02-01 02:56:29.453  1322-1668  GLSUser                 com.google.android.gms.persistent    W  [DeviceKeyStore] Cannot load key: Device key file not found.
2026-02-01 02:56:29.454   639-1763  ActivityManager         system_server                        D  sync unfroze 2551 com.google.android.gms.unstable for 6
2026-02-01 02:56:29.457  2551-2551  ActivityThread          com.google.android.gms.unstable      D  Package [com.torserve.pwa] reported as REPLACED, but missing application info. Assuming REMOVED.
2026-02-01 02:56:29.457  4166-27963 Finsky                  com.android.vending                  I  [889] App states replicator found 2 unowned apps
2026-02-01 02:56:29.457  2551-2551  ActivityThread          com.google.android.gms.unstable      D  Package [com.torserve.pwa] reported as REPLACED, but missing application info. Assuming REMOVED.
2026-02-01 02:56:29.458  4166-4196  Finsky                  com.android.vending                  I  [62] Completed 0 account content syncs with 0 successful.
2026-02-01 02:56:29.458  4166-4166  Finsky                  com.android.vending                  I  [2] [ContentSync] Installation state replication succeeded.
2026-02-01 02:56:29.458  4166-4166  Finsky                  com.android.vending                  I  [2] SCH: jobFinished: 12-1. TimeElapsed: 15ms.
2026-02-01 02:56:29.459  4166-4166  Finsky                  com.android.vending                  I  [2] WM::SCH: Logging work end for 12-1
2026-02-01 02:56:29.466  4166-4192  Finsky                  com.android.vending                  I  [58] SCH: Scheduling phonesky job Id: 1-1337, CT: 1769899929082, Constraints: [{ L: 43184209, D: 86384209, C: CHARGING_NONE, I: IDLE_NONE, N: NET_ANY, B: BATTERY_ANY }]
2026-02-01 02:56:29.473  4166-4201  Finsky                  com.android.vending                  I  [67] SCH: Scheduling 1 system job(s)
2026-02-01 02:56:29.473  4166-4201  Finsky                  com.android.vending                  I  [67] SCH: Scheduling system job Id: 9256, L: 39323818, D: 82523818, C: false, I: false, N: 1
2026-02-01 02:56:29.477  4166-27962 Finsky                  com.android.vending                  I  [888] SCH: job service finished with id 9253.
2026-02-01 02:56:29.479  4166-4166  Finsky                  com.android.vending                  I  [2] Memory trim requested to level 40
2026-02-01 02:56:29.479  4166-4166  Finsky                  com.android.vending                  I  [2] Flushing in-memory image cache
2026-02-01 02:56:29.480  2528-2528  Finsky:background       com.android.vending:background       I  [2] Memory trim requested to level 40
2026-02-01 02:56:29.508   639-1763  FileUtils               system_server                        D  Rounded bytes from 2070470656 to 4000000000
2026-02-01 02:56:29.511  2551-9627  libc                    com.google.android.gms.unstable      W  Access denied finding property "persist.adb.tls_server.enable"
2026-02-01 02:56:29.511  2551-9627  libc                    com.google.android.gms.unstable      W  Access denied finding property "service.adb.tls.port"
2026-02-01 02:56:29.508  2551-2551  binder:2551_F           com.google.android.gms.unstable      W  type=1400 audit(0.0:49689): avc:  denied  { read } for  name="u:object_r:system_adbd_prop:s0" dev="tmpfs" ino=326 scontext=u:r:gmscore_app:s0:c512,c768 tcontext=u:object_r:system_adbd_prop:s0 tclass=file permissive=0 app=com.google.android.gms
2026-02-01 02:56:29.508  2551-2551  binder:2551_F           com.google.android.gms.unstable      W  type=1400 audit(0.0:49690): avc:  denied  { read } for  name="u:object_r:adbd_prop:s0" dev="tmpfs" ino=50 scontext=u:r:gmscore_app:s0:c512,c768 tcontext=u:object_r:adbd_prop:s0 tclass=file permissive=0 app=com.google.android.gms
2026-02-01 02:56:29.515  1322-1668  GmsUrlRequestImpl       com.google.android.gms.persistent    W  Content-Type header is overwritten.
2026-02-01 02:56:31.329 27844-27844 Capacitor/Console       com.torserve.pwa                     W  File: https://localhost/assets/index-DsqkLFnW.js - Line 36 - Msg: Mixed Content: The page at 'https://localhost/' was loaded over HTTPS, but requested an insecure resource 'http://192.168.1.70:3000/api/status'. This content should also be served over HTTPS.
2026-02-01 02:56:31.342 27844-27844 Capacitor/Console       com.torserve.pwa                     I  File: https://localhost/assets/index-DsqkLFnW.js - Line 9 - Msg: [SpatialNav] Active Zone: settings -> settings
2026-02-01 02:56:32.435  1322-27841 AlarmManager            com.google.android.gms.persistent    I  setExactAndAllowWhileIdle [name: GCM_HB_ALARM type: 2 triggerAtMillis: 43127982]
2026-02-01 02:56:32.439  1322-27841 AlarmManager            com.google.android.gms.persistent    I  setExactAndAllowWhileIdle [name: GCM_HB_ALARM type: 2 triggerAtMillis: 43127985]
2026-02-01 02:56:32.589  1322-1668  GLSUser                 com.google.android.gms.persistent    W  [AppCertManager] Exception while requesting key:  (Ask Gemini)
                                                                                                    java.util.concurrent.ExecutionException: armw: Parse Proto Exception with response code 400
                                                                                                    	at cfji.s(:com.google.android.gms@250834119@25.08.34 (180406-739221510):21)
                                                                                                    	at cfji.get(:com.google.android.gms@250834119@25.08.34 (180406-739221510):10)
                                                                                                    	at upy.b(:com.google.android.gms@250834119@25.08.34 (180406-739221510):454)
                                                                                                    	at upw.a(:com.google.android.gms@250834119@25.08.34 (180406-739221510):69)
                                                                                                    	at upw.fM(:com.google.android.gms@250834119@25.08.34 (180406-739221510):16)
                                                                                                    	at ksz.onTransact(:com.google.android.gms@250834119@25.08.34 (180406-739221510):97)
                                                                                                    	at android.os.Binder.transact(Binder.java:1273)
                                                                                                    	at akpt.onTransact(:com.google.android.gms@250834119@25.08.34 (180406-739221510):10)
                                                                                                    	at android.os.Binder.transact(Binder.java:1273)
                                                                                                    	at aglo.onTransact(:com.google.android.gms@250834119@25.08.34 (180406-739221510):148)
                                                                                                    	at android.os.Binder.execTransactInternal(Binder.java:1421)
                                                                                                    	at android.os.Binder.execTransact(Binder.java:1365)
                                                                                                    Caused by: armw: Parse Proto Exception with response code 400
                                                                                                    	at arnx.c(:com.google.android.gms@250834119@25.08.34 (180406-739221510):80)
                                                                                                    	at arqd.f(:com.google.android.gms@250834119@25.08.34 (180406-739221510):18)
                                                                                                    	at arqr.onSucceeded(:com.google.android.gms@250834119@25.08.34 (180406-739221510):7)
                                                                                                    	at m.li.onSucceeded(:com.google.android.gms.dynamite_cronetdynamite@250834119@25.08.34 (180406-0):3)
                                                                                                    	at m.kg.run(:com.google.android.gms.dynamite_cronetdynamite@250834119@25.08.34 (180406-0):25)
                                                                                                    	at m.ka.run(:com.google.android.gms.dynamite_cronetdynamite@250834119@25.08.34 (180406-0):31)
                                                                                                    	at abln.c(:com.google.android.gms@250834119@25.08.34 (180406-739221510):50)
                                                                                                    	at abln.run(:com.google.android.gms@250834119@25.08.34 (180406-739221510):76)
                                                                                                    	at java.util.concurrent.ThreadPoolExecutor.runWorker(ThreadPoolExecutor.java:1156)
                                                                                                    	at java.util.concurrent.ThreadPoolExecutor$Worker.run(ThreadPoolExecutor.java:651)
                                                                                                    	at abqv.run(:com.google.android.gms@250834119@25.08.34 (180406-739221510):8)
                                                                                                    	at java.lang.Thread.run(Thread.java:1119)
                                                                                                    Caused by: cpoc: Protocol message contained an invalid tag (zero).
                                                                                                    	at cpll.k(:com.google.android.gms@250834119@25.08.34 (180406-739221510):43)
                                                                                                    	at cppb.c(:com.google.android.gms@250834119@25.08.34 (180406-739221510):399)
                                                                                                    	at cppb.i(:com.google.android.gms@250834119@25.08.34 (180406-739221510):8)
                                                                                                    	at cpnl.y(:com.google.android.gms@250834119@25.08.34 (180406-739221510):23)
                                                                                                    	at cpng.f(:com.google.android.gms@250834119@25.08.34 (180406-739221510):3)
                                                                                                    	at cplh.d(:com.google.android.gms@250834119@25.08.34 (180406-739221510):1)
                                                                                                    	at cplh.c(:com.google.android.gms@250834119@25.08.34 (180406-739221510):3)
                                                                                                    	at cplh.n(:com.google.android.gms@250834119@25.08.34 (180406-739221510):1)
                                                                                                    	at arnx.g(:com.google.android.gms@250834119@25.08.34 (180406-739221510):69)
                                                                                                    	at arnx.c(:com.google.android.gms@250834119@25.08.34 (180406-739221510):11)
                                                                                                    	... 11 more
2026-02-01 02:56:32.589  1322-1668  GLSUser                 com.google.android.gms.persistent    W  [DeviceKeyStore] Cannot load key: Device key file not found.
2026-02-01 02:56:32.592  1527-2225  czrn                    com.google.android.gms               E  *~*~*~ Previous channel {0} was garbage collected without being shut down! ~*~*~* (Ask Gemini)
                                                                                                        Make sure to call shutdown()/shutdownNow()
                                                                                                    java.lang.RuntimeException: ManagedChannel allocation site
                                                                                                    	at czrm.<init>(:com.google.android.gms@250834119@25.08.34 (180406-739221510):21)
                                                                                                    	at czrn.<init>(:com.google.android.gms@250834119@25.08.34 (180406-739221510):10)
                                                                                                    	at czrl.a(:com.google.android.gms@250834119@25.08.34 (180406-739221510):260)
                                                                                                    	at czez.a(:com.google.android.gms@250834119@25.08.34 (180406-739221510):5)
                                                                                                    	at asdg.f(:com.google.android.gms@250834119@25.08.34 (180406-739221510):81)
                                                                                                    	at chxy.a(:com.google.android.gms@250834119@25.08.34 (180406-739221510):219)
                                                                                                    	at cbeg.a(:com.google.android.gms@250834119@25.08.34 (180406-739221510):13)
                                                                                                    	at cfnc.a(:com.google.android.gms@250834119@25.08.34 (180406-739221510):3)
                                                                                                    	at cfmd.run(:com.google.android.gms@250834119@25.08.34 (180406-739221510):19)
                                                                                                    	at cfne.run(:com.google.android.gms@250834119@25.08.34 (180406-739221510):5)
                                                                                                    	at abln.c(:com.google.android.gms@250834119@25.08.34 (180406-739221510):50)
                                                                                                    	at abln.run(:com.google.android.gms@250834119@25.08.34 (180406-739221510):76)
                                                                                                    	at java.util.concurrent.ThreadPoolExecutor.runWorker(ThreadPoolExecutor.java:1156)
                                                                                                    	at java.util.concurrent.ThreadPoolExecutor$Worker.run(ThreadPoolExecutor.java:651)
                                                                                                    	at abqv.run(:com.google.android.gms@250834119@25.08.34 (180406-739221510):8)
                                                                                                    	at java.lang.Thread.run(Thread.java:1119)
2026-02-01 02:56:36.328 27844-27844 Capacitor/Console       com.torserve.pwa                     W  File: https://localhost/assets/index-DsqkLFnW.js - Line 36 - Msg: Mixed Content: The page at 'https://localhost/' was loaded over HTTPS, but requested an insecure resource 'http://192.168.1.70:3000/api/status'. This content should also be served over HTTPS.
2026-02-01 02:56:36.342 27844-27844 Capacitor/Console       com.torserve.pwa                     I  File: https://localhost/assets/index-DsqkLFnW.js - Line 9 - Msg: [SpatialNav] Active Zone: settings -> settings
2026-02-01 02:56:36.902  1527-3101  cn_CronetU...estContext com.google.android.gms               I  destroyNativeStreamLocked org.chromium.net.impl.CronetBidirectionalStream@4000729
2026-02-01 02:56:36.906  1527-1649  NotificationsModuleTask com.google.android.gms               I  Registering accounts to Chime Failed & Rescheduled for later. [CONTEXT service_id=358 ]
2026-02-01 02:56:36.909  1527-1527  BoundBrokerSvc          com.google.android.gms               D  onUnbind: Intent { act=com.google.android.gms.notifications.registration.service.NotificationsRegistrationTaskBoundService.ACTION_TASK_READY dat=chimera-action:/... xflg=0x4 cmp=com.google.android.gms/.chimera.GmsInternalBoundBrokerService }
2026-02-01 02:56:36.909  1322-27973 NetworkScheduler.Stats  com.google.android.gms.persistent    I  (REDACTED) Task %s/%s finished executing. cause:%s result: %s elapsed_millis: %s uptime_millis: %s exec_start_elapsed_seconds: %s
2026-02-01 02:56:36.927  1322-27241 NetworkScheduler.Stats  com.google.android.gms.persistent    I  (REDACTED) Task %s/%s started execution. cause:%s exec_start_elapsed_seconds: %s
2026-02-01 02:56:36.930  1322-27241 NetworkScheduler.Stats  com.google.android.gms.persistent    I  (REDACTED) Task %s/%s finished executing. cause:%s result: %s elapsed_millis: %s uptime_millis: %s exec_start_elapsed_seconds: %s
2026-02-01 02:56:39.507   639-731   ActivityManager         system_server                        D  freezing 4166 com.android.vending
2026-02-01 02:56:39.509   639-731   ActivityManager         system_server                        D  freezing 2528 com.android.vending:background
2026-02-01 02:56:39.550   639-948   InetDiagMessage         system_server                        D  Destroyed 0 sockets, proto=IPPROTO_TCP, family=AF_INET, states=14
2026-02-01 02:56:39.551   639-948   InetDiagMessage         system_server                        D  Destroyed 0 sockets, proto=IPPROTO_TCP, family=AF_INET6, states=14
2026-02-01 02:56:39.551   639-948   InetDiagMessage         system_server                        D  Destroyed live tcp sockets for uids={10054} in 0ms
2026-02-01 02:56:41.329 27844-27844 Capacitor/Console       com.torserve.pwa                     W  File: https://localhost/assets/index-DsqkLFnW.js - Line 36 - Msg: Mixed Content: The page at 'https://localhost/' was loaded over HTTPS, but requested an insecure resource 'http://192.168.1.70:3000/api/status'. This content should also be served over HTTPS.
2026-02-01 02:56:41.347 27844-27844 Capacitor/Console       com.torserve.pwa                     I  File: https://localhost/assets/index-DsqkLFnW.js - Line 9 - Msg: [SpatialNav] Active Zone: settings -> settings
2026-02-01 02:56:41.923   639-948   InetDiagMessage         system_server                        D  Destroyed 0 sockets, proto=IPPROTO_TCP, family=AF_INET, states=14
2026-02-01 02:56:41.924   639-948   InetDiagMessage         system_server                        D  Destroyed 0 sockets, proto=IPPROTO_TCP, family=AF_INET6, states=14
2026-02-01 02:56:41.924   639-948   InetDiagMessage         system_server                        D  Destroyed live tcp sockets for uids={10089} in 1ms
2026-02-01 02:56:41.924   639-948   InetDiagMessage         system_server                        D  Destroyed 0 sockets, proto=IPPROTO_TCP, family=AF_INET, states=14
2026-02-01 02:56:41.924   639-948   InetDiagMessage         system_server                        D  Destroyed 0 sockets, proto=IPPROTO_TCP, family=AF_INET6, states=14
2026-02-01 02:56:41.924   639-948   InetDiagMessage         system_server                        D  Destroyed live tcp sockets for uids={20089} in 0ms
2026-02-01 02:56:43.681   639-731   ActivityManager         system_server                        D  freezing 1460 com.android.keychain
2026-02-01 02:56:43.682   639-731   ActivityManager         system_server                        D  freezing 8184 system:ui
2026-02-01 02:56:43.683   639-731   ActivityManager         system_server                        D  freezing 1187 com.android.tv.settings
2026-02-01 02:56:43.683   639-731   ActivityManager         system_server                        D  freezing 2751 com.android.localtransport
2026-02-01 02:56:43.684   639-731   ActivityManager         system_server                        D  freezing 2119 com.android.dynsystem:dynsystem
2026-02-01 02:56:43.685   639-731   ActivityManager         system_server                        D  freezing 2096 com.android.dynsystem
2026-02-01 02:56:44.469  1527-1527  BoundBrokerSvc          com.google.android.gms               D  onUnbind: Intent { act=com.google.android.gms.auth.service.START xflg=0x4 pkg=com.google.android.gms }
2026-02-01 02:56:44.533   639-731   ActivityManager         system_server                        D  freezing 2551 com.google.android.gms.unstable
2026-02-01 02:56:46.327 27844-27844 Capacitor/Console       com.torserve.pwa                     W  File: https://localhost/assets/index-DsqkLFnW.js - Line 36 - Msg: Mixed Content: The page at 'https://localhost/' was loaded over HTTPS, but requested an insecure resource 'http://192.168.1.70:3000/api/status'. This content should also be served over HTTPS.
2026-02-01 02:56:46.344 27844-27844 Capacitor/Console       com.torserve.pwa                     I  File: https://localhost/assets/index-DsqkLFnW.js - Line 9 - Msg: [SpatialNav] Active Zone: settings -> settings
2026-02-01 02:56:49.479   639-948   InetDiagMessage         system_server                        D  Destroyed 0 sockets, proto=IPPROTO_TCP, family=AF_INET, states=14
2026-02-01 02:56:49.479   639-948   InetDiagMessage         system_server                        D  Destroyed 0 sockets, proto=IPPROTO_TCP, family=AF_INET6, states=14
2026-02-01 02:56:49.479   639-948   InetDiagMessage         system_server                        D  Destroyed live tcp sockets for uids={10089} in 1ms
2026-02-01 02:56:49.480   639-948   InetDiagMessage         system_server                        D  Destroyed 0 sockets, proto=IPPROTO_TCP, family=AF_INET, states=14
2026-02-01 02:56:49.480   639-948   InetDiagMessage         system_server                        D  Destroyed 0 sockets, proto=IPPROTO_TCP, family=AF_INET6, states=14
2026-02-01 02:56:49.480   639-948   InetDiagMessage         system_server                        D  Destroyed live tcp sockets for uids={20089} in 1ms
2026-02-01 02:56:51.331 27844-27844 Capacitor/Console       com.torserve.pwa                     W  File: https://localhost/assets/index-DsqkLFnW.js - Line 36 - Msg: Mixed Content: The page at 'https://localhost/' was loaded over HTTPS, but requested an insecure resource 'http://192.168.1.70:3000/api/status'. This content should also be served over HTTPS.
2026-02-01 02:56:51.345 27844-27844 Capacitor/Console       com.torserve.pwa                     I  File: https://localhost/assets/index-DsqkLFnW.js - Line 9 - Msg: [SpatialNav] Active Zone: settings -> settings
2026-02-01 02:56:54.516   639-731   ActivityManager         system_server                        D  freezing 1527 com.google.android.gms
2026-02-01 02:56:54.518   639-731   ActivityManager         system_server                        D  freezing 2197 com.google.android.adservices.api
2026-02-01 02:56:54.587   639-948   InetDiagMessage         system_server                        D  Destroyed 0 sockets, proto=IPPROTO_TCP, family=AF_INET, states=14
2026-02-01 02:56:54.587   639-948   InetDiagMessage         system_server                        D  Destroyed 0 sockets, proto=IPPROTO_TCP, family=AF_INET6, states=14
2026-02-01 02:56:54.587   639-948   InetDiagMessage         system_server                        D  Destroyed live tcp sockets for uids={10089} in 1ms
2026-02-01 02:56:55.939  1322-27241 GmsThreadNetwork        com.google.android.gms.persistent    I  (REDACTED) [ThreadNetworkAgent] threadEnabled=%b, internetReady=%b
2026-02-01 02:56:55.940  1322-27241 GmsThreadNetwork        com.google.android.gms.persistent    I  [ThreadNetworkAgent] Thread network sync starting [CONTEXT service_id=305 ]
2026-02-01 02:56:55.940  1322-27241 GmsThreadNetwork        com.google.android.gms.persistent    I  [ThreadNetworkAgent] Checking cast auth registration status [CONTEXT service_id=305 ]
2026-02-01 02:56:55.976   639-1763  ActivityManager         system_server                        D  sync unfroze 1527 com.google.android.gms for 6
2026-02-01 02:56:55.977   639-1763  ActivityManager         system_server                        D  sync unfroze 2197 com.google.android.adservices.api for 6
2026-02-01 02:56:55.986  1527-1527  BoundBrokerSvc          com.google.android.gms               D  onBind: Intent { act=com.google.android.gms.castauth.service.START dat=chimera-action:/... xflg=0x4 cmp=com.google.android.gms/.chimera.GmsDirectBootAwareApiService }
2026-02-01 02:56:55.986  1527-1527  BoundBrokerSvc          com.google.android.gms               D  Loading bound service for intent: Intent { act=com.google.android.gms.castauth.service.START dat=chimera-action:/... xflg=0x4 cmp=com.google.android.gms/.chimera.GmsDirectBootAwareApiService }
2026-02-01 02:56:55.991   639-1763  ProcessStats            system_server                        W  Tracking association SourceState{8930a87 com.google.android.gms/10053 Fgs #14263} whose proc state 3 is better than process ProcessState{df7d53f com.google.android.adservices.api/10089 pkg=com.google.android.adservices.api} proc state 14 (3 skipped)
2026-02-01 02:56:55.994  1527-4739  CastAuth                com.google.android.gms               I  [CastAuthAllUserChimeraService] CastAuthAllUserChimeraService starts... [CONTEXT service_id=360 ]
2026-02-01 02:56:55.994  1527-4739  CastAuth                com.google.android.gms               E  [CastAuthAllUserChimeraService] Feature is not available, reason = CastAuth feature is disabled on this 1p device.. [CONTEXT service_id=360 ]
2026-02-01 02:56:55.996  1322-27973 GmsThreadNetwork        com.google.android.gms.persistent    W  [ThreadNetworkAgent] Failed to do network sync, waiting for CastAuth registration [CONTEXT service_id=305 ] (Ask Gemini)
                                                                                                    m.mg: 17: API: CastAuth.API is not available on this device. Connection failed with: kr{statusCode=API_UNAVAILABLE, resolution=null, message=null}
                                                                                                    	at m.qk.a(:com.google.android.gms.optional_threadnetwork@250834234@25.08.34 (180006-0):13)
                                                                                                    	at m.ng.c(:com.google.android.gms.optional_threadnetwork@250834234@25.08.34 (180006-0):3)
                                                                                                    	at m.oi.t(:com.google.android.gms.optional_threadnetwork@250834234@25.08.34 (180006-0):48)
                                                                                                    	at m.oi.f(:com.google.android.gms.optional_threadnetwork@250834234@25.08.34 (180006-0):10)
                                                                                                    	at m.oi.j(:com.google.android.gms.optional_threadnetwork@250834234@25.08.34 (180006-0):184)
                                                                                                    	at m.oi.i(:com.google.android.gms.optional_threadnetwork@250834234@25.08.34 (180006-0):2)
                                                                                                    	at m.rh.a(:com.google.android.gms.optional_threadnetwork@250834234@25.08.34 (180006-0):3)
                                                                                                    	at m.qs.a(:com.google.android.gms.optional_threadnetwork@250834234@25.08.34 (180006-0):7)
                                                                                                    	at m.ql.d(:com.google.android.gms.optional_threadnetwork@250834234@25.08.34 (180006-0):81)
                                                                                                    	at m.qm.handleMessage(:com.google.android.gms.optional_threadnetwork@250834234@25.08.34 (180006-0):280)
                                                                                                    	at android.os.Handler.dispatchMessage(Handler.java:110)
                                                                                                    	at m.fke.dispatchMessage(:com.google.android.gms.optional_threadnetwork@250834234@25.08.34 (180006-0):138)
                                                                                                    	at android.os.Looper.loopOnce(Looper.java:248)
                                                                                                    	at android.os.Looper.loop(Looper.java:338)
                                                                                                    	at android.os.HandlerThread.run(HandlerThread.java:85)
2026-02-01 02:56:55.997  1322-27973 GmsThreadNetwork        com.google.android.gms.persistent    I  (REDACTED) [ThreadNetworkAgent] Schedule retry network sync on failure in %d ms
2026-02-01 02:56:55.997  1322-27973 GmsThreadNetwork        com.google.android.gms.persistent    I  (REDACTED) [ThreadNetworkAgent] Network sync completed: %s
2026-02-01 02:56:55.997  1527-4739  CastAuth                com.google.android.gms               I  [CastAuthAllUserChimeraService] CastAuthAllUserChimeraService starts... [CONTEXT service_id=360 ]
2026-02-01 02:56:55.998  1527-4739  CastAuth                com.google.android.gms               E  [CastAuthAllUserChimeraService] Feature is not available, reason = CastAuth feature is disabled on this 1p device.. [CONTEXT service_id=360 ]
2026-02-01 02:56:56.329 27844-27844 Capacitor/Console       com.torserve.pwa                     W  File: https://localhost/assets/index-DsqkLFnW.js - Line 36 - Msg: Mixed Content: The page at 'https://localhost/' was loaded over HTTPS, but requested an insecure resource 'http://192.168.1.70:3000/api/status'. This content should also be served over HTTPS.
2026-02-01 02:56:56.349 27844-27844 Capacitor/Console       com.torserve.pwa                     I  File: https://localhost/assets/index-DsqkLFnW.js - Line 9 - Msg: [SpatialNav] Active Zone: settings -> settings
2026-02-01 02:57:01.002  1527-1527  BoundBrokerSvc          com.google.android.gms               D  onUnbind: Intent { act=com.google.android.gms.castauth.service.START dat=chimera-action:/... xflg=0x4 cmp=com.google.android.gms/.chimera.GmsDirectBootAwareApiService }
2026-02-01 02:57:01.328 27844-27844 Capacitor/Console       com.torserve.pwa                     W  File: https://localhost/assets/index-DsqkLFnW.js - Line 36 - Msg: Mixed Content: The page at 'https://localhost/' was loaded over HTTPS, but requested an insecure resource 'http://192.168.1.70:3000/api/status'. This content should also be served over HTTPS.
2026-02-01 02:57:01.345 27844-27844 Capacitor/Console       com.torserve.pwa                     I  File: https://localhost/assets/index-DsqkLFnW.js - Line 9 - Msg: [SpatialNav] Active Zone: settings -> settings
2026-02-01 02:57:04.139  1527-1527  BoundBrokerSvc          com.google.android.gms               D  onUnbind: Intent { act=com.google.android.gms.common.BIND_SHARED_PREFS xflg=0x4 pkg=com.google.android.gms }
2026-02-01 02:57:04.914  2178-2178  cast_shell              com.google.android.apps.mediashell   I  [0201/025704.914658:INFO:grpc_manager_impl.cc(881)] GRPC[uri=localhost:10042]: num_pending_calls=0, num_active_handlers=1, num_free_handlers=0
2026-02-01 02:57:04.914  2178-2178  cast_shell              com.google.android.apps.mediashell   I  [0201/025704.914979:INFO:grpc_manager_impl.cc(881)] GRPC[uri=localhost:10042]: num_pending_calls=0, num_active_handlers=1, num_free_handlers=0
2026-02-01 02:57:04.915  2178-2178  cast_shell              com.google.android.apps.mediashell   I  [0201/025704.915004:INFO:grpc_manager_impl.cc(881)] GRPC[uri=]: num_pending_calls=0, num_active_handlers=0, num_free_handlers=0
2026-02-01 02:57:04.915  2178-2178  cast_shell              com.google.android.apps.mediashell   I  [0201/025704.915043:INFO:grpc_manager_impl.cc(881)] GRPC[uri=]: num_pending_calls=0, num_active_handlers=0, num_free_handlers=0
2026-02-01 02:57:04.915  2178-2178  cast_shell              com.google.android.apps.mediashell   I  [0201/025704.915059:INFO:grpc_manager_impl.cc(881)] GRPC[uri=[::]:0]: num_pending_calls=0, num_active_handlers=4, num_free_handlers=0
2026-02-01 02:57:06.054  2178-2178  cast_shell              com.google.android.apps.mediashell   I  [0201/025706.053978:INFO:service_base.h(78)] Size of the map for type AuthTokenResponse is 0
2026-02-01 02:57:06.054  2178-2178  cast_shell              com.google.android.apps.mediashell   I  [0201/025706.054106:INFO:service_base.h(246)] Container sizes for type CloudSetting are (session_info_map: 0), (topic_info_map: 21), (pending_events: 0).
2026-02-01 02:57:06.054  2178-2178  cast_shell              com.google.android.apps.mediashell   I  [0201/025706.054128:INFO:metrics_stat_logger.cc(38)] Metrics stat for the past 60 secs : total=0
2026-02-01 02:57:06.327 27844-27844 Capacitor/Console       com.torserve.pwa                     W  File: https://localhost/assets/index-DsqkLFnW.js - Line 36 - Msg: Mixed Content: The page at 'https://localhost/' was loaded over HTTPS, but requested an insecure resource 'http://192.168.1.70:3000/api/status'. This content should also be served over HTTPS.
2026-02-01 02:57:06.339 27844-27844 Capacitor/Console       com.torserve.pwa                     I  File: https://localhost/assets/index-DsqkLFnW.js - Line 9 - Msg: [SpatialNav] Active Zone: settings -> settings
2026-02-01 02:57:08.342  1028-1111  QuickAccessWalletTile   com.android.systemui                 I  QAW service is unavailable, recreating the wallet client.
2026-02-01 02:57:09.145   639-948   InetDiagMessage         system_server                        D  Destroyed 0 sockets, proto=IPPROTO_TCP, family=AF_INET, states=14
2026-02-01 02:57:09.145   639-948   InetDiagMessage         system_server                        D  Destroyed 0 sockets, proto=IPPROTO_TCP, family=AF_INET6, states=14
2026-02-01 02:57:09.145   639-948   InetDiagMessage         system_server                        D  Destroyed live tcp sockets for uids={10089} in 1ms
2026-02-01 02:57:09.146   639-948   InetDiagMessage         system_server                        D  Destroyed 0 sockets, proto=IPPROTO_TCP, family=AF_INET, states=14
2026-02-01 02:57:09.146   639-948   InetDiagMessage         system_server                        D  Destroyed 0 sockets, proto=IPPROTO_TCP, family=AF_INET6, states=14
2026-02-01 02:57:09.146   639-948   InetDiagMessage         system_server                        D  Destroyed live tcp sockets for uids={20089} in 1ms
2026-02-01 02:57:10.444  1333-1822  PhenotypeProcessReaper  com...gle.android.inputmethod.latin  I  Memory state is: 200
2026-02-01 02:57:11.331 27844-27844 Capacitor/Console       com.torserve.pwa                     W  File: https://localhost/assets/index-DsqkLFnW.js - Line 36 - Msg: Mixed Content: The page at 'https://localhost/' was loaded over HTTPS, but requested an insecure resource 'http://192.168.1.70:3000/api/status'. This content should also be served over HTTPS.
